Archive member included to satisfy reference by file (symbol)

c:/program files/microchip/xc8/v2.41/avr/bin/../lib/gcc/avr/5.4.0/avr5/memx-const\libgcc.a(_mulsi3.o)
                              build/default/debug/application.o (__mulsi3)
c:/program files/microchip/xc8/v2.41/avr/bin/../lib/gcc/avr/5.4.0/avr5/memx-const\libgcc.a(_udivmodsi4.o)
                              build/default/debug/HAL_Layer/LCD/hal_lcd.o (__udivmodsi4)
c:/program files/microchip/xc8/v2.41/avr/bin/../lib/gcc/avr/5.4.0/avr5/memx-const\libgcc.a(_tablejump2.o)
                              build/default/debug/application.o (__tablejump2__)
c:/program files/microchip/xc8/v2.41/avr/bin/../lib/gcc/avr/5.4.0/avr5/memx-const\libgcc.a(_copy_data.o)
                              build/default/debug/MCAL_Layer/DIO/mcal_dio.o (__do_copy_data)
c:/program files/microchip/xc8/v2.41/avr/bin/../lib/gcc/avr/5.4.0/avr5/memx-const\libgcc.a(_muluhisi3.o)
                              c:/program files/microchip/xc8/v2.41/avr/bin/../lib/gcc/avr/5.4.0/avr5/memx-const\libgcc.a(_mulsi3.o) (__muluhisi3)
c:/program files/microchip/xc8/v2.41/avr/bin/../lib/gcc/avr/5.4.0/avr5/memx-const\libgcc.a(_movmemx.o)
                              build/default/debug/application.o (__movmemx_qi)
c:/program files/microchip/xc8/v2.41/avr/bin/../lib/gcc/avr/5.4.0/avr5/memx-const\libgcc.a(_umulhisi3.o)
                              c:/program files/microchip/xc8/v2.41/avr/bin/../lib/gcc/avr/5.4.0/avr5/memx-const\libgcc.a(_muluhisi3.o) (__umulhisi3)
c:/program files/microchip/xc8/v2.41/avr/bin/../lib/gcc/avr/5.4.0/../../../../avr/lib/avr5/memx-const\libc.a(exit.o)
                              C:/Program Files/Microchip/MPLABX/v6.10/packs/Microchip/ATmega_DFP/3.0.158/xc8/avr/lib/avr5/memx-const/crtatmega32.o (exit)
c:/program files/microchip/xc8/v2.41/avr/bin/../lib/gcc/avr/5.4.0/../../../../avr/lib/avr5/memx-const\libc.a(_Exit.o)
                              c:/program files/microchip/xc8/v2.41/avr/bin/../lib/gcc/avr/5.4.0/../../../../avr/lib/avr5/memx-const\libc.a(exit.o) (_Exit)
c:/program files/microchip/xc8/v2.41/avr/bin/../lib/gcc/avr/5.4.0/avr5/memx-const\libgcc.a(_exit.o)
                              c:/program files/microchip/xc8/v2.41/avr/bin/../lib/gcc/avr/5.4.0/../../../../avr/lib/avr5/memx-const\libc.a(_Exit.o) (_exit)

Discarded input sections

 .data          0x0000000000000000        0x0 C:/Program Files/Microchip/MPLABX/v6.10/packs/Microchip/ATmega_DFP/3.0.158/xc8/avr/lib/avr5/memx-const/crtatmega32.o
 .bss           0x0000000000000000        0x0 C:/Program Files/Microchip/MPLABX/v6.10/packs/Microchip/ATmega_DFP/3.0.158/xc8/avr/lib/avr5/memx-const/crtatmega32.o
 .text          0x0000000000000000        0x0 build/default/debug/HAL_Layer/7_Segment/hal_seven_segment.o
 .data          0x0000000000000000        0x0 build/default/debug/HAL_Layer/7_Segment/hal_seven_segment.o
 .bss           0x0000000000000000        0x0 build/default/debug/HAL_Layer/7_Segment/hal_seven_segment.o
 .text.hal_seven_segement_write_one_digit
                0x0000000000000000       0xc2 build/default/debug/HAL_Layer/7_Segment/hal_seven_segment.o
 .text.hal_seven_segement_write_two_digit
                0x0000000000000000      0x1e2 build/default/debug/HAL_Layer/7_Segment/hal_seven_segment.o
 .text.hal_seven_segement_write_three_digit
                0x0000000000000000       0xc2 build/default/debug/HAL_Layer/7_Segment/hal_seven_segment.o
 .text.hal_seven_segement_write_four_digit
                0x0000000000000000       0xc2 build/default/debug/HAL_Layer/7_Segment/hal_seven_segment.o
 .text          0x0000000000000000        0x0 build/default/debug/HAL_Layer/button/hal_button.o
 .data          0x0000000000000000        0x0 build/default/debug/HAL_Layer/button/hal_button.o
 .bss           0x0000000000000000        0x0 build/default/debug/HAL_Layer/button/hal_button.o
 .text.hal_button_initialize
                0x0000000000000000       0x12 build/default/debug/HAL_Layer/button/hal_button.o
 .text.hal_button_read_state
                0x0000000000000000       0x90 build/default/debug/HAL_Layer/button/hal_button.o
 .debug_info    0x0000000000000000      0x586 build/default/debug/HAL_Layer/button/hal_button.o
 .debug_abbrev  0x0000000000000000      0x104 build/default/debug/HAL_Layer/button/hal_button.o
 .debug_loc     0x0000000000000000      0x150 build/default/debug/HAL_Layer/button/hal_button.o
 .debug_aranges
                0x0000000000000000       0x28 build/default/debug/HAL_Layer/button/hal_button.o
 .debug_ranges  0x0000000000000000       0x18 build/default/debug/HAL_Layer/button/hal_button.o
 .debug_line    0x0000000000000000      0x15a build/default/debug/HAL_Layer/button/hal_button.o
 .debug_str     0x0000000000000000       0x2f build/default/debug/HAL_Layer/button/hal_button.o
 .comment       0x0000000000000000       0x30 build/default/debug/HAL_Layer/button/hal_button.o
 .debug_frame   0x0000000000000000       0x60 build/default/debug/HAL_Layer/button/hal_button.o
 .text          0x0000000000000000        0x0 build/default/debug/HAL_Layer/keypad/hal_keypad.o
 .data          0x0000000000000000        0x0 build/default/debug/HAL_Layer/keypad/hal_keypad.o
 .bss           0x0000000000000000        0x0 build/default/debug/HAL_Layer/keypad/hal_keypad.o
 .text          0x0000000000000000        0x0 build/default/debug/HAL_Layer/LCD/hal_lcd.o
 .data          0x0000000000000000        0x0 build/default/debug/HAL_Layer/LCD/hal_lcd.o
 .bss           0x0000000000000000        0x0 build/default/debug/HAL_Layer/LCD/hal_lcd.o
 .text.lcd_4bit_send_char_data_pos
                0x0000000000000000       0x30 build/default/debug/HAL_Layer/LCD/hal_lcd.o
 .text.lcd_4bit_send_string
                0x0000000000000000       0x42 build/default/debug/HAL_Layer/LCD/hal_lcd.o
 .text.lcd_4bit_send_custom_char
                0x0000000000000000       0x96 build/default/debug/HAL_Layer/LCD/hal_lcd.o
 .text          0x0000000000000000        0x0 build/default/debug/HAL_Layer/LED/hal_led.o
 .data          0x0000000000000000        0x0 build/default/debug/HAL_Layer/LED/hal_led.o
 .bss           0x0000000000000000        0x0 build/default/debug/HAL_Layer/LED/hal_led.o
 .text.hal_led_turn_off
                0x0000000000000000       0x6c build/default/debug/HAL_Layer/LED/hal_led.o
 .text.hal_led_turn_toggle
                0x0000000000000000       0x6a build/default/debug/HAL_Layer/LED/hal_led.o
 .text          0x0000000000000000        0x0 build/default/debug/MCAL_Layer/DIO/mcal_dio.o
 .data          0x0000000000000000        0x0 build/default/debug/MCAL_Layer/DIO/mcal_dio.o
 .bss           0x0000000000000000        0x0 build/default/debug/MCAL_Layer/DIO/mcal_dio.o
 .text.dio_pin_get_direction_status
                0x0000000000000000       0x5a build/default/debug/MCAL_Layer/DIO/mcal_dio.o
 .text.dio_pin_toggle_logic
                0x0000000000000000       0x50 build/default/debug/MCAL_Layer/DIO/mcal_dio.o
 .text.dio_set_port_pull_up
                0x0000000000000000       0x22 build/default/debug/MCAL_Layer/DIO/mcal_dio.o
 .text.dio_port_direction_intialize
                0x0000000000000000       0x20 build/default/debug/MCAL_Layer/DIO/mcal_dio.o
 .text.dio_port_get_direction_status
                0x0000000000000000       0x2e build/default/debug/MCAL_Layer/DIO/mcal_dio.o
 .text.dio_port_write_logic
                0x0000000000000000       0x20 build/default/debug/MCAL_Layer/DIO/mcal_dio.o
 .text.dio_port_read_logic
                0x0000000000000000       0x2e build/default/debug/MCAL_Layer/DIO/mcal_dio.o
 .text.dio_port_toggle_logic
                0x0000000000000000       0x30 build/default/debug/MCAL_Layer/DIO/mcal_dio.o
 .text          0x0000000000000000        0x0 build/default/debug/application.o
 .data          0x0000000000000000        0x0 build/default/debug/application.o
 .bss           0x0000000000000000        0x0 build/default/debug/application.o
 .text.calculator_program_one_operation
                0x0000000000000000      0x17c build/default/debug/application.o
 .rodata        0x0000000000000000       0x58 build/default/debug/application.o
 .text.print_name_in_arabic
                0x0000000000000000      0x1dc build/default/debug/application.o
 .text.lcd_print_hamoksa
                0x0000000000000000      0x13c build/default/debug/application.o
 .progmemx.data
                0x0000000000000000       0x27 build/default/debug/application.o
 .text.lcd_print_story
                0x0000000000000000      0x190 build/default/debug/application.o
 .text          0x0000000000000000        0x0 c:/program files/microchip/xc8/v2.41/avr/bin/../lib/gcc/avr/5.4.0/avr5/memx-const\libgcc.a(_mulsi3.o)
 .data          0x0000000000000000        0x0 c:/program files/microchip/xc8/v2.41/avr/bin/../lib/gcc/avr/5.4.0/avr5/memx-const\libgcc.a(_mulsi3.o)
 .bss           0x0000000000000000        0x0 c:/program files/microchip/xc8/v2.41/avr/bin/../lib/gcc/avr/5.4.0/avr5/memx-const\libgcc.a(_mulsi3.o)
 .stack.descriptors
                0x0000000000000000       0x16 c:/program files/microchip/xc8/v2.41/avr/bin/../lib/gcc/avr/5.4.0/avr5/memx-const\libgcc.a(_mulsi3.o)
 .text.libgcc.div
                0x0000000000000000        0x0 c:/program files/microchip/xc8/v2.41/avr/bin/../lib/gcc/avr/5.4.0/avr5/memx-const\libgcc.a(_mulsi3.o)
 .text.libgcc   0x0000000000000000        0x0 c:/program files/microchip/xc8/v2.41/avr/bin/../lib/gcc/avr/5.4.0/avr5/memx-const\libgcc.a(_mulsi3.o)
 .text.libgcc.prologue
                0x0000000000000000        0x0 c:/program files/microchip/xc8/v2.41/avr/bin/../lib/gcc/avr/5.4.0/avr5/memx-const\libgcc.a(_mulsi3.o)
 .text.libgcc.builtins
                0x0000000000000000        0x0 c:/program files/microchip/xc8/v2.41/avr/bin/../lib/gcc/avr/5.4.0/avr5/memx-const\libgcc.a(_mulsi3.o)
 .text.libgcc.fmul
                0x0000000000000000        0x0 c:/program files/microchip/xc8/v2.41/avr/bin/../lib/gcc/avr/5.4.0/avr5/memx-const\libgcc.a(_mulsi3.o)
 .text.libgcc.fixed
                0x0000000000000000        0x0 c:/program files/microchip/xc8/v2.41/avr/bin/../lib/gcc/avr/5.4.0/avr5/memx-const\libgcc.a(_mulsi3.o)
 .text          0x0000000000000000        0x0 c:/program files/microchip/xc8/v2.41/avr/bin/../lib/gcc/avr/5.4.0/avr5/memx-const\libgcc.a(_udivmodsi4.o)
 .data          0x0000000000000000        0x0 c:/program files/microchip/xc8/v2.41/avr/bin/../lib/gcc/avr/5.4.0/avr5/memx-const\libgcc.a(_udivmodsi4.o)
 .bss           0x0000000000000000        0x0 c:/program files/microchip/xc8/v2.41/avr/bin/../lib/gcc/avr/5.4.0/avr5/memx-const\libgcc.a(_udivmodsi4.o)
 .text.libgcc.mul
                0x0000000000000000        0x0 c:/program files/microchip/xc8/v2.41/avr/bin/../lib/gcc/avr/5.4.0/avr5/memx-const\libgcc.a(_udivmodsi4.o)
 .stack.descriptors
                0x0000000000000000       0x1a c:/program files/microchip/xc8/v2.41/avr/bin/../lib/gcc/avr/5.4.0/avr5/memx-const\libgcc.a(_udivmodsi4.o)
 .text.libgcc   0x0000000000000000        0x0 c:/program files/microchip/xc8/v2.41/avr/bin/../lib/gcc/avr/5.4.0/avr5/memx-const\libgcc.a(_udivmodsi4.o)
 .text.libgcc.prologue
                0x0000000000000000        0x0 c:/program files/microchip/xc8/v2.41/avr/bin/../lib/gcc/avr/5.4.0/avr5/memx-const\libgcc.a(_udivmodsi4.o)
 .text.libgcc.builtins
                0x0000000000000000        0x0 c:/program files/microchip/xc8/v2.41/avr/bin/../lib/gcc/avr/5.4.0/avr5/memx-const\libgcc.a(_udivmodsi4.o)
 .text.libgcc.fmul
                0x0000000000000000        0x0 c:/program files/microchip/xc8/v2.41/avr/bin/../lib/gcc/avr/5.4.0/avr5/memx-const\libgcc.a(_udivmodsi4.o)
 .text.libgcc.fixed
                0x0000000000000000        0x0 c:/program files/microchip/xc8/v2.41/avr/bin/../lib/gcc/avr/5.4.0/avr5/memx-const\libgcc.a(_udivmodsi4.o)
 .text          0x0000000000000000        0x0 c:/program files/microchip/xc8/v2.41/avr/bin/../lib/gcc/avr/5.4.0/avr5/memx-const\libgcc.a(_tablejump2.o)
 .data          0x0000000000000000        0x0 c:/program files/microchip/xc8/v2.41/avr/bin/../lib/gcc/avr/5.4.0/avr5/memx-const\libgcc.a(_tablejump2.o)
 .bss           0x0000000000000000        0x0 c:/program files/microchip/xc8/v2.41/avr/bin/../lib/gcc/avr/5.4.0/avr5/memx-const\libgcc.a(_tablejump2.o)
 .text.libgcc.mul
                0x0000000000000000        0x0 c:/program files/microchip/xc8/v2.41/avr/bin/../lib/gcc/avr/5.4.0/avr5/memx-const\libgcc.a(_tablejump2.o)
 .text.libgcc.div
                0x0000000000000000        0x0 c:/program files/microchip/xc8/v2.41/avr/bin/../lib/gcc/avr/5.4.0/avr5/memx-const\libgcc.a(_tablejump2.o)
 .text.libgcc.prologue
                0x0000000000000000        0x0 c:/program files/microchip/xc8/v2.41/avr/bin/../lib/gcc/avr/5.4.0/avr5/memx-const\libgcc.a(_tablejump2.o)
 .stack.descriptors
                0x0000000000000000       0x1c c:/program files/microchip/xc8/v2.41/avr/bin/../lib/gcc/avr/5.4.0/avr5/memx-const\libgcc.a(_tablejump2.o)
 .text.libgcc.builtins
                0x0000000000000000        0x0 c:/program files/microchip/xc8/v2.41/avr/bin/../lib/gcc/avr/5.4.0/avr5/memx-const\libgcc.a(_tablejump2.o)
 .text.libgcc.fmul
                0x0000000000000000        0x0 c:/program files/microchip/xc8/v2.41/avr/bin/../lib/gcc/avr/5.4.0/avr5/memx-const\libgcc.a(_tablejump2.o)
 .text.libgcc.fixed
                0x0000000000000000        0x0 c:/program files/microchip/xc8/v2.41/avr/bin/../lib/gcc/avr/5.4.0/avr5/memx-const\libgcc.a(_tablejump2.o)
 .text          0x0000000000000000        0x0 c:/program files/microchip/xc8/v2.41/avr/bin/../lib/gcc/avr/5.4.0/avr5/memx-const\libgcc.a(_copy_data.o)
 .data          0x0000000000000000        0x0 c:/program files/microchip/xc8/v2.41/avr/bin/../lib/gcc/avr/5.4.0/avr5/memx-const\libgcc.a(_copy_data.o)
 .bss           0x0000000000000000        0x0 c:/program files/microchip/xc8/v2.41/avr/bin/../lib/gcc/avr/5.4.0/avr5/memx-const\libgcc.a(_copy_data.o)
 .text.libgcc.mul
                0x0000000000000000        0x0 c:/program files/microchip/xc8/v2.41/avr/bin/../lib/gcc/avr/5.4.0/avr5/memx-const\libgcc.a(_copy_data.o)
 .text.libgcc.div
                0x0000000000000000        0x0 c:/program files/microchip/xc8/v2.41/avr/bin/../lib/gcc/avr/5.4.0/avr5/memx-const\libgcc.a(_copy_data.o)
 .text.libgcc   0x0000000000000000        0x0 c:/program files/microchip/xc8/v2.41/avr/bin/../lib/gcc/avr/5.4.0/avr5/memx-const\libgcc.a(_copy_data.o)
 .text.libgcc.prologue
                0x0000000000000000        0x0 c:/program files/microchip/xc8/v2.41/avr/bin/../lib/gcc/avr/5.4.0/avr5/memx-const\libgcc.a(_copy_data.o)
 .text.libgcc.builtins
                0x0000000000000000        0x0 c:/program files/microchip/xc8/v2.41/avr/bin/../lib/gcc/avr/5.4.0/avr5/memx-const\libgcc.a(_copy_data.o)
 .text.libgcc.fmul
                0x0000000000000000        0x0 c:/program files/microchip/xc8/v2.41/avr/bin/../lib/gcc/avr/5.4.0/avr5/memx-const\libgcc.a(_copy_data.o)
 .text.libgcc.fixed
                0x0000000000000000        0x0 c:/program files/microchip/xc8/v2.41/avr/bin/../lib/gcc/avr/5.4.0/avr5/memx-const\libgcc.a(_copy_data.o)
 .text          0x0000000000000000        0x0 c:/program files/microchip/xc8/v2.41/avr/bin/../lib/gcc/avr/5.4.0/avr5/memx-const\libgcc.a(_muluhisi3.o)
 .data          0x0000000000000000        0x0 c:/program files/microchip/xc8/v2.41/avr/bin/../lib/gcc/avr/5.4.0/avr5/memx-const\libgcc.a(_muluhisi3.o)
 .bss           0x0000000000000000        0x0 c:/program files/microchip/xc8/v2.41/avr/bin/../lib/gcc/avr/5.4.0/avr5/memx-const\libgcc.a(_muluhisi3.o)
 .stack.descriptors
                0x0000000000000000       0x19 c:/program files/microchip/xc8/v2.41/avr/bin/../lib/gcc/avr/5.4.0/avr5/memx-const\libgcc.a(_muluhisi3.o)
 .text.libgcc.div
                0x0000000000000000        0x0 c:/program files/microchip/xc8/v2.41/avr/bin/../lib/gcc/avr/5.4.0/avr5/memx-const\libgcc.a(_muluhisi3.o)
 .text.libgcc   0x0000000000000000        0x0 c:/program files/microchip/xc8/v2.41/avr/bin/../lib/gcc/avr/5.4.0/avr5/memx-const\libgcc.a(_muluhisi3.o)
 .text.libgcc.prologue
                0x0000000000000000        0x0 c:/program files/microchip/xc8/v2.41/avr/bin/../lib/gcc/avr/5.4.0/avr5/memx-const\libgcc.a(_muluhisi3.o)
 .text.libgcc.builtins
                0x0000000000000000        0x0 c:/program files/microchip/xc8/v2.41/avr/bin/../lib/gcc/avr/5.4.0/avr5/memx-const\libgcc.a(_muluhisi3.o)
 .text.libgcc.fmul
                0x0000000000000000        0x0 c:/program files/microchip/xc8/v2.41/avr/bin/../lib/gcc/avr/5.4.0/avr5/memx-const\libgcc.a(_muluhisi3.o)
 .text.libgcc.fixed
                0x0000000000000000        0x0 c:/program files/microchip/xc8/v2.41/avr/bin/../lib/gcc/avr/5.4.0/avr5/memx-const\libgcc.a(_muluhisi3.o)
 .text          0x0000000000000000        0x0 c:/program files/microchip/xc8/v2.41/avr/bin/../lib/gcc/avr/5.4.0/avr5/memx-const\libgcc.a(_movmemx.o)
 .data          0x0000000000000000        0x0 c:/program files/microchip/xc8/v2.41/avr/bin/../lib/gcc/avr/5.4.0/avr5/memx-const\libgcc.a(_movmemx.o)
 .bss           0x0000000000000000        0x0 c:/program files/microchip/xc8/v2.41/avr/bin/../lib/gcc/avr/5.4.0/avr5/memx-const\libgcc.a(_movmemx.o)
 .text.libgcc.mul
                0x0000000000000000        0x0 c:/program files/microchip/xc8/v2.41/avr/bin/../lib/gcc/avr/5.4.0/avr5/memx-const\libgcc.a(_movmemx.o)
 .text.libgcc.div
                0x0000000000000000        0x0 c:/program files/microchip/xc8/v2.41/avr/bin/../lib/gcc/avr/5.4.0/avr5/memx-const\libgcc.a(_movmemx.o)
 .text.libgcc   0x0000000000000000       0x1a c:/program files/microchip/xc8/v2.41/avr/bin/../lib/gcc/avr/5.4.0/avr5/memx-const\libgcc.a(_movmemx.o)
 .text.libgcc.prologue
                0x0000000000000000        0x0 c:/program files/microchip/xc8/v2.41/avr/bin/../lib/gcc/avr/5.4.0/avr5/memx-const\libgcc.a(_movmemx.o)
 .stack.descriptors.hdr
                0x0000000000000000        0xe c:/program files/microchip/xc8/v2.41/avr/bin/../lib/gcc/avr/5.4.0/avr5/memx-const\libgcc.a(_movmemx.o)
 .stack.descriptors
                0x0000000000000000       0x34 c:/program files/microchip/xc8/v2.41/avr/bin/../lib/gcc/avr/5.4.0/avr5/memx-const\libgcc.a(_movmemx.o)
 .text.libgcc.builtins
                0x0000000000000000        0x0 c:/program files/microchip/xc8/v2.41/avr/bin/../lib/gcc/avr/5.4.0/avr5/memx-const\libgcc.a(_movmemx.o)
 .text.libgcc.fmul
                0x0000000000000000        0x0 c:/program files/microchip/xc8/v2.41/avr/bin/../lib/gcc/avr/5.4.0/avr5/memx-const\libgcc.a(_movmemx.o)
 .text.libgcc.fixed
                0x0000000000000000        0x0 c:/program files/microchip/xc8/v2.41/avr/bin/../lib/gcc/avr/5.4.0/avr5/memx-const\libgcc.a(_movmemx.o)
 .text          0x0000000000000000        0x0 c:/program files/microchip/xc8/v2.41/avr/bin/../lib/gcc/avr/5.4.0/avr5/memx-const\libgcc.a(_umulhisi3.o)
 .data          0x0000000000000000        0x0 c:/program files/microchip/xc8/v2.41/avr/bin/../lib/gcc/avr/5.4.0/avr5/memx-const\libgcc.a(_umulhisi3.o)
 .bss           0x0000000000000000        0x0 c:/program files/microchip/xc8/v2.41/avr/bin/../lib/gcc/avr/5.4.0/avr5/memx-const\libgcc.a(_umulhisi3.o)
 .stack.descriptors
                0x0000000000000000       0x19 c:/program files/microchip/xc8/v2.41/avr/bin/../lib/gcc/avr/5.4.0/avr5/memx-const\libgcc.a(_umulhisi3.o)
 .text.libgcc.div
                0x0000000000000000        0x0 c:/program files/microchip/xc8/v2.41/avr/bin/../lib/gcc/avr/5.4.0/avr5/memx-const\libgcc.a(_umulhisi3.o)
 .text.libgcc   0x0000000000000000        0x0 c:/program files/microchip/xc8/v2.41/avr/bin/../lib/gcc/avr/5.4.0/avr5/memx-const\libgcc.a(_umulhisi3.o)
 .text.libgcc.prologue
                0x0000000000000000        0x0 c:/program files/microchip/xc8/v2.41/avr/bin/../lib/gcc/avr/5.4.0/avr5/memx-const\libgcc.a(_umulhisi3.o)
 .text.libgcc.builtins
                0x0000000000000000        0x0 c:/program files/microchip/xc8/v2.41/avr/bin/../lib/gcc/avr/5.4.0/avr5/memx-const\libgcc.a(_umulhisi3.o)
 .text.libgcc.fmul
                0x0000000000000000        0x0 c:/program files/microchip/xc8/v2.41/avr/bin/../lib/gcc/avr/5.4.0/avr5/memx-const\libgcc.a(_umulhisi3.o)
 .text.libgcc.fixed
                0x0000000000000000        0x0 c:/program files/microchip/xc8/v2.41/avr/bin/../lib/gcc/avr/5.4.0/avr5/memx-const\libgcc.a(_umulhisi3.o)
 .text          0x0000000000000000        0x0 c:/program files/microchip/xc8/v2.41/avr/bin/../lib/gcc/avr/5.4.0/../../../../avr/lib/avr5/memx-const\libc.a(exit.o)
 .data          0x0000000000000000        0x0 c:/program files/microchip/xc8/v2.41/avr/bin/../lib/gcc/avr/5.4.0/../../../../avr/lib/avr5/memx-const\libc.a(exit.o)
 .bss           0x0000000000000000        0x0 c:/program files/microchip/xc8/v2.41/avr/bin/../lib/gcc/avr/5.4.0/../../../../avr/lib/avr5/memx-const\libc.a(exit.o)
 .stack.descriptors
                0x0000000000000000       0x73 c:/program files/microchip/xc8/v2.41/avr/bin/../lib/gcc/avr/5.4.0/../../../../avr/lib/avr5/memx-const\libc.a(exit.o)
 .text          0x0000000000000000        0x0 c:/program files/microchip/xc8/v2.41/avr/bin/../lib/gcc/avr/5.4.0/../../../../avr/lib/avr5/memx-const\libc.a(_Exit.o)
 .data          0x0000000000000000        0x0 c:/program files/microchip/xc8/v2.41/avr/bin/../lib/gcc/avr/5.4.0/../../../../avr/lib/avr5/memx-const\libc.a(_Exit.o)
 .bss           0x0000000000000000        0x0 c:/program files/microchip/xc8/v2.41/avr/bin/../lib/gcc/avr/5.4.0/../../../../avr/lib/avr5/memx-const\libc.a(_Exit.o)
 .stack.descriptors
                0x0000000000000000       0x13 c:/program files/microchip/xc8/v2.41/avr/bin/../lib/gcc/avr/5.4.0/../../../../avr/lib/avr5/memx-const\libc.a(_Exit.o)
 .text          0x0000000000000000        0x0 c:/program files/microchip/xc8/v2.41/avr/bin/../lib/gcc/avr/5.4.0/avr5/memx-const\libgcc.a(_exit.o)
 .data          0x0000000000000000        0x0 c:/program files/microchip/xc8/v2.41/avr/bin/../lib/gcc/avr/5.4.0/avr5/memx-const\libgcc.a(_exit.o)
 .bss           0x0000000000000000        0x0 c:/program files/microchip/xc8/v2.41/avr/bin/../lib/gcc/avr/5.4.0/avr5/memx-const\libgcc.a(_exit.o)
 .text.libgcc.mul
                0x0000000000000000        0x0 c:/program files/microchip/xc8/v2.41/avr/bin/../lib/gcc/avr/5.4.0/avr5/memx-const\libgcc.a(_exit.o)
 .text.libgcc.div
                0x0000000000000000        0x0 c:/program files/microchip/xc8/v2.41/avr/bin/../lib/gcc/avr/5.4.0/avr5/memx-const\libgcc.a(_exit.o)
 .text.libgcc   0x0000000000000000        0x0 c:/program files/microchip/xc8/v2.41/avr/bin/../lib/gcc/avr/5.4.0/avr5/memx-const\libgcc.a(_exit.o)
 .text.libgcc.prologue
                0x0000000000000000        0x0 c:/program files/microchip/xc8/v2.41/avr/bin/../lib/gcc/avr/5.4.0/avr5/memx-const\libgcc.a(_exit.o)
 .stack.descriptors
                0x0000000000000000       0x13 c:/program files/microchip/xc8/v2.41/avr/bin/../lib/gcc/avr/5.4.0/avr5/memx-const\libgcc.a(_exit.o)
 .text.libgcc.builtins
                0x0000000000000000        0x0 c:/program files/microchip/xc8/v2.41/avr/bin/../lib/gcc/avr/5.4.0/avr5/memx-const\libgcc.a(_exit.o)
 .text.libgcc.fmul
                0x0000000000000000        0x0 c:/program files/microchip/xc8/v2.41/avr/bin/../lib/gcc/avr/5.4.0/avr5/memx-const\libgcc.a(_exit.o)
 .text.libgcc.fixed
                0x0000000000000000        0x0 c:/program files/microchip/xc8/v2.41/avr/bin/../lib/gcc/avr/5.4.0/avr5/memx-const\libgcc.a(_exit.o)

Memory Configuration

Name             Origin             Length             Attributes
text             0x0000000000000000 0x0000000000008000 xr
data             0x0000000000800060 0x0000000000000800 rw !x
eeprom           0x0000000000810000 0x0000000000000400 rw !x
fuse             0x0000000000820000 0x0000000000000002 rw !x
lock             0x0000000000830000 0x0000000000000400 rw !x
signature        0x0000000000840000 0x0000000000000400 rw !x
user_signatures  0x0000000000850000 0x0000000000000400 rw !x
bootrow          0x0000000000860000 0x0000000000000400 rw !x
*default*        0x0000000000000000 0xffffffffffffffff

Linker script and memory map

LOAD C:/Program Files/Microchip/MPLABX/v6.10/packs/Microchip/ATmega_DFP/3.0.158/xc8/avr/lib/avr5/memx-const/crtatmega32.o
                0x0000000000000001                __MPLAB_BUILD = 0x1
LOAD build/default/debug/HAL_Layer/7_Segment/hal_seven_segment.o
LOAD build/default/debug/HAL_Layer/button/hal_button.o
LOAD build/default/debug/HAL_Layer/keypad/hal_keypad.o
LOAD build/default/debug/HAL_Layer/LCD/hal_lcd.o
LOAD build/default/debug/HAL_Layer/LED/hal_led.o
LOAD build/default/debug/MCAL_Layer/DIO/mcal_dio.o
LOAD build/default/debug/application.o
START GROUP
LOAD c:/program files/microchip/xc8/v2.41/avr/bin/../lib/gcc/avr/5.4.0/../../../../avr/lib/avr5/memx-const\libm.a
END GROUP
                0x0000000000000001                __MPLAB_DEBUG = 0x1
                0x0000000000000001                __DEBUG = 0x1
START GROUP
LOAD c:/program files/microchip/xc8/v2.41/avr/bin/../lib/gcc/avr/5.4.0/avr5/memx-const\libgcc.a
LOAD c:/program files/microchip/xc8/v2.41/avr/bin/../lib/gcc/avr/5.4.0/../../../../avr/lib/avr5/memx-const\libm.a
LOAD c:/program files/microchip/xc8/v2.41/avr/bin/../lib/gcc/avr/5.4.0/../../../../avr/lib/avr5/memx-const\libc.a
LOAD C:/Program Files/Microchip/MPLABX/v6.10/packs/Microchip/ATmega_DFP/3.0.158/xc8/avr/lib/avr5/memx-const\libatmega32.a
END GROUP
                0x0000000000000000                __TEXT_REGION_ORIGIN__ = DEFINED (__TEXT_REGION_ORIGIN__)?__TEXT_REGION_ORIGIN__:0x0
                [0x0000000000800060]                __DATA_REGION_ORIGIN__ = DEFINED (__DATA_REGION_ORIGIN__)?__DATA_REGION_ORIGIN__:0x800060
                [0x0000000000008000]                __TEXT_REGION_LENGTH__ = DEFINED (__TEXT_REGION_LENGTH__)?__TEXT_REGION_LENGTH__:0x20000
                [0x0000000000000800]                __DATA_REGION_LENGTH__ = DEFINED (__DATA_REGION_LENGTH__)?__DATA_REGION_LENGTH__:0xffa0
                [0x0000000000000400]                __EEPROM_REGION_LENGTH__ = DEFINED (__EEPROM_REGION_LENGTH__)?__EEPROM_REGION_LENGTH__:0x10000
                [0x0000000000000002]                __FUSE_REGION_LENGTH__ = DEFINED (__FUSE_REGION_LENGTH__)?__FUSE_REGION_LENGTH__:0x400
                0x0000000000000400                __LOCK_REGION_LENGTH__ = DEFINED (__LOCK_REGION_LENGTH__)?__LOCK_REGION_LENGTH__:0x400
                0x0000000000000400                __SIGNATURE_REGION_LENGTH__ = DEFINED (__SIGNATURE_REGION_LENGTH__)?__SIGNATURE_REGION_LENGTH__:0x400
                0x0000000000000400                __USER_SIGNATURE_REGION_LENGTH__ = DEFINED (__USER_SIGNATURE_REGION_LENGTH__)?__USER_SIGNATURE_REGION_LENGTH__:0x400
                0x0000000000000400                __BOOTROW_REGION_LENGTH__ = DEFINED (__BOOTROW_REGION_LENGTH__)?__BOOTROW_REGION_LENGTH__:0x400

.hash
 *(.hash)

.dynsym
 *(.dynsym)

.dynstr
 *(.dynstr)

.gnu.version
 *(.gnu.version)

.gnu.version_d
 *(.gnu.version_d)

.gnu.version_r
 *(.gnu.version_r)

.rel.init
 *(.rel.init)

.rela.init
 *(.rela.init)

.rel.text
 *(.rel.text)
 *(.rel.text.*)
 *(.rel.gnu.linkonce.t*)

.rela.text
 *(.rela.text)
 *(.rela.text.*)
 *(.rela.gnu.linkonce.t*)

.rel.fini
 *(.rel.fini)

.rela.fini
 *(.rela.fini)

.rel.rodata
 *(.rel.rodata)
 *(.rel.rodata.*)
 *(.rel.gnu.linkonce.r*)

.rela.rodata
 *(.rela.rodata)
 *(.rela.rodata.*)
 *(.rela.gnu.linkonce.r*)

.rel.data
 *(.rel.data)
 *(.rel.data.*)
 *(.rel.gnu.linkonce.d*)

.rela.data
 *(.rela.data)
 *(.rela.data.*)
 *(.rela.gnu.linkonce.d*)

.rel.ctors
 *(.rel.ctors)

.rela.ctors
 *(.rela.ctors)

.rel.dtors
 *(.rel.dtors)

.rela.dtors
 *(.rela.dtors)

.rel.got
 *(.rel.got)

.rela.got
 *(.rela.got)

.rel.bss
 *(.rel.bss)

.rela.bss
 *(.rela.bss)

.rel.plt
 *(.rel.plt)

.rela.plt
 *(.rela.plt)

.text           0x0000000000000000      0x12c
 *(.vectors)
 .vectors       0x0000000000000000       0x54 C:/Program Files/Microchip/MPLABX/v6.10/packs/Microchip/ATmega_DFP/3.0.158/xc8/avr/lib/avr5/memx-const/crtatmega32.o
                0x0000000000000000                __vector_default
                0x0000000000000000                __vectors
 *(.vectors)
 *(.progmem.gcc*)
 .progmem.gcc_sw_table.get_operand
                0x0000000000000054       0x7c build/default/debug/application.o
 *(.dinit)
 .dinit         0x00000000000000d0        0x7 data_init
                0x00000000000000d8                . = ALIGN (0x2)
 *fill*         0x00000000000000d7        0x1 
                0x00000000000000d8                __trampolines_start = .
 *(.trampolines)
 .trampolines   0x00000000000000d8        0x0 linker stubs
 *(.trampolines*)
                0x00000000000000d8                __trampolines_end = .
 *libprintf_flt.a:*(.progmem.data)
 *libc.a:*(.progmem.data)
                0x00000000000000d8                . = ALIGN (0x2)
 *(.jumptables)
 *(.jumptables*)
 *(.lowtext)
 *(.lowtext*)
                0x00000000000000d8                __ctors_start = .
 *(.ctors)
                0x00000000000000d8                __ctors_end = .
                0x00000000000000d8                __dtors_start = .
 *(.dtors)
                0x00000000000000d8                __dtors_end = .
 SORT(*)(.ctors)
 SORT(*)(.dtors)
 *(.init0)
 .init0         0x00000000000000d8        0x0 C:/Program Files/Microchip/MPLABX/v6.10/packs/Microchip/ATmega_DFP/3.0.158/xc8/avr/lib/avr5/memx-const/crtatmega32.o
                0x00000000000000d8                __init
 *(.init0)
 *(.init1)
 *(.init1)
 *(.init2)
 .init2         0x00000000000000d8        0xc C:/Program Files/Microchip/MPLABX/v6.10/packs/Microchip/ATmega_DFP/3.0.158/xc8/avr/lib/avr5/memx-const/crtatmega32.o
 *(.init2)
 *(.init3)
 *(.init3)
 *(.init4)
 .init4         0x00000000000000e4       0x3c c:/program files/microchip/xc8/v2.41/avr/bin/../lib/gcc/avr/5.4.0/avr5/memx-const\libgcc.a(_copy_data.o)
                0x00000000000000e4                __do_copy_data
                0x0000000000000112                __do_clear_bss
 *(.init4)
 *(.init5)
 *(.init5)
 *(.init6)
 *(.init6)
 *(.init7)
 *(.init7)
 *(.init8)
 *(.init8)
 *(.init9)
 .init9         0x0000000000000120        0x8 C:/Program Files/Microchip/MPLABX/v6.10/packs/Microchip/ATmega_DFP/3.0.158/xc8/avr/lib/avr5/memx-const/crtatmega32.o
 *(.init9)
                0x0000000000000128                . = ALIGN (0x2)
 *(.fini9)
 .fini9         0x0000000000000128        0x0 c:/program files/microchip/xc8/v2.41/avr/bin/../lib/gcc/avr/5.4.0/avr5/memx-const\libgcc.a(_exit.o)
                0x0000000000000128                _exit
 *(.fini9)
 *(.fini8)
 *(.fini8)
 *(.fini7)
 *(.fini7)
 *(.fini6)
 *(.fini6)
 *(.fini5)
 *(.fini5)
 *(.fini4)
 *(.fini4)
 *(.fini3)
 *(.fini3)
 *(.fini2)
 *(.fini2)
 *(.fini1)
 *(.fini1)
 *(.fini0)
 .fini0         0x0000000000000128        0x4 c:/program files/microchip/xc8/v2.41/avr/bin/../lib/gcc/avr/5.4.0/avr5/memx-const\libgcc.a(_exit.o)
 *(.fini0)
                0x000000000000012c                _etext = .

.data           0x0000000000800060        0x0 load address 0x000000000000012c
                [!provide]                        PROVIDE (__data_start, .)
 *(.gnu.linkonce.d*)
 *(.gnu.linkonce.r*)
                0x0000000000800060                . = ALIGN (0x2)
 *fill*         0x0000000000800060        0x0 
                0x0000000000800060                _edata = .
                [!provide]                        PROVIDE (__data_end, .)

.bss            0x0000000000800060        0x0
                [!provide]                        PROVIDE (__bss_start, .)
 *(COMMON)
                [!provide]                        PROVIDE (__bss_end, .)
                0x000000000000012c                __data_load_start = LOADADDR (.data)
                0x000000000000012c                __data_load_end = (__data_load_start + SIZEOF (.data))

.noinit         0x0000000000800060        0x0
                [!provide]                        PROVIDE (__noinit_start, .)
 *(.noinit*)
                [!provide]                        PROVIDE (__noinit_end, .)
                0x0000000000800060                _end = .

.eeprom         0x0000000000810000        0x0
 *(.eeprom*)
                0x0000000000810000                __eeprom_end = .

.fuse
 *(.fuse)
 *(.lfuse)
 *(.hfuse)
 *(.efuse)

.lock
 *(.lock*)

.signature
 *(.signature*)

.user_signatures
 *(.user_signatures*)

.bootrow
 *(.bootrow*)

.stab
 *(.stab)

.stabstr
 *(.stabstr)

.stab.excl
 *(.stab.excl)

.stab.exclstr
 *(.stab.exclstr)

.stab.index
 *(.stab.index)

.stab.indexstr
 *(.stab.indexstr)

.comment        0x0000000000000000       0x5b
 *(.comment)
 .comment       0x0000000000000000       0x2f build/default/debug/HAL_Layer/7_Segment/hal_seven_segment.o
                                         0x30 (size before relaxing)
 .comment       0x000000000000002f       0x30 build/default/debug/HAL_Layer/keypad/hal_keypad.o
 .comment       0x000000000000002f       0x30 build/default/debug/HAL_Layer/LCD/hal_lcd.o
 .comment       0x000000000000002f       0x30 build/default/debug/HAL_Layer/LED/hal_led.o
 .comment       0x000000000000002f       0x30 build/default/debug/MCAL_Layer/DIO/mcal_dio.o
 .comment       0x000000000000002f       0x30 build/default/debug/application.o
 .comment       0x000000000000002f       0x2c c:/program files/microchip/xc8/v2.41/avr/bin/../lib/gcc/avr/5.4.0/../../../../avr/lib/avr5/memx-const\libc.a(exit.o)
                                         0x2d (size before relaxing)
 .comment       0x000000000000005b       0x2d c:/program files/microchip/xc8/v2.41/avr/bin/../lib/gcc/avr/5.4.0/../../../../avr/lib/avr5/memx-const\libc.a(_Exit.o)

.stack.descriptors.hdr
                0x0000000000000000       0x70
 .stack.descriptors.hdr
                0x0000000000000000        0xe c:/program files/microchip/xc8/v2.41/avr/bin/../lib/gcc/avr/5.4.0/avr5/memx-const\libgcc.a(_mulsi3.o)
 .stack.descriptors.hdr
                0x000000000000000e        0xe c:/program files/microchip/xc8/v2.41/avr/bin/../lib/gcc/avr/5.4.0/avr5/memx-const\libgcc.a(_udivmodsi4.o)
 .stack.descriptors.hdr
                0x000000000000001c        0xe c:/program files/microchip/xc8/v2.41/avr/bin/../lib/gcc/avr/5.4.0/avr5/memx-const\libgcc.a(_tablejump2.o)
 .stack.descriptors.hdr
                0x000000000000002a        0xe c:/program files/microchip/xc8/v2.41/avr/bin/../lib/gcc/avr/5.4.0/avr5/memx-const\libgcc.a(_muluhisi3.o)
 .stack.descriptors.hdr
                0x0000000000000038        0xe c:/program files/microchip/xc8/v2.41/avr/bin/../lib/gcc/avr/5.4.0/avr5/memx-const\libgcc.a(_umulhisi3.o)
 .stack.descriptors.hdr
                0x0000000000000046        0xe c:/program files/microchip/xc8/v2.41/avr/bin/../lib/gcc/avr/5.4.0/../../../../avr/lib/avr5/memx-const\libc.a(exit.o)
 .stack.descriptors.hdr
                0x0000000000000054        0xe c:/program files/microchip/xc8/v2.41/avr/bin/../lib/gcc/avr/5.4.0/../../../../avr/lib/avr5/memx-const\libc.a(_Exit.o)
 .stack.descriptors.hdr
                0x0000000000000062        0xe c:/program files/microchip/xc8/v2.41/avr/bin/../lib/gcc/avr/5.4.0/avr5/memx-const\libgcc.a(_exit.o)

.note.GNU-stack
                0x0000000000000000        0x0
 .note.GNU-stack
                0x0000000000000000        0x0 c:/program files/microchip/xc8/v2.41/avr/bin/../lib/gcc/avr/5.4.0/../../../../avr/lib/avr5/memx-const\libc.a(exit.o)
 .note.GNU-stack
                0x0000000000000000        0x0 c:/program files/microchip/xc8/v2.41/avr/bin/../lib/gcc/avr/5.4.0/../../../../avr/lib/avr5/memx-const\libc.a(_Exit.o)

.note.gnu.build-id
 *(.note.gnu.build-id)

.debug
 *(.debug)

.line
 *(.line)

.debug_srcinfo
 *(.debug_srcinfo)

.debug_sfnames
 *(.debug_sfnames)

.debug_aranges  0x0000000000000000      0x200
 *(.debug_aranges)
 .debug_aranges
                0x0000000000000000       0x40 build/default/debug/HAL_Layer/7_Segment/hal_seven_segment.o
 .debug_aranges
                0x0000000000000040       0x28 build/default/debug/HAL_Layer/keypad/hal_keypad.o
 .debug_aranges
                0x0000000000000068       0x78 build/default/debug/HAL_Layer/LCD/hal_lcd.o
 .debug_aranges
                0x00000000000000e0       0x38 build/default/debug/HAL_Layer/LED/hal_led.o
 .debug_aranges
                0x0000000000000118       0x80 build/default/debug/MCAL_Layer/DIO/mcal_dio.o
 .debug_aranges
                0x0000000000000198       0x68 build/default/debug/application.o

.debug_pubnames
 *(.debug_pubnames)

.debug_info     0x0000000000000000     0x4eac
 *(.debug_info .gnu.linkonce.wi.*)
 .debug_info    0x0000000000000000      0x4e6 C:/Program Files/Microchip/MPLABX/v6.10/packs/Microchip/ATmega_DFP/3.0.158/xc8/avr/lib/avr5/memx-const/crtatmega32.o
 .debug_info    0x00000000000004e6      0xdd5 build/default/debug/HAL_Layer/7_Segment/hal_seven_segment.o
 .debug_info    0x00000000000012bb      0x679 build/default/debug/HAL_Layer/keypad/hal_keypad.o
 .debug_info    0x0000000000001934      0xfe1 build/default/debug/HAL_Layer/LCD/hal_lcd.o
 .debug_info    0x0000000000002915      0x5ed build/default/debug/HAL_Layer/LED/hal_led.o
 .debug_info    0x0000000000002f02      0x99e build/default/debug/MCAL_Layer/DIO/mcal_dio.o
 .debug_info    0x00000000000038a0     0x160c build/default/debug/application.o

.debug_abbrev   0x0000000000000000      0xed5
 *(.debug_abbrev)
 .debug_abbrev  0x0000000000000000      0x4a3 C:/Program Files/Microchip/MPLABX/v6.10/packs/Microchip/ATmega_DFP/3.0.158/xc8/avr/lib/avr5/memx-const/crtatmega32.o
 .debug_abbrev  0x00000000000004a3      0x17d build/default/debug/HAL_Layer/7_Segment/hal_seven_segment.o
 .debug_abbrev  0x0000000000000620      0x1ca build/default/debug/HAL_Layer/keypad/hal_keypad.o
 .debug_abbrev  0x00000000000007ea      0x242 build/default/debug/HAL_Layer/LCD/hal_lcd.o
 .debug_abbrev  0x0000000000000a2c      0x100 build/default/debug/HAL_Layer/LED/hal_led.o
 .debug_abbrev  0x0000000000000b2c      0x169 build/default/debug/MCAL_Layer/DIO/mcal_dio.o
 .debug_abbrev  0x0000000000000c95      0x240 build/default/debug/application.o

.debug_line     0x0000000000000000     0x1738
 *(.debug_line .debug_line.* .debug_line_end)
 .debug_line    0x0000000000000000      0x119 C:/Program Files/Microchip/MPLABX/v6.10/packs/Microchip/ATmega_DFP/3.0.158/xc8/avr/lib/avr5/memx-const/crtatmega32.o
 .debug_line    0x0000000000000119      0x380 build/default/debug/HAL_Layer/7_Segment/hal_seven_segment.o
 .debug_line    0x0000000000000499      0x223 build/default/debug/HAL_Layer/keypad/hal_keypad.o
 .debug_line    0x00000000000006bc      0x492 build/default/debug/HAL_Layer/LCD/hal_lcd.o
 .debug_line    0x0000000000000b4e      0x1ba build/default/debug/HAL_Layer/LED/hal_led.o
 .debug_line    0x0000000000000d08      0x42a build/default/debug/MCAL_Layer/DIO/mcal_dio.o
 .debug_line    0x0000000000001132      0x606 build/default/debug/application.o

.debug_frame    0x0000000000000000      0x7d4
 *(.debug_frame)
 .debug_frame   0x0000000000000000      0x110 build/default/debug/HAL_Layer/7_Segment/hal_seven_segment.o
 .debug_frame   0x0000000000000110       0xbc build/default/debug/HAL_Layer/keypad/hal_keypad.o
 .debug_frame   0x00000000000001cc      0x258 build/default/debug/HAL_Layer/LCD/hal_lcd.o
 .debug_frame   0x0000000000000424       0x94 build/default/debug/HAL_Layer/LED/hal_led.o
 .debug_frame   0x00000000000004b8      0x104 build/default/debug/MCAL_Layer/DIO/mcal_dio.o
 .debug_frame   0x00000000000005bc      0x218 build/default/debug/application.o

.debug_str      0x0000000000000000      0x431
 *(.debug_str)
 .debug_str     0x0000000000000000      0x196 C:/Program Files/Microchip/MPLABX/v6.10/packs/Microchip/ATmega_DFP/3.0.158/xc8/avr/lib/avr5/memx-const/crtatmega32.o
 .debug_str     0x0000000000000196       0x2d build/default/debug/HAL_Layer/7_Segment/hal_seven_segment.o
 .debug_str     0x00000000000001c3       0x7e build/default/debug/HAL_Layer/keypad/hal_keypad.o
 .debug_str     0x0000000000000241       0x53 build/default/debug/HAL_Layer/LCD/hal_lcd.o
 .debug_str     0x0000000000000294       0x43 build/default/debug/HAL_Layer/LED/hal_led.o
 .debug_str     0x00000000000002d7       0x31 build/default/debug/MCAL_Layer/DIO/mcal_dio.o
 .debug_str     0x0000000000000308      0x129 build/default/debug/application.o

.debug_loc      0x0000000000000000     0x20e0
 *(.debug_loc)
 .debug_loc     0x0000000000000000      0x4b8 build/default/debug/HAL_Layer/7_Segment/hal_seven_segment.o
 .debug_loc     0x00000000000004b8      0x357 build/default/debug/HAL_Layer/keypad/hal_keypad.o
 .debug_loc     0x000000000000080f      0xd7b build/default/debug/HAL_Layer/LCD/hal_lcd.o
 .debug_loc     0x000000000000158a      0x1f0 build/default/debug/HAL_Layer/LED/hal_led.o
 .debug_loc     0x000000000000177a      0x3fa build/default/debug/MCAL_Layer/DIO/mcal_dio.o
 .debug_loc     0x0000000000001b74      0x56c build/default/debug/application.o

.debug_macinfo
 *(.debug_macinfo)

.debug_weaknames
 *(.debug_weaknames)

.debug_funcnames
 *(.debug_funcnames)

.debug_typenames
 *(.debug_typenames)

.debug_varnames
 *(.debug_varnames)

.debug_pubtypes
 *(.debug_pubtypes)

.debug_ranges   0x0000000000000000      0x1a0
 *(.debug_ranges)
 .debug_ranges  0x0000000000000000       0x30 build/default/debug/HAL_Layer/7_Segment/hal_seven_segment.o
 .debug_ranges  0x0000000000000030       0x18 build/default/debug/HAL_Layer/keypad/hal_keypad.o
 .debug_ranges  0x0000000000000048       0x68 build/default/debug/HAL_Layer/LCD/hal_lcd.o
 .debug_ranges  0x00000000000000b0       0x28 build/default/debug/HAL_Layer/LED/hal_led.o
 .debug_ranges  0x00000000000000d8       0x70 build/default/debug/MCAL_Layer/DIO/mcal_dio.o
 .debug_ranges  0x0000000000000148       0x58 build/default/debug/application.o

.debug_macro
 *(.debug_macro)
OUTPUT(dist/default/debug/NTI_AVR_COST.debug.elf elf32-avr)
LOAD linker stubs
LOAD data_init

.note.gnu.avr.deviceinfo
                0x0000000000000000       0x3c
 .note.gnu.avr.deviceinfo
                0x0000000000000000       0x3c C:/Program Files/Microchip/MPLABX/v6.10/packs/Microchip/ATmega_DFP/3.0.158/xc8/avr/lib/avr5/memx-const/crtatmega32.o

.progmemx.data.btn_values
                0x000000000000012c       0x10
 .progmemx.data.btn_values
                0x000000000000012c       0x10 build/default/debug/HAL_Layer/keypad/hal_keypad.o

.text.calculator_program
                0x000000000000013c      0x2cc
 .text.calculator_program
                0x000000000000013c      0x2cc build/default/debug/application.o
                0x000000000000013c                calculator_program

.text.keypad_get_value
                0x0000000000000408      0x178
 .text.keypad_get_value
                0x0000000000000408      0x178 build/default/debug/HAL_Layer/keypad/hal_keypad.o
                0x0000000000000408                keypad_get_value

.text.get_operand
                0x0000000000000580      0x11e
 .text.get_operand
                0x0000000000000580      0x11e build/default/debug/application.o
                0x0000000000000580                get_operand

.text.lcd_4bit_intialize
                0x000000000000069e      0x108
 .text.lcd_4bit_intialize
                0x000000000000069e      0x108 build/default/debug/HAL_Layer/LCD/hal_lcd.o
                0x000000000000069e                lcd_4bit_intialize

.text.convert_uint32_to_string
                0x00000000000007a6       0xfc
 .text.convert_uint32_to_string
                0x00000000000007a6       0xfc build/default/debug/HAL_Layer/LCD/hal_lcd.o
                0x00000000000007a6                convert_uint32_to_string

.text.dio_pin_direction_intialize
                0x00000000000008a2       0xae
 .text.dio_pin_direction_intialize
                0x00000000000008a2       0xae build/default/debug/MCAL_Layer/DIO/mcal_dio.o
                0x00000000000008a2                dio_pin_direction_intialize

.text.dio_set_pin_pull_up
                0x0000000000000950       0xac
 .text.dio_set_pin_pull_up
                0x0000000000000950       0xac build/default/debug/MCAL_Layer/DIO/mcal_dio.o
                0x0000000000000950                dio_set_pin_pull_up

.text.hal_seven_segement_intialize
                0x00000000000009fc       0x98
 .text.hal_seven_segement_intialize
                0x00000000000009fc       0x98 build/default/debug/HAL_Layer/7_Segment/hal_seven_segment.o
                0x00000000000009fc                hal_seven_segement_intialize

.text.dio_pin_write_logic
                0x0000000000000a94       0x94
 .text.dio_pin_write_logic
                0x0000000000000a94       0x94 build/default/debug/MCAL_Layer/DIO/mcal_dio.o
                0x0000000000000a94                dio_pin_write_logic

.text.convert_string_to_uint32
                0x0000000000000b28       0x90
 .text.convert_string_to_uint32
                0x0000000000000b28       0x90 build/default/debug/HAL_Layer/LCD/hal_lcd.o
                0x0000000000000b28                convert_string_to_uint32

.text.keypad_initialize
                0x0000000000000bb8       0x82
 .text.keypad_initialize
                0x0000000000000bb8       0x82 build/default/debug/HAL_Layer/keypad/hal_keypad.o
                0x0000000000000bb8                keypad_initialize

.text.hal_led_turn_on
                0x0000000000000c3a       0x6c
 .text.hal_led_turn_on
                0x0000000000000c3a       0x6c build/default/debug/HAL_Layer/LED/hal_led.o
                0x0000000000000c3a                hal_led_turn_on

.text.hal_led_initialize
                0x0000000000000ca6       0x6a
 .text.hal_led_initialize
                0x0000000000000ca6       0x6a build/default/debug/HAL_Layer/LED/hal_led.o
                0x0000000000000ca6                hal_led_initialize

.text.lcd_send_4bits
                0x0000000000000d10       0x60
 .text.lcd_send_4bits
                0x0000000000000d10       0x60 build/default/debug/HAL_Layer/LCD/hal_lcd.o

.text.dio_pin_read_logic
                0x0000000000000d70       0x5a
 .text.dio_pin_read_logic
                0x0000000000000d70       0x5a build/default/debug/MCAL_Layer/DIO/mcal_dio.o
                0x0000000000000d70                dio_pin_read_logic

.text.lcd_4bit_send_command
                0x0000000000000dca       0x52
 .text.lcd_4bit_send_command
                0x0000000000000dca       0x52 build/default/debug/HAL_Layer/LCD/hal_lcd.o
                0x0000000000000dca                lcd_4bit_send_command

.text.lcd_4bit_send_char_data
                0x0000000000000e1c       0x52
 .text.lcd_4bit_send_char_data
                0x0000000000000e1c       0x52 build/default/debug/HAL_Layer/LCD/hal_lcd.o
                0x0000000000000e1c                lcd_4bit_send_char_data

.text.lcd_4bit_send_string_pos
                0x0000000000000e6e       0x4a
 .text.lcd_4bit_send_string_pos
                0x0000000000000e6e       0x4a build/default/debug/HAL_Layer/LCD/hal_lcd.o
                0x0000000000000e6e                lcd_4bit_send_string_pos

.text.libgcc.div
                0x0000000000000eb8       0x44
 .text.libgcc.div
                0x0000000000000eb8       0x44 c:/program files/microchip/xc8/v2.41/avr/bin/../lib/gcc/avr/5.4.0/avr5/memx-const\libgcc.a(_udivmodsi4.o)
                0x0000000000000eb8                __udivmodsi4

.text.lcd_4bit_set_cursor
                0x0000000000000efc       0x42
 .text.lcd_4bit_set_cursor
                0x0000000000000efc       0x42 build/default/debug/HAL_Layer/LCD/hal_lcd.o

.text.dio_pin_intialize
                0x0000000000000f3e       0x40
 .text.dio_pin_intialize
                0x0000000000000f3e       0x40 build/default/debug/MCAL_Layer/DIO/mcal_dio.o
                0x0000000000000f3e                dio_pin_intialize

.text.lcd_4bit_send_enable_signal
                0x0000000000000f7e       0x36
 .text.lcd_4bit_send_enable_signal
                0x0000000000000f7e       0x36 build/default/debug/HAL_Layer/LCD/hal_lcd.o

.text.application_initialize
                0x0000000000000fb4       0x36
 .text.application_initialize
                0x0000000000000fb4       0x36 build/default/debug/application.o
                0x0000000000000fb4                application_initialize

.text.drop_array_uint32_ele
                0x0000000000000fea       0x30
 .text.drop_array_uint32_ele
                0x0000000000000fea       0x30 build/default/debug/application.o
                0x0000000000000fea                drop_array_uint32_ele

.text.libgcc.mul
                0x000000000000101a       0x20
 .text.libgcc.mul
                0x000000000000101a       0x20 c:/program files/microchip/xc8/v2.41/avr/bin/../lib/gcc/avr/5.4.0/avr5/memx-const\libgcc.a(_mulsi3.o)
                0x000000000000101a                __mulsi3

.text.libgcc.mul
                0x000000000000103a       0x1e
 .text.libgcc.mul
                0x000000000000103a       0x1e c:/program files/microchip/xc8/v2.41/avr/bin/../lib/gcc/avr/5.4.0/avr5/memx-const\libgcc.a(_umulhisi3.o)
                0x000000000000103a                __umulhisi3

.text.drop_array_uint8_ele
                0x0000000000001058       0x18
 .text.drop_array_uint8_ele
                0x0000000000001058       0x18 build/default/debug/application.o
                0x0000000000001058                drop_array_uint8_ele

.text.libgcc.mul
                0x0000000000001070       0x16
 .text.libgcc.mul
                0x0000000000001070       0x16 c:/program files/microchip/xc8/v2.41/avr/bin/../lib/gcc/avr/5.4.0/avr5/memx-const\libgcc.a(_muluhisi3.o)
                0x0000000000001070                __muluhisi3

.text.exit      0x0000000000001086       0x16
 .text.exit     0x0000000000001086       0x16 c:/program files/microchip/xc8/v2.41/avr/bin/../lib/gcc/avr/5.4.0/../../../../avr/lib/avr5/memx-const\libc.a(exit.o)
                0x0000000000001086                exit

.text.main      0x000000000000109c       0x14
 .text.main     0x000000000000109c       0x14 build/default/debug/application.o
                0x000000000000109c                main

.text.libgcc    0x00000000000010b0        0xc
 .text.libgcc   0x00000000000010b0        0xc c:/program files/microchip/xc8/v2.41/avr/bin/../lib/gcc/avr/5.4.0/avr5/memx-const\libgcc.a(_tablejump2.o)
                0x00000000000010b0                __tablejump2__

.text           0x00000000000010bc        0x4
 .text          0x00000000000010bc        0x4 C:/Program Files/Microchip/MPLABX/v6.10/packs/Microchip/ATmega_DFP/3.0.158/xc8/avr/lib/avr5/memx-const/crtatmega32.o
                0x00000000000010bc                __vector_1
                0x00000000000010bc                __vector_12
                0x00000000000010bc                __bad_interrupt
                0x00000000000010bc                __vector_6
                0x00000000000010bc                __vector_3
                0x00000000000010bc                __vector_11
                0x00000000000010bc                __vector_13
                0x00000000000010bc                __vector_17
                0x00000000000010bc                __vector_19
                0x00000000000010bc                __vector_7
                0x00000000000010bc                __vector_5
                0x00000000000010bc                __vector_4
                0x00000000000010bc                __vector_9
                0x00000000000010bc                __vector_2
                0x00000000000010bc                __vector_15
                0x00000000000010bc                __vector_8
                0x00000000000010bc                __vector_14
                0x00000000000010bc                __vector_10
                0x00000000000010bc                __vector_16
                0x00000000000010bc                __vector_18
                0x00000000000010bc                __vector_20

.text._Exit     0x00000000000010c0        0x4
 .text._Exit    0x00000000000010c0        0x4 c:/program files/microchip/xc8/v2.41/avr/bin/../lib/gcc/avr/5.4.0/../../../../avr/lib/avr5/memx-const\libc.a(_Exit.o)
                0x00000000000010c0                _Exit

.text.__dummy_fini
                0x00000000000010c4        0x2
 .text.__dummy_fini
                0x00000000000010c4        0x2 c:/program files/microchip/xc8/v2.41/avr/bin/../lib/gcc/avr/5.4.0/../../../../avr/lib/avr5/memx-const\libc.a(exit.o)
                0x00000000000010c4                _fini

.text.__dummy_funcs_on_exit
                0x00000000000010c6        0x2
 .text.__dummy_funcs_on_exit
                0x00000000000010c6        0x2 c:/program files/microchip/xc8/v2.41/avr/bin/../lib/gcc/avr/5.4.0/../../../../avr/lib/avr5/memx-const\libc.a(exit.o)
                0x00000000000010c6                __funcs_on_exit

.text.__dummy_simulator_exit
                0x00000000000010c8        0x2
 .text.__dummy_simulator_exit
                0x00000000000010c8        0x2 c:/program files/microchip/xc8/v2.41/avr/bin/../lib/gcc/avr/5.4.0/../../../../avr/lib/avr5/memx-const\libc.a(exit.o)
                0x00000000000010c8                __simulator_exit

.data.pin_registers
                0x0000000000800060        0x8 load address 0x00000000000010ca
 .data.pin_registers
                0x0000000000800060        0x8 build/default/debug/MCAL_Layer/DIO/mcal_dio.o
                0x0000000000800060                pin_registers

.data.port_registers
                0x0000000000800068        0x8 load address 0x00000000000010d2
 .data.port_registers
                0x0000000000800068        0x8 build/default/debug/MCAL_Layer/DIO/mcal_dio.o
                0x0000000000800068                port_registers

.data.ddr_registers
                0x0000000000800070        0x8 load address 0x00000000000010da
 .data.ddr_registers
                0x0000000000800070        0x8 build/default/debug/MCAL_Layer/DIO/mcal_dio.o
                0x0000000000800070                ddr_registers

.data.keypad    0x0000000000800078        0x8 load address 0x00000000000010e2
 .data.keypad   0x0000000000800078        0x8 build/default/debug/application.o
                0x0000000000800078                keypad

.data.segment   0x0000000000800080        0x8 load address 0x00000000000010ea
 .data.segment  0x0000000000800080        0x8 build/default/debug/application.o
                0x0000000000800080                segment

.data.lcd       0x0000000000800088        0x6 load address 0x00000000000010f2
 .data.lcd      0x0000000000800088        0x6 build/default/debug/application.o
                0x0000000000800088                lcd

.data.led1      0x000000000080008e        0x1 load address 0x00000000000010f8
 .data.led1     0x000000000080008e        0x1 build/default/debug/application.o
                0x000000000080008e                led1
