Archive member included to satisfy reference by file (symbol)

c:/program files/microchip/xc8/v2.41/avr/bin/../lib/gcc/avr/5.4.0/avr5/memx-const\libgcc.a(_copy_data.o)
                              build/default/production/MCAL_Layer/DIO/mcal_dio.o (__do_copy_data)
c:/program files/microchip/xc8/v2.41/avr/bin/../lib/gcc/avr/5.4.0/../../../../avr/lib/avr5/memx-const\libc.a(exit.o)
                              C:/Program Files/Microchip/MPLABX/v6.10/packs/Microchip/ATmega_DFP/3.0.158/xc8/avr/lib/avr5/memx-const/crtatmega32.o (exit)
c:/program files/microchip/xc8/v2.41/avr/bin/../lib/gcc/avr/5.4.0/../../../../avr/lib/avr5/memx-const\libc.a(_Exit.o)
                              c:/program files/microchip/xc8/v2.41/avr/bin/../lib/gcc/avr/5.4.0/../../../../avr/lib/avr5/memx-const\libc.a(exit.o) (_Exit)
c:/program files/microchip/xc8/v2.41/avr/bin/../lib/gcc/avr/5.4.0/avr5/memx-const\libgcc.a(_exit.o)
                              c:/program files/microchip/xc8/v2.41/avr/bin/../lib/gcc/avr/5.4.0/../../../../avr/lib/avr5/memx-const\libc.a(_Exit.o) (_exit)

Discarded input sections

 .data          0x0000000000000000        0x0 C:/Program Files/Microchip/MPLABX/v6.10/packs/Microchip/ATmega_DFP/3.0.158/xc8/avr/lib/avr5/memx-const/crtatmega32.o
 .bss           0x0000000000000000        0x0 C:/Program Files/Microchip/MPLABX/v6.10/packs/Microchip/ATmega_DFP/3.0.158/xc8/avr/lib/avr5/memx-const/crtatmega32.o
 .text          0x0000000000000000        0x0 build/default/production/HAL_Layer/LED/hal_led.o
 .data          0x0000000000000000        0x0 build/default/production/HAL_Layer/LED/hal_led.o
 .bss           0x0000000000000000        0x0 build/default/production/HAL_Layer/LED/hal_led.o
 .text.hal_led_initialize
                0x0000000000000000       0x6a build/default/production/HAL_Layer/LED/hal_led.o
 .text.hal_led_turn_on
                0x0000000000000000       0x6c build/default/production/HAL_Layer/LED/hal_led.o
 .text.hal_led_turn_off
                0x0000000000000000       0x6c build/default/production/HAL_Layer/LED/hal_led.o
 .text.hal_led_turn_toggle
                0x0000000000000000       0x6a build/default/production/HAL_Layer/LED/hal_led.o
 .debug_info    0x0000000000000000      0x5d8 build/default/production/HAL_Layer/LED/hal_led.o
 .debug_abbrev  0x0000000000000000      0x100 build/default/production/HAL_Layer/LED/hal_led.o
 .debug_loc     0x0000000000000000      0x1f0 build/default/production/HAL_Layer/LED/hal_led.o
 .debug_aranges
                0x0000000000000000       0x38 build/default/production/HAL_Layer/LED/hal_led.o
 .debug_ranges  0x0000000000000000       0x28 build/default/production/HAL_Layer/LED/hal_led.o
 .debug_line    0x0000000000000000      0x1ba build/default/production/HAL_Layer/LED/hal_led.o
 .debug_str     0x0000000000000000       0x43 build/default/production/HAL_Layer/LED/hal_led.o
 .comment       0x0000000000000000       0x30 build/default/production/HAL_Layer/LED/hal_led.o
 .debug_frame   0x0000000000000000       0x94 build/default/production/HAL_Layer/LED/hal_led.o
 .text          0x0000000000000000        0x0 build/default/production/MCAL_Layer/DIO/mcal_dio.o
 .data          0x0000000000000000        0x0 build/default/production/MCAL_Layer/DIO/mcal_dio.o
 .bss           0x0000000000000000        0x0 build/default/production/MCAL_Layer/DIO/mcal_dio.o
 .text.dio_pin_get_direction_status
                0x0000000000000000       0x5a build/default/production/MCAL_Layer/DIO/mcal_dio.o
 .text.dio_pin_read_logic
                0x0000000000000000       0x5a build/default/production/MCAL_Layer/DIO/mcal_dio.o
 .text.dio_pin_toggle_logic
                0x0000000000000000       0x50 build/default/production/MCAL_Layer/DIO/mcal_dio.o
 .text.dio_set_port_pull_up
                0x0000000000000000       0x22 build/default/production/MCAL_Layer/DIO/mcal_dio.o
 .text.dio_port_direction_intialize
                0x0000000000000000       0x20 build/default/production/MCAL_Layer/DIO/mcal_dio.o
 .text.dio_port_get_direction_status
                0x0000000000000000       0x2e build/default/production/MCAL_Layer/DIO/mcal_dio.o
 .text.dio_port_write_logic
                0x0000000000000000       0x20 build/default/production/MCAL_Layer/DIO/mcal_dio.o
 .text.dio_port_read_logic
                0x0000000000000000       0x2e build/default/production/MCAL_Layer/DIO/mcal_dio.o
 .text.dio_port_toggle_logic
                0x0000000000000000       0x30 build/default/production/MCAL_Layer/DIO/mcal_dio.o
 .data.pin_registers
                0x0000000000000000        0x8 build/default/production/MCAL_Layer/DIO/mcal_dio.o
 .text          0x0000000000000000        0x0 build/default/production/application.o
 .data          0x0000000000000000        0x0 build/default/production/application.o
 .bss           0x0000000000000000        0x0 build/default/production/application.o
 .text          0x0000000000000000        0x0 build/default/production/HAL_Layer/button/hal_button.o
 .data          0x0000000000000000        0x0 build/default/production/HAL_Layer/button/hal_button.o
 .bss           0x0000000000000000        0x0 build/default/production/HAL_Layer/button/hal_button.o
 .text.hal_button_initialize
                0x0000000000000000       0x12 build/default/production/HAL_Layer/button/hal_button.o
 .text.hal_button_read_state
                0x0000000000000000       0x90 build/default/production/HAL_Layer/button/hal_button.o
 .debug_info    0x0000000000000000      0x571 build/default/production/HAL_Layer/button/hal_button.o
 .debug_abbrev  0x0000000000000000      0x104 build/default/production/HAL_Layer/button/hal_button.o
 .debug_loc     0x0000000000000000      0x150 build/default/production/HAL_Layer/button/hal_button.o
 .debug_aranges
                0x0000000000000000       0x28 build/default/production/HAL_Layer/button/hal_button.o
 .debug_ranges  0x0000000000000000       0x18 build/default/production/HAL_Layer/button/hal_button.o
 .debug_line    0x0000000000000000      0x159 build/default/production/HAL_Layer/button/hal_button.o
 .debug_str     0x0000000000000000       0x2f build/default/production/HAL_Layer/button/hal_button.o
 .comment       0x0000000000000000       0x30 build/default/production/HAL_Layer/button/hal_button.o
 .debug_frame   0x0000000000000000       0x60 build/default/production/HAL_Layer/button/hal_button.o
 .text          0x0000000000000000        0x0 build/default/production/HAL_Layer/7_Segment/hal_seven_segment.o
 .data          0x0000000000000000        0x0 build/default/production/HAL_Layer/7_Segment/hal_seven_segment.o
 .bss           0x0000000000000000        0x0 build/default/production/HAL_Layer/7_Segment/hal_seven_segment.o
 .text.hal_seven_segement_write_two_digit
                0x0000000000000000      0x1e2 build/default/production/HAL_Layer/7_Segment/hal_seven_segment.o
 .text.hal_seven_segement_write_three_digit
                0x0000000000000000       0xc2 build/default/production/HAL_Layer/7_Segment/hal_seven_segment.o
 .text.hal_seven_segement_write_four_digit
                0x0000000000000000       0xc2 build/default/production/HAL_Layer/7_Segment/hal_seven_segment.o
 .text          0x0000000000000000        0x0 c:/program files/microchip/xc8/v2.41/avr/bin/../lib/gcc/avr/5.4.0/avr5/memx-const\libgcc.a(_copy_data.o)
 .data          0x0000000000000000        0x0 c:/program files/microchip/xc8/v2.41/avr/bin/../lib/gcc/avr/5.4.0/avr5/memx-const\libgcc.a(_copy_data.o)
 .bss           0x0000000000000000        0x0 c:/program files/microchip/xc8/v2.41/avr/bin/../lib/gcc/avr/5.4.0/avr5/memx-const\libgcc.a(_copy_data.o)
 .text.libgcc.mul
                0x0000000000000000        0x0 c:/program files/microchip/xc8/v2.41/avr/bin/../lib/gcc/avr/5.4.0/avr5/memx-const\libgcc.a(_copy_data.o)
 .text.libgcc.div
                0x0000000000000000        0x0 c:/program files/microchip/xc8/v2.41/avr/bin/../lib/gcc/avr/5.4.0/avr5/memx-const\libgcc.a(_copy_data.o)
 .text.libgcc   0x0000000000000000        0x0 c:/program files/microchip/xc8/v2.41/avr/bin/../lib/gcc/avr/5.4.0/avr5/memx-const\libgcc.a(_copy_data.o)
 .text.libgcc.prologue
                0x0000000000000000        0x0 c:/program files/microchip/xc8/v2.41/avr/bin/../lib/gcc/avr/5.4.0/avr5/memx-const\libgcc.a(_copy_data.o)
 .text.libgcc.builtins
                0x0000000000000000        0x0 c:/program files/microchip/xc8/v2.41/avr/bin/../lib/gcc/avr/5.4.0/avr5/memx-const\libgcc.a(_copy_data.o)
 .text.libgcc.fmul
                0x0000000000000000        0x0 c:/program files/microchip/xc8/v2.41/avr/bin/../lib/gcc/avr/5.4.0/avr5/memx-const\libgcc.a(_copy_data.o)
 .text.libgcc.fixed
                0x0000000000000000        0x0 c:/program files/microchip/xc8/v2.41/avr/bin/../lib/gcc/avr/5.4.0/avr5/memx-const\libgcc.a(_copy_data.o)
 .text          0x0000000000000000        0x0 c:/program files/microchip/xc8/v2.41/avr/bin/../lib/gcc/avr/5.4.0/../../../../avr/lib/avr5/memx-const\libc.a(exit.o)
 .data          0x0000000000000000        0x0 c:/program files/microchip/xc8/v2.41/avr/bin/../lib/gcc/avr/5.4.0/../../../../avr/lib/avr5/memx-const\libc.a(exit.o)
 .bss           0x0000000000000000        0x0 c:/program files/microchip/xc8/v2.41/avr/bin/../lib/gcc/avr/5.4.0/../../../../avr/lib/avr5/memx-const\libc.a(exit.o)
 .stack.descriptors
                0x0000000000000000       0x73 c:/program files/microchip/xc8/v2.41/avr/bin/../lib/gcc/avr/5.4.0/../../../../avr/lib/avr5/memx-const\libc.a(exit.o)
 .text          0x0000000000000000        0x0 c:/program files/microchip/xc8/v2.41/avr/bin/../lib/gcc/avr/5.4.0/../../../../avr/lib/avr5/memx-const\libc.a(_Exit.o)
 .data          0x0000000000000000        0x0 c:/program files/microchip/xc8/v2.41/avr/bin/../lib/gcc/avr/5.4.0/../../../../avr/lib/avr5/memx-const\libc.a(_Exit.o)
 .bss           0x0000000000000000        0x0 c:/program files/microchip/xc8/v2.41/avr/bin/../lib/gcc/avr/5.4.0/../../../../avr/lib/avr5/memx-const\libc.a(_Exit.o)
 .stack.descriptors
                0x0000000000000000       0x13 c:/program files/microchip/xc8/v2.41/avr/bin/../lib/gcc/avr/5.4.0/../../../../avr/lib/avr5/memx-const\libc.a(_Exit.o)
 .text          0x0000000000000000        0x0 c:/program files/microchip/xc8/v2.41/avr/bin/../lib/gcc/avr/5.4.0/avr5/memx-const\libgcc.a(_exit.o)
 .data          0x0000000000000000        0x0 c:/program files/microchip/xc8/v2.41/avr/bin/../lib/gcc/avr/5.4.0/avr5/memx-const\libgcc.a(_exit.o)
 .bss           0x0000000000000000        0x0 c:/program files/microchip/xc8/v2.41/avr/bin/../lib/gcc/avr/5.4.0/avr5/memx-const\libgcc.a(_exit.o)
 .text.libgcc.mul
                0x0000000000000000        0x0 c:/program files/microchip/xc8/v2.41/avr/bin/../lib/gcc/avr/5.4.0/avr5/memx-const\libgcc.a(_exit.o)
 .text.libgcc.div
                0x0000000000000000        0x0 c:/program files/microchip/xc8/v2.41/avr/bin/../lib/gcc/avr/5.4.0/avr5/memx-const\libgcc.a(_exit.o)
 .text.libgcc   0x0000000000000000        0x0 c:/program files/microchip/xc8/v2.41/avr/bin/../lib/gcc/avr/5.4.0/avr5/memx-const\libgcc.a(_exit.o)
 .text.libgcc.prologue
                0x0000000000000000        0x0 c:/program files/microchip/xc8/v2.41/avr/bin/../lib/gcc/avr/5.4.0/avr5/memx-const\libgcc.a(_exit.o)
 .stack.descriptors
                0x0000000000000000       0x13 c:/program files/microchip/xc8/v2.41/avr/bin/../lib/gcc/avr/5.4.0/avr5/memx-const\libgcc.a(_exit.o)
 .text.libgcc.builtins
                0x0000000000000000        0x0 c:/program files/microchip/xc8/v2.41/avr/bin/../lib/gcc/avr/5.4.0/avr5/memx-const\libgcc.a(_exit.o)
 .text.libgcc.fmul
                0x0000000000000000        0x0 c:/program files/microchip/xc8/v2.41/avr/bin/../lib/gcc/avr/5.4.0/avr5/memx-const\libgcc.a(_exit.o)
 .text.libgcc.fixed
                0x0000000000000000        0x0 c:/program files/microchip/xc8/v2.41/avr/bin/../lib/gcc/avr/5.4.0/avr5/memx-const\libgcc.a(_exit.o)

Memory Configuration

Name             Origin             Length             Attributes
text             0x0000000000000000 0x0000000000008000 xr
data             0x0000000000800060 0x0000000000000800 rw !x
eeprom           0x0000000000810000 0x0000000000000400 rw !x
fuse             0x0000000000820000 0x0000000000000002 rw !x
lock             0x0000000000830000 0x0000000000000400 rw !x
signature        0x0000000000840000 0x0000000000000400 rw !x
user_signatures  0x0000000000850000 0x0000000000000400 rw !x
bootrow          0x0000000000860000 0x0000000000000400 rw !x
*default*        0x0000000000000000 0xffffffffffffffff

Linker script and memory map

LOAD C:/Program Files/Microchip/MPLABX/v6.10/packs/Microchip/ATmega_DFP/3.0.158/xc8/avr/lib/avr5/memx-const/crtatmega32.o
                0x0000000000000001                __MPLAB_BUILD = 0x1
LOAD build/default/production/HAL_Layer/LED/hal_led.o
LOAD build/default/production/MCAL_Layer/DIO/mcal_dio.o
LOAD build/default/production/application.o
LOAD build/default/production/HAL_Layer/button/hal_button.o
LOAD build/default/production/HAL_Layer/7_Segment/hal_seven_segment.o
START GROUP
LOAD c:/program files/microchip/xc8/v2.41/avr/bin/../lib/gcc/avr/5.4.0/../../../../avr/lib/avr5/memx-const\libm.a
END GROUP
START GROUP
LOAD c:/program files/microchip/xc8/v2.41/avr/bin/../lib/gcc/avr/5.4.0/avr5/memx-const\libgcc.a
LOAD c:/program files/microchip/xc8/v2.41/avr/bin/../lib/gcc/avr/5.4.0/../../../../avr/lib/avr5/memx-const\libm.a
LOAD c:/program files/microchip/xc8/v2.41/avr/bin/../lib/gcc/avr/5.4.0/../../../../avr/lib/avr5/memx-const\libc.a
LOAD C:/Program Files/Microchip/MPLABX/v6.10/packs/Microchip/ATmega_DFP/3.0.158/xc8/avr/lib/avr5/memx-const\libatmega32.a
END GROUP
                0x0000000000000000                __TEXT_REGION_ORIGIN__ = DEFINED (__TEXT_REGION_ORIGIN__)?__TEXT_REGION_ORIGIN__:0x0
                [0x0000000000800060]                __DATA_REGION_ORIGIN__ = DEFINED (__DATA_REGION_ORIGIN__)?__DATA_REGION_ORIGIN__:0x800060
                [0x0000000000008000]                __TEXT_REGION_LENGTH__ = DEFINED (__TEXT_REGION_LENGTH__)?__TEXT_REGION_LENGTH__:0x20000
                [0x0000000000000800]                __DATA_REGION_LENGTH__ = DEFINED (__DATA_REGION_LENGTH__)?__DATA_REGION_LENGTH__:0xffa0
                [0x0000000000000400]                __EEPROM_REGION_LENGTH__ = DEFINED (__EEPROM_REGION_LENGTH__)?__EEPROM_REGION_LENGTH__:0x10000
                [0x0000000000000002]                __FUSE_REGION_LENGTH__ = DEFINED (__FUSE_REGION_LENGTH__)?__FUSE_REGION_LENGTH__:0x400
                0x0000000000000400                __LOCK_REGION_LENGTH__ = DEFINED (__LOCK_REGION_LENGTH__)?__LOCK_REGION_LENGTH__:0x400
                0x0000000000000400                __SIGNATURE_REGION_LENGTH__ = DEFINED (__SIGNATURE_REGION_LENGTH__)?__SIGNATURE_REGION_LENGTH__:0x400
                0x0000000000000400                __USER_SIGNATURE_REGION_LENGTH__ = DEFINED (__USER_SIGNATURE_REGION_LENGTH__)?__USER_SIGNATURE_REGION_LENGTH__:0x400
                0x0000000000000400                __BOOTROW_REGION_LENGTH__ = DEFINED (__BOOTROW_REGION_LENGTH__)?__BOOTROW_REGION_LENGTH__:0x400

.hash
 *(.hash)

.dynsym
 *(.dynsym)

.dynstr
 *(.dynstr)

.gnu.version
 *(.gnu.version)

.gnu.version_d
 *(.gnu.version_d)

.gnu.version_r
 *(.gnu.version_r)

.rel.init
 *(.rel.init)

.rela.init
 *(.rela.init)

.rel.text
 *(.rel.text)
 *(.rel.text.*)
 *(.rel.gnu.linkonce.t*)

.rela.text
 *(.rela.text)
 *(.rela.text.*)
 *(.rela.gnu.linkonce.t*)

.rel.fini
 *(.rel.fini)

.rela.fini
 *(.rela.fini)

.rel.rodata
 *(.rel.rodata)
 *(.rel.rodata.*)
 *(.rel.gnu.linkonce.r*)

.rela.rodata
 *(.rela.rodata)
 *(.rela.rodata.*)
 *(.rela.gnu.linkonce.r*)

.rel.data
 *(.rel.data)
 *(.rel.data.*)
 *(.rel.gnu.linkonce.d*)

.rela.data
 *(.rela.data)
 *(.rela.data.*)
 *(.rela.gnu.linkonce.d*)

.rel.ctors
 *(.rel.ctors)

.rela.ctors
 *(.rela.ctors)

.rel.dtors
 *(.rel.dtors)

.rela.dtors
 *(.rela.dtors)

.rel.got
 *(.rel.got)

.rela.got
 *(.rela.got)

.rel.bss
 *(.rel.bss)

.rela.bss
 *(.rela.bss)

.rel.plt
 *(.rel.plt)

.rela.plt
 *(.rela.plt)

.text           0x0000000000000000       0xb0
 *(.vectors)
 .vectors       0x0000000000000000       0x54 C:/Program Files/Microchip/MPLABX/v6.10/packs/Microchip/ATmega_DFP/3.0.158/xc8/avr/lib/avr5/memx-const/crtatmega32.o
                0x0000000000000000                __vector_default
                0x0000000000000000                __vectors
 *(.vectors)
 *(.progmem.gcc*)
 *(.dinit)
 .dinit         0x0000000000000054        0x7 data_init
                0x000000000000005c                . = ALIGN (0x2)
 *fill*         0x000000000000005b        0x1 
                0x000000000000005c                __trampolines_start = .
 *(.trampolines)
 .trampolines   0x000000000000005c        0x0 linker stubs
 *(.trampolines*)
                0x000000000000005c                __trampolines_end = .
 *libprintf_flt.a:*(.progmem.data)
 *libc.a:*(.progmem.data)
                0x000000000000005c                . = ALIGN (0x2)
 *(.jumptables)
 *(.jumptables*)
 *(.lowtext)
 *(.lowtext*)
                0x000000000000005c                __ctors_start = .
 *(.ctors)
                0x000000000000005c                __ctors_end = .
                0x000000000000005c                __dtors_start = .
 *(.dtors)
                0x000000000000005c                __dtors_end = .
 SORT(*)(.ctors)
 SORT(*)(.dtors)
 *(.init0)
 .init0         0x000000000000005c        0x0 C:/Program Files/Microchip/MPLABX/v6.10/packs/Microchip/ATmega_DFP/3.0.158/xc8/avr/lib/avr5/memx-const/crtatmega32.o
                0x000000000000005c                __init
 *(.init0)
 *(.init1)
 *(.init1)
 *(.init2)
 .init2         0x000000000000005c        0xc C:/Program Files/Microchip/MPLABX/v6.10/packs/Microchip/ATmega_DFP/3.0.158/xc8/avr/lib/avr5/memx-const/crtatmega32.o
 *(.init2)
 *(.init3)
 *(.init3)
 *(.init4)
 .init4         0x0000000000000068       0x3c c:/program files/microchip/xc8/v2.41/avr/bin/../lib/gcc/avr/5.4.0/avr5/memx-const\libgcc.a(_copy_data.o)
                0x0000000000000068                __do_copy_data
                0x0000000000000096                __do_clear_bss
 *(.init4)
 *(.init5)
 *(.init5)
 *(.init6)
 *(.init6)
 *(.init7)
 *(.init7)
 *(.init8)
 *(.init8)
 *(.init9)
 .init9         0x00000000000000a4        0x8 C:/Program Files/Microchip/MPLABX/v6.10/packs/Microchip/ATmega_DFP/3.0.158/xc8/avr/lib/avr5/memx-const/crtatmega32.o
 *(.init9)
                0x00000000000000ac                . = ALIGN (0x2)
 *(.fini9)
 .fini9         0x00000000000000ac        0x0 c:/program files/microchip/xc8/v2.41/avr/bin/../lib/gcc/avr/5.4.0/avr5/memx-const\libgcc.a(_exit.o)
                0x00000000000000ac                _exit
 *(.fini9)
 *(.fini8)
 *(.fini8)
 *(.fini7)
 *(.fini7)
 *(.fini6)
 *(.fini6)
 *(.fini5)
 *(.fini5)
 *(.fini4)
 *(.fini4)
 *(.fini3)
 *(.fini3)
 *(.fini2)
 *(.fini2)
 *(.fini1)
 *(.fini1)
 *(.fini0)
 .fini0         0x00000000000000ac        0x4 c:/program files/microchip/xc8/v2.41/avr/bin/../lib/gcc/avr/5.4.0/avr5/memx-const\libgcc.a(_exit.o)
 *(.fini0)
                0x00000000000000b0                _etext = .

.data           0x0000000000800060        0x0 load address 0x00000000000000b0
                [!provide]                        PROVIDE (__data_start, .)
 *(.gnu.linkonce.d*)
 *(.gnu.linkonce.r*)
                0x0000000000800060                . = ALIGN (0x2)
                0x0000000000800060                _edata = .
                [!provide]                        PROVIDE (__data_end, .)

.bss            0x0000000000800060        0x0
                [!provide]                        PROVIDE (__bss_start, .)
 *(COMMON)
                [!provide]                        PROVIDE (__bss_end, .)
                0x00000000000000b0                __data_load_start = LOADADDR (.data)
                0x00000000000000b0                __data_load_end = (__data_load_start + SIZEOF (.data))

.noinit         0x0000000000800060        0x0
                [!provide]                        PROVIDE (__noinit_start, .)
 *(.noinit*)
                [!provide]                        PROVIDE (__noinit_end, .)
                0x0000000000800060                _end = .

.eeprom         0x0000000000810000        0x0
 *(.eeprom*)
                0x0000000000810000                __eeprom_end = .

.fuse
 *(.fuse)
 *(.lfuse)
 *(.hfuse)
 *(.efuse)

.lock
 *(.lock*)

.signature
 *(.signature*)

.user_signatures
 *(.user_signatures*)

.bootrow
 *(.bootrow*)

.stab
 *(.stab)

.stabstr
 *(.stabstr)

.stab.excl
 *(.stab.excl)

.stab.exclstr
 *(.stab.exclstr)

.stab.index
 *(.stab.index)

.stab.indexstr
 *(.stab.indexstr)

.comment        0x0000000000000000       0x5b
 *(.comment)
 .comment       0x0000000000000000       0x2f build/default/production/MCAL_Layer/DIO/mcal_dio.o
                                         0x30 (size before relaxing)
 .comment       0x000000000000002f       0x30 build/default/production/application.o
 .comment       0x000000000000002f       0x30 build/default/production/HAL_Layer/7_Segment/hal_seven_segment.o
 .comment       0x000000000000002f       0x2c c:/program files/microchip/xc8/v2.41/avr/bin/../lib/gcc/avr/5.4.0/../../../../avr/lib/avr5/memx-const\libc.a(exit.o)
                                         0x2d (size before relaxing)
 .comment       0x000000000000005b       0x2d c:/program files/microchip/xc8/v2.41/avr/bin/../lib/gcc/avr/5.4.0/../../../../avr/lib/avr5/memx-const\libc.a(_Exit.o)

.stack.descriptors.hdr
                0x0000000000000000       0x2a
 .stack.descriptors.hdr
                0x0000000000000000        0xe c:/program files/microchip/xc8/v2.41/avr/bin/../lib/gcc/avr/5.4.0/../../../../avr/lib/avr5/memx-const\libc.a(exit.o)
 .stack.descriptors.hdr
                0x000000000000000e        0xe c:/program files/microchip/xc8/v2.41/avr/bin/../lib/gcc/avr/5.4.0/../../../../avr/lib/avr5/memx-const\libc.a(_Exit.o)
 .stack.descriptors.hdr
                0x000000000000001c        0xe c:/program files/microchip/xc8/v2.41/avr/bin/../lib/gcc/avr/5.4.0/avr5/memx-const\libgcc.a(_exit.o)

.note.GNU-stack
                0x0000000000000000        0x0
 .note.GNU-stack
                0x0000000000000000        0x0 c:/program files/microchip/xc8/v2.41/avr/bin/../lib/gcc/avr/5.4.0/../../../../avr/lib/avr5/memx-const\libc.a(exit.o)
 .note.GNU-stack
                0x0000000000000000        0x0 c:/program files/microchip/xc8/v2.41/avr/bin/../lib/gcc/avr/5.4.0/../../../../avr/lib/avr5/memx-const\libc.a(_Exit.o)

.note.gnu.build-id
 *(.note.gnu.build-id)

.debug
 *(.debug)

.line
 *(.line)

.debug_srcinfo
 *(.debug_srcinfo)

.debug_sfnames
 *(.debug_sfnames)

.debug_aranges  0x0000000000000000       0xe8
 *(.debug_aranges)
 .debug_aranges
                0x0000000000000000       0x80 build/default/production/MCAL_Layer/DIO/mcal_dio.o
 .debug_aranges
                0x0000000000000080       0x28 build/default/production/application.o
 .debug_aranges
                0x00000000000000a8       0x40 build/default/production/HAL_Layer/7_Segment/hal_seven_segment.o

.debug_pubnames
 *(.debug_pubnames)

.debug_info     0x0000000000000000     0x222b
 *(.debug_info .gnu.linkonce.wi.*)
 .debug_info    0x0000000000000000      0x4e6 C:/Program Files/Microchip/MPLABX/v6.10/packs/Microchip/ATmega_DFP/3.0.158/xc8/avr/lib/avr5/memx-const/crtatmega32.o
 .debug_info    0x00000000000004e6      0x989 build/default/production/MCAL_Layer/DIO/mcal_dio.o
 .debug_info    0x0000000000000e6f      0x5fc build/default/production/application.o
 .debug_info    0x000000000000146b      0xdc0 build/default/production/HAL_Layer/7_Segment/hal_seven_segment.o

.debug_abbrev   0x0000000000000000      0x88d
 *(.debug_abbrev)
 .debug_abbrev  0x0000000000000000      0x4a3 C:/Program Files/Microchip/MPLABX/v6.10/packs/Microchip/ATmega_DFP/3.0.158/xc8/avr/lib/avr5/memx-const/crtatmega32.o
 .debug_abbrev  0x00000000000004a3      0x169 build/default/production/MCAL_Layer/DIO/mcal_dio.o
 .debug_abbrev  0x000000000000060c      0x104 build/default/production/application.o
 .debug_abbrev  0x0000000000000710      0x17d build/default/production/HAL_Layer/7_Segment/hal_seven_segment.o

.debug_line     0x0000000000000000      0x99b
 *(.debug_line .debug_line.* .debug_line_end)
 .debug_line    0x0000000000000000      0x119 C:/Program Files/Microchip/MPLABX/v6.10/packs/Microchip/ATmega_DFP/3.0.158/xc8/avr/lib/avr5/memx-const/crtatmega32.o
 .debug_line    0x0000000000000119      0x42a build/default/production/MCAL_Layer/DIO/mcal_dio.o
 .debug_line    0x0000000000000543       0xdc build/default/production/application.o
 .debug_line    0x000000000000061f      0x37c build/default/production/HAL_Layer/7_Segment/hal_seven_segment.o

.debug_frame    0x0000000000000000      0x248
 *(.debug_frame)
 .debug_frame   0x0000000000000000      0x104 build/default/production/MCAL_Layer/DIO/mcal_dio.o
 .debug_frame   0x0000000000000104       0x34 build/default/production/application.o
 .debug_frame   0x0000000000000138      0x110 build/default/production/HAL_Layer/7_Segment/hal_seven_segment.o

.debug_str      0x0000000000000000      0x234
 *(.debug_str)
 .debug_str     0x0000000000000000      0x196 C:/Program Files/Microchip/MPLABX/v6.10/packs/Microchip/ATmega_DFP/3.0.158/xc8/avr/lib/avr5/memx-const/crtatmega32.o
 .debug_str     0x0000000000000196       0x31 build/default/production/MCAL_Layer/DIO/mcal_dio.o
 .debug_str     0x00000000000001c7       0x40 build/default/production/application.o
 .debug_str     0x0000000000000207       0x2d build/default/production/HAL_Layer/7_Segment/hal_seven_segment.o

.debug_loc      0x0000000000000000      0x8d1
 *(.debug_loc)
 .debug_loc     0x0000000000000000      0x3fa build/default/production/MCAL_Layer/DIO/mcal_dio.o
 .debug_loc     0x00000000000003fa       0x1f build/default/production/application.o
 .debug_loc     0x0000000000000419      0x4b8 build/default/production/HAL_Layer/7_Segment/hal_seven_segment.o

.debug_macinfo
 *(.debug_macinfo)

.debug_weaknames
 *(.debug_weaknames)

.debug_funcnames
 *(.debug_funcnames)

.debug_typenames
 *(.debug_typenames)

.debug_varnames
 *(.debug_varnames)

.debug_pubtypes
 *(.debug_pubtypes)

.debug_ranges   0x0000000000000000       0xb8
 *(.debug_ranges)
 .debug_ranges  0x0000000000000000       0x70 build/default/production/MCAL_Layer/DIO/mcal_dio.o
 .debug_ranges  0x0000000000000070       0x18 build/default/production/application.o
 .debug_ranges  0x0000000000000088       0x30 build/default/production/HAL_Layer/7_Segment/hal_seven_segment.o

.debug_macro
 *(.debug_macro)
OUTPUT(dist/default/production/COST.production.elf elf32-avr)
LOAD linker stubs
LOAD data_init

.note.gnu.avr.deviceinfo
                0x0000000000000000       0x3c
 .note.gnu.avr.deviceinfo
                0x0000000000000000       0x3c C:/Program Files/Microchip/MPLABX/v6.10/packs/Microchip/ATmega_DFP/3.0.158/xc8/avr/lib/avr5/memx-const/crtatmega32.o

.text.hal_seven_segement_write_one_digit
                0x00000000000000b0       0xc2
 .text.hal_seven_segement_write_one_digit
                0x00000000000000b0       0xc2 build/default/production/HAL_Layer/7_Segment/hal_seven_segment.o
                0x00000000000000b0                hal_seven_segement_write_one_digit

.text.dio_pin_direction_intialize
                0x0000000000000172       0xae
 .text.dio_pin_direction_intialize
                0x0000000000000172       0xae build/default/production/MCAL_Layer/DIO/mcal_dio.o
                0x0000000000000172                dio_pin_direction_intialize

.text.dio_set_pin_pull_up
                0x0000000000000220       0xac
 .text.dio_set_pin_pull_up
                0x0000000000000220       0xac build/default/production/MCAL_Layer/DIO/mcal_dio.o
                0x0000000000000220                dio_set_pin_pull_up

.text.hal_seven_segement_intialize
                0x00000000000002cc       0x98
 .text.hal_seven_segement_intialize
                0x00000000000002cc       0x98 build/default/production/HAL_Layer/7_Segment/hal_seven_segment.o
                0x00000000000002cc                hal_seven_segement_intialize

.text.dio_pin_write_logic
                0x0000000000000364       0x94
 .text.dio_pin_write_logic
                0x0000000000000364       0x94 build/default/production/MCAL_Layer/DIO/mcal_dio.o
                0x0000000000000364                dio_pin_write_logic

.text.dio_pin_intialize
                0x00000000000003f8       0x40
 .text.dio_pin_intialize
                0x00000000000003f8       0x40 build/default/production/MCAL_Layer/DIO/mcal_dio.o
                0x00000000000003f8                dio_pin_intialize

.text.main      0x0000000000000438       0x1a
 .text.main     0x0000000000000438       0x1a build/default/production/application.o
                0x0000000000000438                main

.text.exit      0x0000000000000452       0x16
 .text.exit     0x0000000000000452       0x16 c:/program files/microchip/xc8/v2.41/avr/bin/../lib/gcc/avr/5.4.0/../../../../avr/lib/avr5/memx-const\libc.a(exit.o)
                0x0000000000000452                exit

.text.application_initialize
                0x0000000000000468        0xc
 .text.application_initialize
                0x0000000000000468        0xc build/default/production/application.o
                0x0000000000000468                application_initialize

.text           0x0000000000000474        0x4
 .text          0x0000000000000474        0x4 C:/Program Files/Microchip/MPLABX/v6.10/packs/Microchip/ATmega_DFP/3.0.158/xc8/avr/lib/avr5/memx-const/crtatmega32.o
                0x0000000000000474                __vector_1
                0x0000000000000474                __vector_12
                0x0000000000000474                __bad_interrupt
                0x0000000000000474                __vector_6
                0x0000000000000474                __vector_3
                0x0000000000000474                __vector_11
                0x0000000000000474                __vector_13
                0x0000000000000474                __vector_17
                0x0000000000000474                __vector_19
                0x0000000000000474                __vector_7
                0x0000000000000474                __vector_5
                0x0000000000000474                __vector_4
                0x0000000000000474                __vector_9
                0x0000000000000474                __vector_2
                0x0000000000000474                __vector_15
                0x0000000000000474                __vector_8
                0x0000000000000474                __vector_14
                0x0000000000000474                __vector_10
                0x0000000000000474                __vector_16
                0x0000000000000474                __vector_18
                0x0000000000000474                __vector_20

.text._Exit     0x0000000000000478        0x4
 .text._Exit    0x0000000000000478        0x4 c:/program files/microchip/xc8/v2.41/avr/bin/../lib/gcc/avr/5.4.0/../../../../avr/lib/avr5/memx-const\libc.a(_Exit.o)
                0x0000000000000478                _Exit

.text.__dummy_fini
                0x000000000000047c        0x2
 .text.__dummy_fini
                0x000000000000047c        0x2 c:/program files/microchip/xc8/v2.41/avr/bin/../lib/gcc/avr/5.4.0/../../../../avr/lib/avr5/memx-const\libc.a(exit.o)
                0x000000000000047c                _fini

.text.__dummy_funcs_on_exit
                0x000000000000047e        0x2
 .text.__dummy_funcs_on_exit
                0x000000000000047e        0x2 c:/program files/microchip/xc8/v2.41/avr/bin/../lib/gcc/avr/5.4.0/../../../../avr/lib/avr5/memx-const\libc.a(exit.o)
                0x000000000000047e                __funcs_on_exit

.text.__dummy_simulator_exit
                0x0000000000000480        0x2
 .text.__dummy_simulator_exit
                0x0000000000000480        0x2 c:/program files/microchip/xc8/v2.41/avr/bin/../lib/gcc/avr/5.4.0/../../../../avr/lib/avr5/memx-const\libc.a(exit.o)
                0x0000000000000480                __simulator_exit

.data.port_registers
                0x0000000000800060        0x8 load address 0x0000000000000482
 .data.port_registers
                0x0000000000800060        0x8 build/default/production/MCAL_Layer/DIO/mcal_dio.o
                0x0000000000800060                port_registers

.data.ddr_registers
                0x0000000000800068        0x8 load address 0x000000000000048a
 .data.ddr_registers
                0x0000000000800068        0x8 build/default/production/MCAL_Layer/DIO/mcal_dio.o
                0x0000000000800068                ddr_registers

.data.segment   0x0000000000800070        0x8 load address 0x0000000000000492
 .data.segment  0x0000000000800070        0x8 build/default/production/application.o
                0x0000000000800070                segment
