Archive member included to satisfy reference by file (symbol)

c:/program files/microchip/xc8/v2.41/avr/bin/../lib/gcc/avr/5.4.0/avr5/memx-const\libgcc.a(_udivmodsi4.o)
                              build/default/production/HAL_Layer/LCD/hal_lcd.o (__udivmodsi4)
c:/program files/microchip/xc8/v2.41/avr/bin/../lib/gcc/avr/5.4.0/avr5/memx-const\libgcc.a(_tablejump2.o)
                              build/default/production/MCAL_Layer/ADC/hal_adc.o (__tablejump2__)
c:/program files/microchip/xc8/v2.41/avr/bin/../lib/gcc/avr/5.4.0/avr5/memx-const\libgcc.a(_copy_data.o)
                              build/default/production/MCAL_Layer/DIO/mcal_dio.o (__do_copy_data)
c:/program files/microchip/xc8/v2.41/avr/bin/../lib/gcc/avr/5.4.0/avr5/memx-const\libgcc.a(_xload_2.o)
                              build/default/production/MCAL_Layer/ADC/hal_adc.o (__xload_2)
c:/program files/microchip/xc8/v2.41/avr/bin/../lib/gcc/avr/5.4.0/../../../../avr/lib/avr5/memx-const\libc.a(exit.o)
                              C:/Program Files/Microchip/MPLABX/v6.10/packs/Microchip/ATmega_DFP/3.0.158/xc8/avr/lib/avr5/memx-const/crtatmega32.o (exit)
c:/program files/microchip/xc8/v2.41/avr/bin/../lib/gcc/avr/5.4.0/../../../../avr/lib/avr5/memx-const\libc.a(_Exit.o)
                              c:/program files/microchip/xc8/v2.41/avr/bin/../lib/gcc/avr/5.4.0/../../../../avr/lib/avr5/memx-const\libc.a(exit.o) (_Exit)
c:/program files/microchip/xc8/v2.41/avr/bin/../lib/gcc/avr/5.4.0/avr5/memx-const\libgcc.a(_exit.o)
                              c:/program files/microchip/xc8/v2.41/avr/bin/../lib/gcc/avr/5.4.0/../../../../avr/lib/avr5/memx-const\libc.a(_Exit.o) (_exit)

Discarded input sections

 .data          0x0000000000000000        0x0 C:/Program Files/Microchip/MPLABX/v6.10/packs/Microchip/ATmega_DFP/3.0.158/xc8/avr/lib/avr5/memx-const/crtatmega32.o
 .bss           0x0000000000000000        0x0 C:/Program Files/Microchip/MPLABX/v6.10/packs/Microchip/ATmega_DFP/3.0.158/xc8/avr/lib/avr5/memx-const/crtatmega32.o
 .text          0x0000000000000000        0x0 build/default/production/HAL_Layer/7_Segment/hal_seven_segment.o
 .data          0x0000000000000000        0x0 build/default/production/HAL_Layer/7_Segment/hal_seven_segment.o
 .bss           0x0000000000000000        0x0 build/default/production/HAL_Layer/7_Segment/hal_seven_segment.o
 .text.hal_seven_segement_intialize
                0x0000000000000000       0x98 build/default/production/HAL_Layer/7_Segment/hal_seven_segment.o
 .text.hal_seven_segement_write_one_digit
                0x0000000000000000       0xc2 build/default/production/HAL_Layer/7_Segment/hal_seven_segment.o
 .text.hal_seven_segement_write_two_digit
                0x0000000000000000      0x1e2 build/default/production/HAL_Layer/7_Segment/hal_seven_segment.o
 .text.hal_seven_segement_write_three_digit
                0x0000000000000000       0xc2 build/default/production/HAL_Layer/7_Segment/hal_seven_segment.o
 .text.hal_seven_segement_write_four_digit
                0x0000000000000000       0xc2 build/default/production/HAL_Layer/7_Segment/hal_seven_segment.o
 .debug_info    0x0000000000000000      0xdc8 build/default/production/HAL_Layer/7_Segment/hal_seven_segment.o
 .debug_abbrev  0x0000000000000000      0x17d build/default/production/HAL_Layer/7_Segment/hal_seven_segment.o
 .debug_loc     0x0000000000000000      0x4b8 build/default/production/HAL_Layer/7_Segment/hal_seven_segment.o
 .debug_aranges
                0x0000000000000000       0x40 build/default/production/HAL_Layer/7_Segment/hal_seven_segment.o
 .debug_ranges  0x0000000000000000       0x30 build/default/production/HAL_Layer/7_Segment/hal_seven_segment.o
 .debug_line    0x0000000000000000      0x380 build/default/production/HAL_Layer/7_Segment/hal_seven_segment.o
 .debug_str     0x0000000000000000       0x2d build/default/production/HAL_Layer/7_Segment/hal_seven_segment.o
 .comment       0x0000000000000000       0x30 build/default/production/HAL_Layer/7_Segment/hal_seven_segment.o
 .debug_frame   0x0000000000000000      0x110 build/default/production/HAL_Layer/7_Segment/hal_seven_segment.o
 .text          0x0000000000000000        0x0 build/default/production/HAL_Layer/button/hal_button.o
 .data          0x0000000000000000        0x0 build/default/production/HAL_Layer/button/hal_button.o
 .bss           0x0000000000000000        0x0 build/default/production/HAL_Layer/button/hal_button.o
 .text.hal_button_initialize
                0x0000000000000000       0x12 build/default/production/HAL_Layer/button/hal_button.o
 .text.hal_button_read_state
                0x0000000000000000       0x90 build/default/production/HAL_Layer/button/hal_button.o
 .debug_info    0x0000000000000000      0x579 build/default/production/HAL_Layer/button/hal_button.o
 .debug_abbrev  0x0000000000000000      0x104 build/default/production/HAL_Layer/button/hal_button.o
 .debug_loc     0x0000000000000000      0x150 build/default/production/HAL_Layer/button/hal_button.o
 .debug_aranges
                0x0000000000000000       0x28 build/default/production/HAL_Layer/button/hal_button.o
 .debug_ranges  0x0000000000000000       0x18 build/default/production/HAL_Layer/button/hal_button.o
 .debug_line    0x0000000000000000      0x15a build/default/production/HAL_Layer/button/hal_button.o
 .debug_str     0x0000000000000000       0x2f build/default/production/HAL_Layer/button/hal_button.o
 .comment       0x0000000000000000       0x30 build/default/production/HAL_Layer/button/hal_button.o
 .debug_frame   0x0000000000000000       0x60 build/default/production/HAL_Layer/button/hal_button.o
 .text          0x0000000000000000        0x0 build/default/production/HAL_Layer/keypad/hal_keypad.o
 .data          0x0000000000000000        0x0 build/default/production/HAL_Layer/keypad/hal_keypad.o
 .bss           0x0000000000000000        0x0 build/default/production/HAL_Layer/keypad/hal_keypad.o
 .text.keypad_initialize
                0x0000000000000000       0x82 build/default/production/HAL_Layer/keypad/hal_keypad.o
 .text.keypad_get_value
                0x0000000000000000      0x178 build/default/production/HAL_Layer/keypad/hal_keypad.o
 .progmemx.data.btn_values
                0x0000000000000000       0x10 build/default/production/HAL_Layer/keypad/hal_keypad.o
 .debug_info    0x0000000000000000      0x653 build/default/production/HAL_Layer/keypad/hal_keypad.o
 .debug_abbrev  0x0000000000000000      0x1bb build/default/production/HAL_Layer/keypad/hal_keypad.o
 .debug_loc     0x0000000000000000      0x357 build/default/production/HAL_Layer/keypad/hal_keypad.o
 .debug_aranges
                0x0000000000000000       0x28 build/default/production/HAL_Layer/keypad/hal_keypad.o
 .debug_ranges  0x0000000000000000       0x18 build/default/production/HAL_Layer/keypad/hal_keypad.o
 .debug_line    0x0000000000000000      0x223 build/default/production/HAL_Layer/keypad/hal_keypad.o
 .debug_str     0x0000000000000000       0x7e build/default/production/HAL_Layer/keypad/hal_keypad.o
 .comment       0x0000000000000000       0x30 build/default/production/HAL_Layer/keypad/hal_keypad.o
 .debug_frame   0x0000000000000000       0xbc build/default/production/HAL_Layer/keypad/hal_keypad.o
 .text          0x0000000000000000        0x0 build/default/production/HAL_Layer/LCD/hal_lcd.o
 .data          0x0000000000000000        0x0 build/default/production/HAL_Layer/LCD/hal_lcd.o
 .bss           0x0000000000000000        0x0 build/default/production/HAL_Layer/LCD/hal_lcd.o
 .text.lcd_send_4bits
                0x0000000000000000       0x60 build/default/production/HAL_Layer/LCD/hal_lcd.o
 .text.lcd_4bit_send_enable_signal
                0x0000000000000000       0x36 build/default/production/HAL_Layer/LCD/hal_lcd.o
 .text.lcd_4bit_send_command
                0x0000000000000000       0x52 build/default/production/HAL_Layer/LCD/hal_lcd.o
 .text.lcd_4bit_intialize
                0x0000000000000000       0xf4 build/default/production/HAL_Layer/LCD/hal_lcd.o
 .text.lcd_4bit_set_cursor
                0x0000000000000000       0x42 build/default/production/HAL_Layer/LCD/hal_lcd.o
 .text.lcd_4bit_clear_command
                0x0000000000000000       0x30 build/default/production/HAL_Layer/LCD/hal_lcd.o
 .text.lcd_4bit_send_char_data
                0x0000000000000000       0x52 build/default/production/HAL_Layer/LCD/hal_lcd.o
 .text.lcd_4bit_send_char_data_pos
                0x0000000000000000       0x30 build/default/production/HAL_Layer/LCD/hal_lcd.o
 .text.lcd_4bit_send_string
                0x0000000000000000       0x42 build/default/production/HAL_Layer/LCD/hal_lcd.o
 .text.lcd_4bit_send_string_pos
                0x0000000000000000       0x4a build/default/production/HAL_Layer/LCD/hal_lcd.o
 .text.lcd_4bit_send_uint32
                0x0000000000000000       0xd4 build/default/production/HAL_Layer/LCD/hal_lcd.o
 .text.lcd_4bit_send_uint32_pos
                0x0000000000000000       0x56 build/default/production/HAL_Layer/LCD/hal_lcd.o
 .text.lcd_4bit_send_custom_char
                0x0000000000000000       0x96 build/default/production/HAL_Layer/LCD/hal_lcd.o
 .text.convert_uint32_to_string
                0x0000000000000000      0x14e build/default/production/HAL_Layer/LCD/hal_lcd.o
 .text.convert_string_to_uint32
                0x0000000000000000       0x90 build/default/production/HAL_Layer/LCD/hal_lcd.o
 .debug_info    0x0000000000000000     0x11bc build/default/production/HAL_Layer/LCD/hal_lcd.o
 .debug_abbrev  0x0000000000000000      0x253 build/default/production/HAL_Layer/LCD/hal_lcd.o
 .debug_loc     0x0000000000000000     0x10c1 build/default/production/HAL_Layer/LCD/hal_lcd.o
 .debug_aranges
                0x0000000000000000       0x90 build/default/production/HAL_Layer/LCD/hal_lcd.o
 .debug_ranges  0x0000000000000000       0x80 build/default/production/HAL_Layer/LCD/hal_lcd.o
 .debug_line    0x0000000000000000      0x587 build/default/production/HAL_Layer/LCD/hal_lcd.o
 .debug_str     0x0000000000000000       0x53 build/default/production/HAL_Layer/LCD/hal_lcd.o
 .comment       0x0000000000000000       0x30 build/default/production/HAL_Layer/LCD/hal_lcd.o
 .debug_frame   0x0000000000000000      0x32c build/default/production/HAL_Layer/LCD/hal_lcd.o
 .text          0x0000000000000000        0x0 build/default/production/HAL_Layer/LED/hal_led.o
 .data          0x0000000000000000        0x0 build/default/production/HAL_Layer/LED/hal_led.o
 .bss           0x0000000000000000        0x0 build/default/production/HAL_Layer/LED/hal_led.o
 .text.hal_led_turn_off
                0x0000000000000000       0x6c build/default/production/HAL_Layer/LED/hal_led.o
 .text.hal_led_turn_toggle
                0x0000000000000000       0x6a build/default/production/HAL_Layer/LED/hal_led.o
 .text          0x0000000000000000        0x0 build/default/production/MCAL_Layer/ADC/hal_adc.o
 .data          0x0000000000000000        0x0 build/default/production/MCAL_Layer/ADC/hal_adc.o
 .bss           0x0000000000000000        0x0 build/default/production/MCAL_Layer/ADC/hal_adc.o
 .text.ADC_Init
                0x0000000000000000      0x310 build/default/production/MCAL_Layer/ADC/hal_adc.o
 .progmem.gcc_sw_table.ADC_Init
                0x0000000000000000       0x60 build/default/production/MCAL_Layer/ADC/hal_adc.o
 .text.ADC_DeInit
                0x0000000000000000       0x12 build/default/production/MCAL_Layer/ADC/hal_adc.o
 .text.ADC_StartConversion
                0x0000000000000000       0x10 build/default/production/MCAL_Layer/ADC/hal_adc.o
 .text.ADC_IsConversionDone
                0x0000000000000000       0x18 build/default/production/MCAL_Layer/ADC/hal_adc.o
 .text.ADC_GetConversionResult
                0x0000000000000000       0x78 build/default/production/MCAL_Layer/ADC/hal_adc.o
 .text.ADC_GetConversion_Polling
                0x0000000000000000       0x1a build/default/production/MCAL_Layer/ADC/hal_adc.o
 .text.ADC_StartConversion_Interrupt
                0x0000000000000000       0x12 build/default/production/MCAL_Layer/ADC/hal_adc.o
 .text          0x0000000000000000        0x0 build/default/production/MCAL_Layer/DIO/mcal_dio.o
 .data          0x0000000000000000        0x0 build/default/production/MCAL_Layer/DIO/mcal_dio.o
 .bss           0x0000000000000000        0x0 build/default/production/MCAL_Layer/DIO/mcal_dio.o
 .text.dio_pin_get_direction_status
                0x0000000000000000       0x5a build/default/production/MCAL_Layer/DIO/mcal_dio.o
 .text.dio_pin_read_logic
                0x0000000000000000       0x5a build/default/production/MCAL_Layer/DIO/mcal_dio.o
 .text.dio_pin_toggle_logic
                0x0000000000000000       0x50 build/default/production/MCAL_Layer/DIO/mcal_dio.o
 .text.dio_set_port_pull_up
                0x0000000000000000       0x22 build/default/production/MCAL_Layer/DIO/mcal_dio.o
 .text.dio_port_direction_intialize
                0x0000000000000000       0x20 build/default/production/MCAL_Layer/DIO/mcal_dio.o
 .text.dio_port_get_direction_status
                0x0000000000000000       0x2e build/default/production/MCAL_Layer/DIO/mcal_dio.o
 .text.dio_port_write_logic
                0x0000000000000000       0x20 build/default/production/MCAL_Layer/DIO/mcal_dio.o
 .text.dio_port_read_logic
                0x0000000000000000       0x2e build/default/production/MCAL_Layer/DIO/mcal_dio.o
 .text.dio_port_toggle_logic
                0x0000000000000000       0x30 build/default/production/MCAL_Layer/DIO/mcal_dio.o
 .data.pin_registers
                0x0000000000000000        0x8 build/default/production/MCAL_Layer/DIO/mcal_dio.o
 .text          0x0000000000000000        0x0 build/default/production/MCAL_Layer/Interrupt/mcal_external_interrupt.o
 .data          0x0000000000000000        0x0 build/default/production/MCAL_Layer/Interrupt/mcal_external_interrupt.o
 .bss           0x0000000000000000        0x0 build/default/production/MCAL_Layer/Interrupt/mcal_external_interrupt.o
 .text.INT0_ISR
                0x0000000000000000       0x16 build/default/production/MCAL_Layer/Interrupt/mcal_external_interrupt.o
 .text.INT1_ISR
                0x0000000000000000       0x16 build/default/production/MCAL_Layer/Interrupt/mcal_external_interrupt.o
 .text.INT2_ISR
                0x0000000000000000       0x16 build/default/production/MCAL_Layer/Interrupt/mcal_external_interrupt.o
 .text.Interrupt_INTx_Init
                0x0000000000000000      0x1b0 build/default/production/MCAL_Layer/Interrupt/mcal_external_interrupt.o
 .progmem.gcc_sw_table.Interrupt_INTx_Init
                0x0000000000000000       0x14 build/default/production/MCAL_Layer/Interrupt/mcal_external_interrupt.o
 .bss.INT2_InterruptHandler
                0x0000000000000000        0x2 build/default/production/MCAL_Layer/Interrupt/mcal_external_interrupt.o
 .bss.INT0_InterruptHandler
                0x0000000000000000        0x2 build/default/production/MCAL_Layer/Interrupt/mcal_external_interrupt.o
 .text          0x0000000000000000        0x0 build/default/production/MCAL_Layer/SPI/mcal_spi.o
 .data          0x0000000000000000        0x0 build/default/production/MCAL_Layer/SPI/mcal_spi.o
 .bss           0x0000000000000000        0x0 build/default/production/MCAL_Layer/SPI/mcal_spi.o
 .text.SPI_Init
                0x0000000000000000      0x1a4 build/default/production/MCAL_Layer/SPI/mcal_spi.o
 .progmem.gcc_sw_table.SPI_Init
                0x0000000000000000        0xe build/default/production/MCAL_Layer/SPI/mcal_spi.o
 .text.SPI_DeInit
                0x0000000000000000       0x12 build/default/production/MCAL_Layer/SPI/mcal_spi.o
 .text.SPI_Send_Byte_POLLING
                0x0000000000000000       0x14 build/default/production/MCAL_Layer/SPI/mcal_spi.o
 .text.SPI_Read_Byte_POLLING
                0x0000000000000000       0x18 build/default/production/MCAL_Layer/SPI/mcal_spi.o
 .text.SPI_Send_Byte_Interrupt
                0x0000000000000000       0x10 build/default/production/MCAL_Layer/SPI/mcal_spi.o
 .text.SPI_Read_Byte_Interrupt
                0x0000000000000000       0x14 build/default/production/MCAL_Layer/SPI/mcal_spi.o
 .text          0x0000000000000000        0x0 build/default/production/MCAL_Layer/USART/uart_prog.o
 .data          0x0000000000000000        0x0 build/default/production/MCAL_Layer/USART/uart_prog.o
 .bss           0x0000000000000000        0x0 build/default/production/MCAL_Layer/USART/uart_prog.o
 .text.USART_Init
                0x0000000000000000       0x16 build/default/production/MCAL_Layer/USART/uart_prog.o
 .text.USART_Transmit
                0x0000000000000000        0x8 build/default/production/MCAL_Layer/USART/uart_prog.o
 .text.USART_Receive
                0x0000000000000000        0x8 build/default/production/MCAL_Layer/USART/uart_prog.o
 .debug_info    0x0000000000000000      0x36b build/default/production/MCAL_Layer/USART/uart_prog.o
 .debug_abbrev  0x0000000000000000       0x8f build/default/production/MCAL_Layer/USART/uart_prog.o
 .debug_loc     0x0000000000000000       0x22 build/default/production/MCAL_Layer/USART/uart_prog.o
 .debug_aranges
                0x0000000000000000       0x30 build/default/production/MCAL_Layer/USART/uart_prog.o
 .debug_ranges  0x0000000000000000       0x20 build/default/production/MCAL_Layer/USART/uart_prog.o
 .debug_line    0x0000000000000000      0x132 build/default/production/MCAL_Layer/USART/uart_prog.o
 .debug_str     0x0000000000000000        0x0 build/default/production/MCAL_Layer/USART/uart_prog.o
 .comment       0x0000000000000000       0x30 build/default/production/MCAL_Layer/USART/uart_prog.o
 .debug_frame   0x0000000000000000       0x44 build/default/production/MCAL_Layer/USART/uart_prog.o
 .text          0x0000000000000000        0x0 build/default/production/MCAL_Layer/USART/hal_usart.o
 .data          0x0000000000000000        0x0 build/default/production/MCAL_Layer/USART/hal_usart.o
 .bss           0x0000000000000000        0x0 build/default/production/MCAL_Layer/USART/hal_usart.o
 .text.EUSART_ASYNC_Init
                0x0000000000000000      0x19a build/default/production/MCAL_Layer/USART/hal_usart.o
 .text.EUSART_ASYNC_DeInit
                0x0000000000000000       0x10 build/default/production/MCAL_Layer/USART/hal_usart.o
 .text.EUSART_ASYNC_ReadByteBlocking
                0x0000000000000000        0xc build/default/production/MCAL_Layer/USART/hal_usart.o
 .text.EUSART_ASYNC_ReadByteNonBlocking
                0x0000000000000000        0xc build/default/production/MCAL_Layer/USART/hal_usart.o
 .text.EUSART_ASYNC_RX_Restart
                0x0000000000000000        0x4 build/default/production/MCAL_Layer/USART/hal_usart.o
 .text.EUSART_ASYNC_WriteByteBlocking
                0x0000000000000000        0x4 build/default/production/MCAL_Layer/USART/hal_usart.o
 .text.EUSART_ASYNC_WriteStringBlocking
                0x0000000000000000        0xc build/default/production/MCAL_Layer/USART/hal_usart.o
 .text.EUSART_ASYNC_WriteByteNonBlocking
                0x0000000000000000        0x4 build/default/production/MCAL_Layer/USART/hal_usart.o
 .text.EUSART_ASYNC_WriteStringNonBlocking
                0x0000000000000000        0xc build/default/production/MCAL_Layer/USART/hal_usart.o
 .debug_info    0x0000000000000000      0xc6e build/default/production/MCAL_Layer/USART/hal_usart.o
 .debug_abbrev  0x0000000000000000      0x174 build/default/production/MCAL_Layer/USART/hal_usart.o
 .debug_loc     0x0000000000000000      0x2ec build/default/production/MCAL_Layer/USART/hal_usart.o
 .debug_aranges
                0x0000000000000000       0x60 build/default/production/MCAL_Layer/USART/hal_usart.o
 .debug_ranges  0x0000000000000000       0x50 build/default/production/MCAL_Layer/USART/hal_usart.o
 .debug_line    0x0000000000000000      0x278 build/default/production/MCAL_Layer/USART/hal_usart.o
 .debug_str     0x0000000000000000       0x77 build/default/production/MCAL_Layer/USART/hal_usart.o
 .comment       0x0000000000000000       0x30 build/default/production/MCAL_Layer/USART/hal_usart.o
 .debug_frame   0x0000000000000000       0xa4 build/default/production/MCAL_Layer/USART/hal_usart.o
 .text          0x0000000000000000        0x0 build/default/production/application.o
 .data          0x0000000000000000        0x0 build/default/production/application.o
 .bss           0x0000000000000000        0x0 build/default/production/application.o
 .text.SPI_APP_ISR
                0x0000000000000000        0xc build/default/production/application.o
 .text.ADC_APP_ISR
                0x0000000000000000       0x26 build/default/production/application.o
 .text.Int1_APP_ISR
                0x0000000000000000       0x1e build/default/production/application.o
 .text.Timer0_APP_ISR
                0x0000000000000000        0xc build/default/production/application.o
 .text.Timer0_APP_CTC_ISR
                0x0000000000000000        0xc build/default/production/application.o
 .bss.adc_value_Interrupt
                0x0000000000000000        0x2 build/default/production/application.o
 .data.SPI_obj  0x0000000000000000        0xb build/default/production/application.o
 .data.adc_obj  0x0000000000000000        0x9 build/default/production/application.o
 .data.int1_obj
                0x0000000000000000        0x5 build/default/production/application.o
 .data.keypad   0x0000000000000000        0x8 build/default/production/application.o
 .data.segment  0x0000000000000000        0x8 build/default/production/application.o
 .data.button_T0
                0x0000000000000000        0x3 build/default/production/application.o
 .data.button   0x0000000000000000        0x3 build/default/production/application.o
 .data.lcd      0x0000000000000000        0x6 build/default/production/application.o
 .text          0x0000000000000000        0x0 build/default/production/MCAL_Layer/Timers/mcal_timer0.o
 .data          0x0000000000000000        0x0 build/default/production/MCAL_Layer/Timers/mcal_timer0.o
 .bss           0x0000000000000000        0x0 build/default/production/MCAL_Layer/Timers/mcal_timer0.o
 .text.Timer0_DeInit
                0x0000000000000000       0x20 build/default/production/MCAL_Layer/Timers/mcal_timer0.o
 .text.Timer0_Write_Value
                0x0000000000000000       0x10 build/default/production/MCAL_Layer/Timers/mcal_timer0.o
 .text.Timer0_Read_Value
                0x0000000000000000       0x14 build/default/production/MCAL_Layer/Timers/mcal_timer0.o
 .text          0x0000000000000000        0x0 c:/program files/microchip/xc8/v2.41/avr/bin/../lib/gcc/avr/5.4.0/avr5/memx-const\libgcc.a(_udivmodsi4.o)
 .data          0x0000000000000000        0x0 c:/program files/microchip/xc8/v2.41/avr/bin/../lib/gcc/avr/5.4.0/avr5/memx-const\libgcc.a(_udivmodsi4.o)
 .bss           0x0000000000000000        0x0 c:/program files/microchip/xc8/v2.41/avr/bin/../lib/gcc/avr/5.4.0/avr5/memx-const\libgcc.a(_udivmodsi4.o)
 .text.libgcc.mul
                0x0000000000000000        0x0 c:/program files/microchip/xc8/v2.41/avr/bin/../lib/gcc/avr/5.4.0/avr5/memx-const\libgcc.a(_udivmodsi4.o)
 .text.libgcc.div
                0x0000000000000000       0x44 c:/program files/microchip/xc8/v2.41/avr/bin/../lib/gcc/avr/5.4.0/avr5/memx-const\libgcc.a(_udivmodsi4.o)
 .stack.descriptors.hdr
                0x0000000000000000        0xe c:/program files/microchip/xc8/v2.41/avr/bin/../lib/gcc/avr/5.4.0/avr5/memx-const\libgcc.a(_udivmodsi4.o)
 .stack.descriptors
                0x0000000000000000       0x1a c:/program files/microchip/xc8/v2.41/avr/bin/../lib/gcc/avr/5.4.0/avr5/memx-const\libgcc.a(_udivmodsi4.o)
 .text.libgcc   0x0000000000000000        0x0 c:/program files/microchip/xc8/v2.41/avr/bin/../lib/gcc/avr/5.4.0/avr5/memx-const\libgcc.a(_udivmodsi4.o)
 .text.libgcc.prologue
                0x0000000000000000        0x0 c:/program files/microchip/xc8/v2.41/avr/bin/../lib/gcc/avr/5.4.0/avr5/memx-const\libgcc.a(_udivmodsi4.o)
 .text.libgcc.builtins
                0x0000000000000000        0x0 c:/program files/microchip/xc8/v2.41/avr/bin/../lib/gcc/avr/5.4.0/avr5/memx-const\libgcc.a(_udivmodsi4.o)
 .text.libgcc.fmul
                0x0000000000000000        0x0 c:/program files/microchip/xc8/v2.41/avr/bin/../lib/gcc/avr/5.4.0/avr5/memx-const\libgcc.a(_udivmodsi4.o)
 .text.libgcc.fixed
                0x0000000000000000        0x0 c:/program files/microchip/xc8/v2.41/avr/bin/../lib/gcc/avr/5.4.0/avr5/memx-const\libgcc.a(_udivmodsi4.o)
 .text          0x0000000000000000        0x0 c:/program files/microchip/xc8/v2.41/avr/bin/../lib/gcc/avr/5.4.0/avr5/memx-const\libgcc.a(_tablejump2.o)
 .data          0x0000000000000000        0x0 c:/program files/microchip/xc8/v2.41/avr/bin/../lib/gcc/avr/5.4.0/avr5/memx-const\libgcc.a(_tablejump2.o)
 .bss           0x0000000000000000        0x0 c:/program files/microchip/xc8/v2.41/avr/bin/../lib/gcc/avr/5.4.0/avr5/memx-const\libgcc.a(_tablejump2.o)
 .text.libgcc.mul
                0x0000000000000000        0x0 c:/program files/microchip/xc8/v2.41/avr/bin/../lib/gcc/avr/5.4.0/avr5/memx-const\libgcc.a(_tablejump2.o)
 .text.libgcc.div
                0x0000000000000000        0x0 c:/program files/microchip/xc8/v2.41/avr/bin/../lib/gcc/avr/5.4.0/avr5/memx-const\libgcc.a(_tablejump2.o)
 .text.libgcc   0x0000000000000000        0xc c:/program files/microchip/xc8/v2.41/avr/bin/../lib/gcc/avr/5.4.0/avr5/memx-const\libgcc.a(_tablejump2.o)
 .text.libgcc.prologue
                0x0000000000000000        0x0 c:/program files/microchip/xc8/v2.41/avr/bin/../lib/gcc/avr/5.4.0/avr5/memx-const\libgcc.a(_tablejump2.o)
 .stack.descriptors.hdr
                0x0000000000000000        0xe c:/program files/microchip/xc8/v2.41/avr/bin/../lib/gcc/avr/5.4.0/avr5/memx-const\libgcc.a(_tablejump2.o)
 .stack.descriptors
                0x0000000000000000       0x1c c:/program files/microchip/xc8/v2.41/avr/bin/../lib/gcc/avr/5.4.0/avr5/memx-const\libgcc.a(_tablejump2.o)
 .text.libgcc.builtins
                0x0000000000000000        0x0 c:/program files/microchip/xc8/v2.41/avr/bin/../lib/gcc/avr/5.4.0/avr5/memx-const\libgcc.a(_tablejump2.o)
 .text.libgcc.fmul
                0x0000000000000000        0x0 c:/program files/microchip/xc8/v2.41/avr/bin/../lib/gcc/avr/5.4.0/avr5/memx-const\libgcc.a(_tablejump2.o)
 .text.libgcc.fixed
                0x0000000000000000        0x0 c:/program files/microchip/xc8/v2.41/avr/bin/../lib/gcc/avr/5.4.0/avr5/memx-const\libgcc.a(_tablejump2.o)
 .text          0x0000000000000000        0x0 c:/program files/microchip/xc8/v2.41/avr/bin/../lib/gcc/avr/5.4.0/avr5/memx-const\libgcc.a(_copy_data.o)
 .data          0x0000000000000000        0x0 c:/program files/microchip/xc8/v2.41/avr/bin/../lib/gcc/avr/5.4.0/avr5/memx-const\libgcc.a(_copy_data.o)
 .bss           0x0000000000000000        0x0 c:/program files/microchip/xc8/v2.41/avr/bin/../lib/gcc/avr/5.4.0/avr5/memx-const\libgcc.a(_copy_data.o)
 .text.libgcc.mul
                0x0000000000000000        0x0 c:/program files/microchip/xc8/v2.41/avr/bin/../lib/gcc/avr/5.4.0/avr5/memx-const\libgcc.a(_copy_data.o)
 .text.libgcc.div
                0x0000000000000000        0x0 c:/program files/microchip/xc8/v2.41/avr/bin/../lib/gcc/avr/5.4.0/avr5/memx-const\libgcc.a(_copy_data.o)
 .text.libgcc   0x0000000000000000        0x0 c:/program files/microchip/xc8/v2.41/avr/bin/../lib/gcc/avr/5.4.0/avr5/memx-const\libgcc.a(_copy_data.o)
 .text.libgcc.prologue
                0x0000000000000000        0x0 c:/program files/microchip/xc8/v2.41/avr/bin/../lib/gcc/avr/5.4.0/avr5/memx-const\libgcc.a(_copy_data.o)
 .text.libgcc.builtins
                0x0000000000000000        0x0 c:/program files/microchip/xc8/v2.41/avr/bin/../lib/gcc/avr/5.4.0/avr5/memx-const\libgcc.a(_copy_data.o)
 .text.libgcc.fmul
                0x0000000000000000        0x0 c:/program files/microchip/xc8/v2.41/avr/bin/../lib/gcc/avr/5.4.0/avr5/memx-const\libgcc.a(_copy_data.o)
 .text.libgcc.fixed
                0x0000000000000000        0x0 c:/program files/microchip/xc8/v2.41/avr/bin/../lib/gcc/avr/5.4.0/avr5/memx-const\libgcc.a(_copy_data.o)
 .text          0x0000000000000000        0x0 c:/program files/microchip/xc8/v2.41/avr/bin/../lib/gcc/avr/5.4.0/avr5/memx-const\libgcc.a(_xload_2.o)
 .data          0x0000000000000000        0x0 c:/program files/microchip/xc8/v2.41/avr/bin/../lib/gcc/avr/5.4.0/avr5/memx-const\libgcc.a(_xload_2.o)
 .bss           0x0000000000000000        0x0 c:/program files/microchip/xc8/v2.41/avr/bin/../lib/gcc/avr/5.4.0/avr5/memx-const\libgcc.a(_xload_2.o)
 .text.libgcc.mul
                0x0000000000000000        0x0 c:/program files/microchip/xc8/v2.41/avr/bin/../lib/gcc/avr/5.4.0/avr5/memx-const\libgcc.a(_xload_2.o)
 .text.libgcc.div
                0x0000000000000000        0x0 c:/program files/microchip/xc8/v2.41/avr/bin/../lib/gcc/avr/5.4.0/avr5/memx-const\libgcc.a(_xload_2.o)
 .text.libgcc.prologue
                0x0000000000000000        0x0 c:/program files/microchip/xc8/v2.41/avr/bin/../lib/gcc/avr/5.4.0/avr5/memx-const\libgcc.a(_xload_2.o)
 .stack.descriptors
                0x0000000000000000       0x17 c:/program files/microchip/xc8/v2.41/avr/bin/../lib/gcc/avr/5.4.0/avr5/memx-const\libgcc.a(_xload_2.o)
 .text.libgcc.builtins
                0x0000000000000000        0x0 c:/program files/microchip/xc8/v2.41/avr/bin/../lib/gcc/avr/5.4.0/avr5/memx-const\libgcc.a(_xload_2.o)
 .text.libgcc.fmul
                0x0000000000000000        0x0 c:/program files/microchip/xc8/v2.41/avr/bin/../lib/gcc/avr/5.4.0/avr5/memx-const\libgcc.a(_xload_2.o)
 .text.libgcc.fixed
                0x0000000000000000        0x0 c:/program files/microchip/xc8/v2.41/avr/bin/../lib/gcc/avr/5.4.0/avr5/memx-const\libgcc.a(_xload_2.o)
 .text          0x0000000000000000        0x0 c:/program files/microchip/xc8/v2.41/avr/bin/../lib/gcc/avr/5.4.0/../../../../avr/lib/avr5/memx-const\libc.a(exit.o)
 .data          0x0000000000000000        0x0 c:/program files/microchip/xc8/v2.41/avr/bin/../lib/gcc/avr/5.4.0/../../../../avr/lib/avr5/memx-const\libc.a(exit.o)
 .bss           0x0000000000000000        0x0 c:/program files/microchip/xc8/v2.41/avr/bin/../lib/gcc/avr/5.4.0/../../../../avr/lib/avr5/memx-const\libc.a(exit.o)
 .stack.descriptors
                0x0000000000000000       0x73 c:/program files/microchip/xc8/v2.41/avr/bin/../lib/gcc/avr/5.4.0/../../../../avr/lib/avr5/memx-const\libc.a(exit.o)
 .text          0x0000000000000000        0x0 c:/program files/microchip/xc8/v2.41/avr/bin/../lib/gcc/avr/5.4.0/../../../../avr/lib/avr5/memx-const\libc.a(_Exit.o)
 .data          0x0000000000000000        0x0 c:/program files/microchip/xc8/v2.41/avr/bin/../lib/gcc/avr/5.4.0/../../../../avr/lib/avr5/memx-const\libc.a(_Exit.o)
 .bss           0x0000000000000000        0x0 c:/program files/microchip/xc8/v2.41/avr/bin/../lib/gcc/avr/5.4.0/../../../../avr/lib/avr5/memx-const\libc.a(_Exit.o)
 .stack.descriptors
                0x0000000000000000       0x13 c:/program files/microchip/xc8/v2.41/avr/bin/../lib/gcc/avr/5.4.0/../../../../avr/lib/avr5/memx-const\libc.a(_Exit.o)
 .text          0x0000000000000000        0x0 c:/program files/microchip/xc8/v2.41/avr/bin/../lib/gcc/avr/5.4.0/avr5/memx-const\libgcc.a(_exit.o)
 .data          0x0000000000000000        0x0 c:/program files/microchip/xc8/v2.41/avr/bin/../lib/gcc/avr/5.4.0/avr5/memx-const\libgcc.a(_exit.o)
 .bss           0x0000000000000000        0x0 c:/program files/microchip/xc8/v2.41/avr/bin/../lib/gcc/avr/5.4.0/avr5/memx-const\libgcc.a(_exit.o)
 .text.libgcc.mul
                0x0000000000000000        0x0 c:/program files/microchip/xc8/v2.41/avr/bin/../lib/gcc/avr/5.4.0/avr5/memx-const\libgcc.a(_exit.o)
 .text.libgcc.div
                0x0000000000000000        0x0 c:/program files/microchip/xc8/v2.41/avr/bin/../lib/gcc/avr/5.4.0/avr5/memx-const\libgcc.a(_exit.o)
 .text.libgcc   0x0000000000000000        0x0 c:/program files/microchip/xc8/v2.41/avr/bin/../lib/gcc/avr/5.4.0/avr5/memx-const\libgcc.a(_exit.o)
 .text.libgcc.prologue
                0x0000000000000000        0x0 c:/program files/microchip/xc8/v2.41/avr/bin/../lib/gcc/avr/5.4.0/avr5/memx-const\libgcc.a(_exit.o)
 .stack.descriptors
                0x0000000000000000       0x13 c:/program files/microchip/xc8/v2.41/avr/bin/../lib/gcc/avr/5.4.0/avr5/memx-const\libgcc.a(_exit.o)
 .text.libgcc.builtins
                0x0000000000000000        0x0 c:/program files/microchip/xc8/v2.41/avr/bin/../lib/gcc/avr/5.4.0/avr5/memx-const\libgcc.a(_exit.o)
 .text.libgcc.fmul
                0x0000000000000000        0x0 c:/program files/microchip/xc8/v2.41/avr/bin/../lib/gcc/avr/5.4.0/avr5/memx-const\libgcc.a(_exit.o)
 .text.libgcc.fixed
                0x0000000000000000        0x0 c:/program files/microchip/xc8/v2.41/avr/bin/../lib/gcc/avr/5.4.0/avr5/memx-const\libgcc.a(_exit.o)

Memory Configuration

Name             Origin             Length             Attributes
text             0x0000000000000000 0x0000000000008000 xr
data             0x0000000000800060 0x0000000000000800 rw !x
eeprom           0x0000000000810000 0x0000000000000400 rw !x
fuse             0x0000000000820000 0x0000000000000002 rw !x
lock             0x0000000000830000 0x0000000000000400 rw !x
signature        0x0000000000840000 0x0000000000000400 rw !x
user_signatures  0x0000000000850000 0x0000000000000400 rw !x
bootrow          0x0000000000860000 0x0000000000000400 rw !x
*default*        0x0000000000000000 0xffffffffffffffff

Linker script and memory map

LOAD C:/Program Files/Microchip/MPLABX/v6.10/packs/Microchip/ATmega_DFP/3.0.158/xc8/avr/lib/avr5/memx-const/crtatmega32.o
                0x0000000000000001                __MPLAB_BUILD = 0x1
LOAD build/default/production/HAL_Layer/7_Segment/hal_seven_segment.o
LOAD build/default/production/HAL_Layer/button/hal_button.o
LOAD build/default/production/HAL_Layer/keypad/hal_keypad.o
LOAD build/default/production/HAL_Layer/LCD/hal_lcd.o
LOAD build/default/production/HAL_Layer/LED/hal_led.o
LOAD build/default/production/MCAL_Layer/ADC/hal_adc.o
LOAD build/default/production/MCAL_Layer/DIO/mcal_dio.o
LOAD build/default/production/MCAL_Layer/Interrupt/mcal_external_interrupt.o
LOAD build/default/production/MCAL_Layer/SPI/mcal_spi.o
LOAD build/default/production/MCAL_Layer/USART/uart_prog.o
LOAD build/default/production/MCAL_Layer/USART/hal_usart.o
LOAD build/default/production/application.o
LOAD build/default/production/MCAL_Layer/Timers/mcal_timer0.o
START GROUP
LOAD c:/program files/microchip/xc8/v2.41/avr/bin/../lib/gcc/avr/5.4.0/../../../../avr/lib/avr5/memx-const\libm.a
END GROUP
START GROUP
LOAD c:/program files/microchip/xc8/v2.41/avr/bin/../lib/gcc/avr/5.4.0/avr5/memx-const\libgcc.a
LOAD c:/program files/microchip/xc8/v2.41/avr/bin/../lib/gcc/avr/5.4.0/../../../../avr/lib/avr5/memx-const\libm.a
LOAD c:/program files/microchip/xc8/v2.41/avr/bin/../lib/gcc/avr/5.4.0/../../../../avr/lib/avr5/memx-const\libc.a
LOAD C:/Program Files/Microchip/MPLABX/v6.10/packs/Microchip/ATmega_DFP/3.0.158/xc8/avr/lib/avr5/memx-const\libatmega32.a
END GROUP
                0x0000000000000000                __TEXT_REGION_ORIGIN__ = DEFINED (__TEXT_REGION_ORIGIN__)?__TEXT_REGION_ORIGIN__:0x0
                [0x0000000000800060]                __DATA_REGION_ORIGIN__ = DEFINED (__DATA_REGION_ORIGIN__)?__DATA_REGION_ORIGIN__:0x800060
                [0x0000000000008000]                __TEXT_REGION_LENGTH__ = DEFINED (__TEXT_REGION_LENGTH__)?__TEXT_REGION_LENGTH__:0x20000
                [0x0000000000000800]                __DATA_REGION_LENGTH__ = DEFINED (__DATA_REGION_LENGTH__)?__DATA_REGION_LENGTH__:0xffa0
                [0x0000000000000400]                __EEPROM_REGION_LENGTH__ = DEFINED (__EEPROM_REGION_LENGTH__)?__EEPROM_REGION_LENGTH__:0x10000
                [0x0000000000000002]                __FUSE_REGION_LENGTH__ = DEFINED (__FUSE_REGION_LENGTH__)?__FUSE_REGION_LENGTH__:0x400
                0x0000000000000400                __LOCK_REGION_LENGTH__ = DEFINED (__LOCK_REGION_LENGTH__)?__LOCK_REGION_LENGTH__:0x400
                0x0000000000000400                __SIGNATURE_REGION_LENGTH__ = DEFINED (__SIGNATURE_REGION_LENGTH__)?__SIGNATURE_REGION_LENGTH__:0x400
                0x0000000000000400                __USER_SIGNATURE_REGION_LENGTH__ = DEFINED (__USER_SIGNATURE_REGION_LENGTH__)?__USER_SIGNATURE_REGION_LENGTH__:0x400
                0x0000000000000400                __BOOTROW_REGION_LENGTH__ = DEFINED (__BOOTROW_REGION_LENGTH__)?__BOOTROW_REGION_LENGTH__:0x400

.hash
 *(.hash)

.dynsym
 *(.dynsym)

.dynstr
 *(.dynstr)

.gnu.version
 *(.gnu.version)

.gnu.version_d
 *(.gnu.version_d)

.gnu.version_r
 *(.gnu.version_r)

.rel.init
 *(.rel.init)

.rela.init
 *(.rela.init)

.rel.text
 *(.rel.text)
 *(.rel.text.*)
 *(.rel.gnu.linkonce.t*)

.rela.text
 *(.rela.text)
 *(.rela.text.*)
 *(.rela.gnu.linkonce.t*)

.rel.fini
 *(.rel.fini)

.rela.fini
 *(.rela.fini)

.rel.rodata
 *(.rel.rodata)
 *(.rel.rodata.*)
 *(.rel.gnu.linkonce.r*)

.rela.rodata
 *(.rela.rodata)
 *(.rela.rodata.*)
 *(.rela.gnu.linkonce.r*)

.rel.data
 *(.rel.data)
 *(.rel.data.*)
 *(.rel.gnu.linkonce.d*)

.rela.data
 *(.rela.data)
 *(.rela.data.*)
 *(.rela.gnu.linkonce.d*)

.rel.ctors
 *(.rel.ctors)

.rela.ctors
 *(.rela.ctors)

.rel.dtors
 *(.rel.dtors)

.rela.dtors
 *(.rela.dtors)

.rel.got
 *(.rel.got)

.rela.got
 *(.rela.got)

.rel.bss
 *(.rel.bss)

.rela.bss
 *(.rela.bss)

.rel.plt
 *(.rel.plt)

.rela.plt
 *(.rela.plt)

.text           0x0000000000000000       0xc0
 *(.vectors)
 .vectors       0x0000000000000000       0x54 C:/Program Files/Microchip/MPLABX/v6.10/packs/Microchip/ATmega_DFP/3.0.158/xc8/avr/lib/avr5/memx-const/crtatmega32.o
                0x0000000000000000                __vector_default
                0x0000000000000000                __vectors
 *(.vectors)
 *(.progmem.gcc*)
 *(.dinit)
 .dinit         0x0000000000000054       0x18 data_init
                0x000000000000006c                . = ALIGN (0x2)
                0x000000000000006c                __trampolines_start = .
 *(.trampolines)
 .trampolines   0x000000000000006c        0x0 linker stubs
 *(.trampolines*)
                0x000000000000006c                __trampolines_end = .
 *libprintf_flt.a:*(.progmem.data)
 *libc.a:*(.progmem.data)
                0x000000000000006c                . = ALIGN (0x2)
 *(.jumptables)
 *(.jumptables*)
 *(.lowtext)
 *(.lowtext*)
                0x000000000000006c                __ctors_start = .
 *(.ctors)
                0x000000000000006c                __ctors_end = .
                0x000000000000006c                __dtors_start = .
 *(.dtors)
                0x000000000000006c                __dtors_end = .
 SORT(*)(.ctors)
 SORT(*)(.dtors)
 *(.init0)
 .init0         0x000000000000006c        0x0 C:/Program Files/Microchip/MPLABX/v6.10/packs/Microchip/ATmega_DFP/3.0.158/xc8/avr/lib/avr5/memx-const/crtatmega32.o
                0x000000000000006c                __init
 *(.init0)
 *(.init1)
 *(.init1)
 *(.init2)
 .init2         0x000000000000006c        0xc C:/Program Files/Microchip/MPLABX/v6.10/packs/Microchip/ATmega_DFP/3.0.158/xc8/avr/lib/avr5/memx-const/crtatmega32.o
 *(.init2)
 *(.init3)
 *(.init3)
 *(.init4)
 .init4         0x0000000000000078       0x3c c:/program files/microchip/xc8/v2.41/avr/bin/../lib/gcc/avr/5.4.0/avr5/memx-const\libgcc.a(_copy_data.o)
                0x0000000000000078                __do_copy_data
                0x00000000000000a6                __do_clear_bss
 *(.init4)
 *(.init5)
 *(.init5)
 *(.init6)
 *(.init6)
 *(.init7)
 *(.init7)
 *(.init8)
 *(.init8)
 *(.init9)
 .init9         0x00000000000000b4        0x8 C:/Program Files/Microchip/MPLABX/v6.10/packs/Microchip/ATmega_DFP/3.0.158/xc8/avr/lib/avr5/memx-const/crtatmega32.o
 *(.init9)
                0x00000000000000bc                . = ALIGN (0x2)
 *(.fini9)
 .fini9         0x00000000000000bc        0x0 c:/program files/microchip/xc8/v2.41/avr/bin/../lib/gcc/avr/5.4.0/avr5/memx-const\libgcc.a(_exit.o)
                0x00000000000000bc                _exit
 *(.fini9)
 *(.fini8)
 *(.fini8)
 *(.fini7)
 *(.fini7)
 *(.fini6)
 *(.fini6)
 *(.fini5)
 *(.fini5)
 *(.fini4)
 *(.fini4)
 *(.fini3)
 *(.fini3)
 *(.fini2)
 *(.fini2)
 *(.fini1)
 *(.fini1)
 *(.fini0)
 .fini0         0x00000000000000bc        0x4 c:/program files/microchip/xc8/v2.41/avr/bin/../lib/gcc/avr/5.4.0/avr5/memx-const\libgcc.a(_exit.o)
 *(.fini0)
                0x00000000000000c0                _etext = .

.data           0x0000000000800060        0x0 load address 0x00000000000000c0
                [!provide]                        PROVIDE (__data_start, .)
 *(.gnu.linkonce.d*)
 *(.gnu.linkonce.r*)
                0x0000000000800060                . = ALIGN (0x2)
 *fill*         0x0000000000800060        0x0 
                0x0000000000800060                _edata = .
                [!provide]                        PROVIDE (__data_end, .)

.bss            0x0000000000800060        0x0
                [!provide]                        PROVIDE (__bss_start, .)
 *(COMMON)
                [!provide]                        PROVIDE (__bss_end, .)
                0x00000000000000c0                __data_load_start = LOADADDR (.data)
                0x00000000000000c0                __data_load_end = (__data_load_start + SIZEOF (.data))

.noinit         0x0000000000800060        0x0
                [!provide]                        PROVIDE (__noinit_start, .)
 *(.noinit*)
                [!provide]                        PROVIDE (__noinit_end, .)
                0x0000000000800060                _end = .

.eeprom         0x0000000000810000        0x0
 *(.eeprom*)
                0x0000000000810000                __eeprom_end = .

.fuse
 *(.fuse)
 *(.lfuse)
 *(.hfuse)
 *(.efuse)

.lock
 *(.lock*)

.signature
 *(.signature*)

.user_signatures
 *(.user_signatures*)

.bootrow
 *(.bootrow*)

.stab
 *(.stab)

.stabstr
 *(.stabstr)

.stab.excl
 *(.stab.excl)

.stab.exclstr
 *(.stab.exclstr)

.stab.index
 *(.stab.index)

.stab.indexstr
 *(.stab.indexstr)

.comment        0x0000000000000000       0x5b
 *(.comment)
 .comment       0x0000000000000000       0x2f build/default/production/HAL_Layer/LED/hal_led.o
                                         0x30 (size before relaxing)
 .comment       0x000000000000002f       0x30 build/default/production/MCAL_Layer/ADC/hal_adc.o
 .comment       0x000000000000002f       0x30 build/default/production/MCAL_Layer/DIO/mcal_dio.o
 .comment       0x000000000000002f       0x30 build/default/production/MCAL_Layer/Interrupt/mcal_external_interrupt.o
 .comment       0x000000000000002f       0x30 build/default/production/MCAL_Layer/SPI/mcal_spi.o
 .comment       0x000000000000002f       0x30 build/default/production/application.o
 .comment       0x000000000000002f       0x30 build/default/production/MCAL_Layer/Timers/mcal_timer0.o
 .comment       0x000000000000002f       0x2c c:/program files/microchip/xc8/v2.41/avr/bin/../lib/gcc/avr/5.4.0/../../../../avr/lib/avr5/memx-const\libc.a(exit.o)
                                         0x2d (size before relaxing)
 .comment       0x000000000000005b       0x2d c:/program files/microchip/xc8/v2.41/avr/bin/../lib/gcc/avr/5.4.0/../../../../avr/lib/avr5/memx-const\libc.a(_Exit.o)

.stack.descriptors.hdr
                0x0000000000000000       0x38
 .stack.descriptors.hdr
                0x0000000000000000        0xe c:/program files/microchip/xc8/v2.41/avr/bin/../lib/gcc/avr/5.4.0/avr5/memx-const\libgcc.a(_xload_2.o)
 .stack.descriptors.hdr
                0x000000000000000e        0xe c:/program files/microchip/xc8/v2.41/avr/bin/../lib/gcc/avr/5.4.0/../../../../avr/lib/avr5/memx-const\libc.a(exit.o)
 .stack.descriptors.hdr
                0x000000000000001c        0xe c:/program files/microchip/xc8/v2.41/avr/bin/../lib/gcc/avr/5.4.0/../../../../avr/lib/avr5/memx-const\libc.a(_Exit.o)
 .stack.descriptors.hdr
                0x000000000000002a        0xe c:/program files/microchip/xc8/v2.41/avr/bin/../lib/gcc/avr/5.4.0/avr5/memx-const\libgcc.a(_exit.o)

.note.GNU-stack
                0x0000000000000000        0x0
 .note.GNU-stack
                0x0000000000000000        0x0 c:/program files/microchip/xc8/v2.41/avr/bin/../lib/gcc/avr/5.4.0/../../../../avr/lib/avr5/memx-const\libc.a(exit.o)
 .note.GNU-stack
                0x0000000000000000        0x0 c:/program files/microchip/xc8/v2.41/avr/bin/../lib/gcc/avr/5.4.0/../../../../avr/lib/avr5/memx-const\libc.a(_Exit.o)

.note.gnu.build-id
 *(.note.gnu.build-id)

.debug
 *(.debug)

.line
 *(.line)

.debug_srcinfo
 *(.debug_srcinfo)

.debug_sfnames
 *(.debug_sfnames)

.debug_aranges  0x0000000000000000      0x238
 *(.debug_aranges)
 .debug_aranges
                0x0000000000000000       0x38 build/default/production/HAL_Layer/LED/hal_led.o
 .debug_aranges
                0x0000000000000038       0x58 build/default/production/MCAL_Layer/ADC/hal_adc.o
 .debug_aranges
                0x0000000000000090       0x80 build/default/production/MCAL_Layer/DIO/mcal_dio.o
 .debug_aranges
                0x0000000000000110       0x40 build/default/production/MCAL_Layer/Interrupt/mcal_external_interrupt.o
 .debug_aranges
                0x0000000000000150       0x50 build/default/production/MCAL_Layer/SPI/mcal_spi.o
 .debug_aranges
                0x00000000000001a0       0x50 build/default/production/application.o
 .debug_aranges
                0x00000000000001f0       0x48 build/default/production/MCAL_Layer/Timers/mcal_timer0.o

.debug_pubnames
 *(.debug_pubnames)

.debug_info     0x0000000000000000     0x61bc
 *(.debug_info .gnu.linkonce.wi.*)
 .debug_info    0x0000000000000000      0x4e6 C:/Program Files/Microchip/MPLABX/v6.10/packs/Microchip/ATmega_DFP/3.0.158/xc8/avr/lib/avr5/memx-const/crtatmega32.o
 .debug_info    0x00000000000004e6      0x5e0 build/default/production/HAL_Layer/LED/hal_led.o
 .debug_info    0x0000000000000ac6     0x118e build/default/production/MCAL_Layer/ADC/hal_adc.o
 .debug_info    0x0000000000001c54      0x991 build/default/production/MCAL_Layer/DIO/mcal_dio.o
 .debug_info    0x00000000000025e5      0xb13 build/default/production/MCAL_Layer/Interrupt/mcal_external_interrupt.o
 .debug_info    0x00000000000030f8      0xca3 build/default/production/MCAL_Layer/SPI/mcal_spi.o
 .debug_info    0x0000000000003d9b     0x1985 build/default/production/application.o
 .debug_info    0x0000000000005720      0xa9c build/default/production/MCAL_Layer/Timers/mcal_timer0.o

.debug_abbrev   0x0000000000000000      0xf59
 *(.debug_abbrev)
 .debug_abbrev  0x0000000000000000      0x4a3 C:/Program Files/Microchip/MPLABX/v6.10/packs/Microchip/ATmega_DFP/3.0.158/xc8/avr/lib/avr5/memx-const/crtatmega32.o
 .debug_abbrev  0x00000000000004a3      0x100 build/default/production/HAL_Layer/LED/hal_led.o
 .debug_abbrev  0x00000000000005a3      0x1e6 build/default/production/MCAL_Layer/ADC/hal_adc.o
 .debug_abbrev  0x0000000000000789      0x169 build/default/production/MCAL_Layer/DIO/mcal_dio.o
 .debug_abbrev  0x00000000000008f2      0x189 build/default/production/MCAL_Layer/Interrupt/mcal_external_interrupt.o
 .debug_abbrev  0x0000000000000a7b      0x195 build/default/production/MCAL_Layer/SPI/mcal_spi.o
 .debug_abbrev  0x0000000000000c10      0x1b4 build/default/production/application.o
 .debug_abbrev  0x0000000000000dc4      0x195 build/default/production/MCAL_Layer/Timers/mcal_timer0.o

.debug_line     0x0000000000000000     0x16fa
 *(.debug_line .debug_line.* .debug_line_end)
 .debug_line    0x0000000000000000      0x119 C:/Program Files/Microchip/MPLABX/v6.10/packs/Microchip/ATmega_DFP/3.0.158/xc8/avr/lib/avr5/memx-const/crtatmega32.o
 .debug_line    0x0000000000000119      0x1ba build/default/production/HAL_Layer/LED/hal_led.o
 .debug_line    0x00000000000002d3      0x432 build/default/production/MCAL_Layer/ADC/hal_adc.o
 .debug_line    0x0000000000000705      0x42a build/default/production/MCAL_Layer/DIO/mcal_dio.o
 .debug_line    0x0000000000000b2f      0x2ac build/default/production/MCAL_Layer/Interrupt/mcal_external_interrupt.o
 .debug_line    0x0000000000000ddb      0x361 build/default/production/MCAL_Layer/SPI/mcal_spi.o
 .debug_line    0x000000000000113c      0x305 build/default/production/application.o
 .debug_line    0x0000000000001441      0x2b9 build/default/production/MCAL_Layer/Timers/mcal_timer0.o

.debug_frame    0x0000000000000000      0x59c
 *(.debug_frame)
 .debug_frame   0x0000000000000000       0x94 build/default/production/HAL_Layer/LED/hal_led.o
 .debug_frame   0x0000000000000094       0xdc build/default/production/MCAL_Layer/ADC/hal_adc.o
 .debug_frame   0x0000000000000170      0x104 build/default/production/MCAL_Layer/DIO/mcal_dio.o
 .debug_frame   0x0000000000000274       0xbc build/default/production/MCAL_Layer/Interrupt/mcal_external_interrupt.o
 .debug_frame   0x0000000000000330       0xdc build/default/production/MCAL_Layer/SPI/mcal_spi.o
 .debug_frame   0x000000000000040c       0x8c build/default/production/application.o
 .debug_frame   0x0000000000000498      0x104 build/default/production/MCAL_Layer/Timers/mcal_timer0.o

.debug_str      0x0000000000000000      0x323
 *(.debug_str)
 .debug_str     0x0000000000000000      0x196 C:/Program Files/Microchip/MPLABX/v6.10/packs/Microchip/ATmega_DFP/3.0.158/xc8/avr/lib/avr5/memx-const/crtatmega32.o
 .debug_str     0x0000000000000196       0x43 build/default/production/HAL_Layer/LED/hal_led.o
 .debug_str     0x00000000000001d9       0x2c build/default/production/MCAL_Layer/ADC/hal_adc.o
 .debug_str     0x0000000000000205       0x31 build/default/production/MCAL_Layer/DIO/mcal_dio.o
 .debug_str     0x0000000000000236       0x1a build/default/production/MCAL_Layer/Interrupt/mcal_external_interrupt.o
 .debug_str     0x0000000000000250       0x34 build/default/production/MCAL_Layer/SPI/mcal_spi.o
 .debug_str     0x0000000000000284       0x55 build/default/production/application.o
 .debug_str     0x00000000000002d9       0x4a build/default/production/MCAL_Layer/Timers/mcal_timer0.o

.debug_loc      0x0000000000000000      0xf09
 *(.debug_loc)
 .debug_loc     0x0000000000000000      0x1f0 build/default/production/HAL_Layer/LED/hal_led.o
 .debug_loc     0x00000000000001f0      0x2ed build/default/production/MCAL_Layer/ADC/hal_adc.o
 .debug_loc     0x00000000000004dd      0x3fa build/default/production/MCAL_Layer/DIO/mcal_dio.o
 .debug_loc     0x00000000000008d7      0x1bc build/default/production/MCAL_Layer/Interrupt/mcal_external_interrupt.o
 .debug_loc     0x0000000000000a93      0x1f9 build/default/production/MCAL_Layer/SPI/mcal_spi.o
 .debug_loc     0x0000000000000c8c       0xd5 build/default/production/application.o
 .debug_loc     0x0000000000000d61      0x1a8 build/default/production/MCAL_Layer/Timers/mcal_timer0.o

.debug_macinfo
 *(.debug_macinfo)

.debug_weaknames
 *(.debug_weaknames)

.debug_funcnames
 *(.debug_funcnames)

.debug_typenames
 *(.debug_typenames)

.debug_varnames
 *(.debug_varnames)

.debug_pubtypes
 *(.debug_pubtypes)

.debug_ranges   0x0000000000000000      0x1c8
 *(.debug_ranges)
 .debug_ranges  0x0000000000000000       0x28 build/default/production/HAL_Layer/LED/hal_led.o
 .debug_ranges  0x0000000000000028       0x48 build/default/production/MCAL_Layer/ADC/hal_adc.o
 .debug_ranges  0x0000000000000070       0x70 build/default/production/MCAL_Layer/DIO/mcal_dio.o
 .debug_ranges  0x00000000000000e0       0x30 build/default/production/MCAL_Layer/Interrupt/mcal_external_interrupt.o
 .debug_ranges  0x0000000000000110       0x40 build/default/production/MCAL_Layer/SPI/mcal_spi.o
 .debug_ranges  0x0000000000000150       0x40 build/default/production/application.o
 .debug_ranges  0x0000000000000190       0x38 build/default/production/MCAL_Layer/Timers/mcal_timer0.o

.debug_macro
 *(.debug_macro)
OUTPUT(dist/default/production/NTI_AVR_COST.production.elf elf32-avr)
LOAD linker stubs
LOAD data_init

.note.gnu.avr.deviceinfo
                0x0000000000000000       0x3c
 .note.gnu.avr.deviceinfo
                0x0000000000000000       0x3c C:/Program Files/Microchip/MPLABX/v6.10/packs/Microchip/ATmega_DFP/3.0.158/xc8/avr/lib/avr5/memx-const/crtatmega32.o

.bss.ADC_InterruptHandler
                0x0000000000800079        0x2
 .bss.ADC_InterruptHandler
                0x0000000000800079        0x2 build/default/production/MCAL_Layer/ADC/hal_adc.o

.bss.INT1_InterruptHandler
                0x000000000080007b        0x2
 .bss.INT1_InterruptHandler
                0x000000000080007b        0x2 build/default/production/MCAL_Layer/Interrupt/mcal_external_interrupt.o

.bss.SPI_InterruptHandler
                0x000000000080007d        0x2
 .bss.SPI_InterruptHandler
                0x000000000080007d        0x2 build/default/production/MCAL_Layer/SPI/mcal_spi.o

.bss.counter    0x000000000080007f        0x2
 .bss.counter   0x000000000080007f        0x2 build/default/production/MCAL_Layer/Timers/mcal_timer0.o
                0x000000000080007f                counter

.bss.timer0_preload
                0x0000000000800087        0x1
 .bss.timer0_preload
                0x0000000000800087        0x1 build/default/production/MCAL_Layer/Timers/mcal_timer0.o

.bss.TMR0_Compare_Match_InterruptHandler
                0x0000000000800081        0x2
 .bss.TMR0_Compare_Match_InterruptHandler
                0x0000000000800081        0x2 build/default/production/MCAL_Layer/Timers/mcal_timer0.o

.bss.TMR0_Over_FlowInterruptHandler
                0x0000000000800083        0x2
 .bss.TMR0_Over_FlowInterruptHandler
                0x0000000000800083        0x2 build/default/production/MCAL_Layer/Timers/mcal_timer0.o

.text.Timer0_Init
                0x00000000000000c0      0x1f2
 .text.Timer0_Init
                0x00000000000000c0      0x1f2 build/default/production/MCAL_Layer/Timers/mcal_timer0.o
                0x00000000000000c0                Timer0_Init

.text.dio_pin_direction_intialize
                0x00000000000002b2       0xae
 .text.dio_pin_direction_intialize
                0x00000000000002b2       0xae build/default/production/MCAL_Layer/DIO/mcal_dio.o
                0x00000000000002b2                dio_pin_direction_intialize

.text.dio_set_pin_pull_up
                0x0000000000000360       0xac
 .text.dio_set_pin_pull_up
                0x0000000000000360       0xac build/default/production/MCAL_Layer/DIO/mcal_dio.o
                0x0000000000000360                dio_set_pin_pull_up

.text.dio_pin_write_logic
                0x000000000000040c       0x94
 .text.dio_pin_write_logic
                0x000000000000040c       0x94 build/default/production/MCAL_Layer/DIO/mcal_dio.o
                0x000000000000040c                dio_pin_write_logic

.text.__vector_11
                0x00000000000004a0       0x86
 .text.__vector_11
                0x00000000000004a0       0x86 build/default/production/MCAL_Layer/Timers/mcal_timer0.o
                0x00000000000004a0                __vector_11

.text.__vector_10
                0x0000000000000526       0x80
 .text.__vector_10
                0x0000000000000526       0x80 build/default/production/MCAL_Layer/Timers/mcal_timer0.o
                0x0000000000000526                __vector_10

.text.hal_led_turn_on
                0x00000000000005a6       0x6c
 .text.hal_led_turn_on
                0x00000000000005a6       0x6c build/default/production/HAL_Layer/LED/hal_led.o
                0x00000000000005a6                hal_led_turn_on

.text.hal_led_initialize
                0x0000000000000612       0x6a
 .text.hal_led_initialize
                0x0000000000000612       0x6a build/default/production/HAL_Layer/LED/hal_led.o
                0x0000000000000612                hal_led_initialize

.text.__vector_2
                0x000000000000067c       0x58
 .text.__vector_2
                0x000000000000067c       0x58 build/default/production/MCAL_Layer/Interrupt/mcal_external_interrupt.o
                0x000000000000067c                __vector_2

.text.__vector_16
                0x00000000000006d4       0x54
 .text.__vector_16
                0x00000000000006d4       0x54 build/default/production/MCAL_Layer/ADC/hal_adc.o
                0x00000000000006d4                __vector_16

.text.__vector_12
                0x0000000000000728       0x52
 .text.__vector_12
                0x0000000000000728       0x52 build/default/production/MCAL_Layer/SPI/mcal_spi.o
                0x0000000000000728                __vector_12

.text.dio_pin_intialize
                0x000000000000077a       0x40
 .text.dio_pin_intialize
                0x000000000000077a       0x40 build/default/production/MCAL_Layer/DIO/mcal_dio.o
                0x000000000000077a                dio_pin_intialize

.text.application_initialize
                0x00000000000007ba       0x2a
 .text.application_initialize
                0x00000000000007ba       0x2a build/default/production/application.o
                0x00000000000007ba                application_initialize

.text.exit      0x00000000000007e4       0x16
 .text.exit     0x00000000000007e4       0x16 c:/program files/microchip/xc8/v2.41/avr/bin/../lib/gcc/avr/5.4.0/../../../../avr/lib/avr5/memx-const\libc.a(exit.o)
                0x00000000000007e4                exit

.text.main      0x00000000000007fa       0x10
 .text.main     0x00000000000007fa       0x10 build/default/production/application.o
                0x00000000000007fa                main

.text.libgcc    0x000000000000080a       0x10
 .text.libgcc   0x000000000000080a       0x10 c:/program files/microchip/xc8/v2.41/avr/bin/../lib/gcc/avr/5.4.0/avr5/memx-const\libgcc.a(_xload_2.o)
                0x000000000000080a                __xload_2

.text           0x000000000000081a        0x4
 .text          0x000000000000081a        0x4 C:/Program Files/Microchip/MPLABX/v6.10/packs/Microchip/ATmega_DFP/3.0.158/xc8/avr/lib/avr5/memx-const/crtatmega32.o
                0x000000000000081a                __vector_1
                0x000000000000081a                __bad_interrupt
                0x000000000000081a                __vector_6
                0x000000000000081a                __vector_3
                0x000000000000081a                __vector_13
                0x000000000000081a                __vector_17
                0x000000000000081a                __vector_19
                0x000000000000081a                __vector_7
                0x000000000000081a                __vector_5
                0x000000000000081a                __vector_4
                0x000000000000081a                __vector_9
                0x000000000000081a                __vector_15
                0x000000000000081a                __vector_8
                0x000000000000081a                __vector_14
                0x000000000000081a                __vector_18
                0x000000000000081a                __vector_20

.text._Exit     0x000000000000081e        0x4
 .text._Exit    0x000000000000081e        0x4 c:/program files/microchip/xc8/v2.41/avr/bin/../lib/gcc/avr/5.4.0/../../../../avr/lib/avr5/memx-const\libc.a(_Exit.o)
                0x000000000000081e                _Exit

.text.__dummy_fini
                0x0000000000000822        0x2
 .text.__dummy_fini
                0x0000000000000822        0x2 c:/program files/microchip/xc8/v2.41/avr/bin/../lib/gcc/avr/5.4.0/../../../../avr/lib/avr5/memx-const\libc.a(exit.o)
                0x0000000000000822                _fini

.text.__dummy_funcs_on_exit
                0x0000000000000824        0x2
 .text.__dummy_funcs_on_exit
                0x0000000000000824        0x2 c:/program files/microchip/xc8/v2.41/avr/bin/../lib/gcc/avr/5.4.0/../../../../avr/lib/avr5/memx-const\libc.a(exit.o)
                0x0000000000000824                __funcs_on_exit

.text.__dummy_simulator_exit
                0x0000000000000826        0x2
 .text.__dummy_simulator_exit
                0x0000000000000826        0x2 c:/program files/microchip/xc8/v2.41/avr/bin/../lib/gcc/avr/5.4.0/../../../../avr/lib/avr5/memx-const\libc.a(exit.o)
                0x0000000000000826                __simulator_exit

.data.Timer0    0x0000000000800060        0x9 load address 0x0000000000000828
 .data.Timer0   0x0000000000800060        0x9 build/default/production/application.o
                0x0000000000800060                Timer0

.data.port_registers
                0x0000000000800069        0x8 load address 0x0000000000000831
 .data.port_registers
                0x0000000000800069        0x8 build/default/production/MCAL_Layer/DIO/mcal_dio.o
                0x0000000000800069                port_registers

.data.ddr_registers
                0x0000000000800071        0x8 load address 0x0000000000000839
 .data.ddr_registers
                0x0000000000800071        0x8 build/default/production/MCAL_Layer/DIO/mcal_dio.o
                0x0000000000800071                ddr_registers

.data.OC0       0x0000000000800085        0x1 load address 0x0000000000000841
 .data.OC0      0x0000000000800085        0x1 build/default/production/application.o
                0x0000000000800085                OC0

.data.led1      0x0000000000800086        0x1 load address 0x0000000000000842
 .data.led1     0x0000000000800086        0x1 build/default/production/application.o
                0x0000000000800086                led1
