Archive member included to satisfy reference by file (symbol)

c:/program files/microchip/xc8/v2.36/avr/bin/../lib/gcc/avr/5.4.0/avr5/memx-const\libgcc.a(_mulsi3.o)
                              build/default/production/application.o (__mulsi3)
c:/program files/microchip/xc8/v2.36/avr/bin/../lib/gcc/avr/5.4.0/avr5/memx-const\libgcc.a(_udivmodhi4.o)
                              build/default/production/FreeRTOS/queue.o (__udivmodhi4)
c:/program files/microchip/xc8/v2.36/avr/bin/../lib/gcc/avr/5.4.0/avr5/memx-const\libgcc.a(_udivmodsi4.o)
                              build/default/production/HAL_Layer/LCD/hal_lcd.o (__udivmodsi4)
c:/program files/microchip/xc8/v2.36/avr/bin/../lib/gcc/avr/5.4.0/avr5/memx-const\libgcc.a(_divmodsi4.o)
                              build/default/production/application.o (__divmodsi4)
c:/program files/microchip/xc8/v2.36/avr/bin/../lib/gcc/avr/5.4.0/avr5/memx-const\libgcc.a(_negsi2.o)
                              c:/program files/microchip/xc8/v2.36/avr/bin/../lib/gcc/avr/5.4.0/avr5/memx-const\libgcc.a(_divmodsi4.o) (__negsi2)
c:/program files/microchip/xc8/v2.36/avr/bin/../lib/gcc/avr/5.4.0/avr5/memx-const\libgcc.a(_tablejump2.o)
                              build/default/production/MCAL_Layer/ADC/hal_adc.o (__tablejump2__)
c:/program files/microchip/xc8/v2.36/avr/bin/../lib/gcc/avr/5.4.0/avr5/memx-const\libgcc.a(_copy_data.o)
                              build/default/production/MCAL_Layer/DIO/mcal_dio.o (__do_copy_data)
c:/program files/microchip/xc8/v2.36/avr/bin/../lib/gcc/avr/5.4.0/avr5/memx-const\libgcc.a(_umulhisi3.o)
                              build/default/production/application.o (__umulhisi3)
c:/program files/microchip/xc8/v2.36/avr/bin/../lib/gcc/avr/5.4.0/avr5/memx-const\libgcc.a(_muluhisi3.o)
                              c:/program files/microchip/xc8/v2.36/avr/bin/../lib/gcc/avr/5.4.0/avr5/memx-const\libgcc.a(_mulsi3.o) (__muluhisi3)
c:/program files/microchip/xc8/v2.36/avr/bin/../lib/gcc/avr/5.4.0/avr5/memx-const\libgcc.a(_xload_2.o)
                              build/default/production/FreeRTOS/event_groups.o (__xload_2)
c:/program files/microchip/xc8/v2.36/avr/bin/../lib/gcc/avr/5.4.0/avr5/memx-const\libgcc.a(_movmemx.o)
                              build/default/production/application.o (__movmemx_qi)
c:/program files/microchip/xc8/v2.36/avr/bin/../lib/gcc/avr/5.4.0/../../../../avr/lib/avr5/memx-const\libc.a(exit.o)
                              C:/Program Files/Microchip/MPLABX/v6.10/packs/Microchip/ATmega_DFP/3.0.158/xc8/avr/lib/avr5/memx-const/crtatmega32.o (exit)
c:/program files/microchip/xc8/v2.36/avr/bin/../lib/gcc/avr/5.4.0/../../../../avr/lib/avr5/memx-const\libc.a(memcpy.o)
                              build/default/production/FreeRTOS/queue.o (memcpy)
c:/program files/microchip/xc8/v2.36/avr/bin/../lib/gcc/avr/5.4.0/../../../../avr/lib/avr5/memx-const\libc.a(_Exit.o)
                              c:/program files/microchip/xc8/v2.36/avr/bin/../lib/gcc/avr/5.4.0/../../../../avr/lib/avr5/memx-const\libc.a(exit.o) (_Exit)
c:/program files/microchip/xc8/v2.36/avr/bin/../lib/gcc/avr/5.4.0/avr5/memx-const\libgcc.a(_exit.o)
                              c:/program files/microchip/xc8/v2.36/avr/bin/../lib/gcc/avr/5.4.0/../../../../avr/lib/avr5/memx-const\libc.a(_Exit.o) (_exit)

Discarded input sections

 .data          0x0000000000000000        0x0 C:/Program Files/Microchip/MPLABX/v6.10/packs/Microchip/ATmega_DFP/3.0.158/xc8/avr/lib/avr5/memx-const/crtatmega32.o
 .bss           0x0000000000000000        0x0 C:/Program Files/Microchip/MPLABX/v6.10/packs/Microchip/ATmega_DFP/3.0.158/xc8/avr/lib/avr5/memx-const/crtatmega32.o
 .text          0x0000000000000000        0x0 build/default/production/FreeRTOS/croutine.o
 .data          0x0000000000000000        0x0 build/default/production/FreeRTOS/croutine.o
 .bss           0x0000000000000000        0x0 build/default/production/FreeRTOS/croutine.o
 .debug_info    0x0000000000000000      0x258 build/default/production/FreeRTOS/croutine.o
 .debug_abbrev  0x0000000000000000       0x1b build/default/production/FreeRTOS/croutine.o
 .debug_aranges
                0x0000000000000000       0x18 build/default/production/FreeRTOS/croutine.o
 .debug_line    0x0000000000000000       0x1a build/default/production/FreeRTOS/croutine.o
 .debug_str     0x0000000000000000        0x0 build/default/production/FreeRTOS/croutine.o
 .comment       0x0000000000000000       0x30 build/default/production/FreeRTOS/croutine.o
 .text          0x0000000000000000        0x0 build/default/production/FreeRTOS/event_groups.o
 .data          0x0000000000000000        0x0 build/default/production/FreeRTOS/event_groups.o
 .bss           0x0000000000000000        0x0 build/default/production/FreeRTOS/event_groups.o
 .text.xEventGroupCreate
                0x0000000000000000       0x26 build/default/production/FreeRTOS/event_groups.o
 .text.xEventGroupWaitBits
[...]
Memory Configuration

Name             Origin             Length             Attributes
text             0x0000000000000000 0x0000000000008000 xr
data             0x0000000000800060 0x0000000000000800 rw !x
eeprom           0x0000000000810000 0x0000000000000400 rw !x
fuse             0x0000000000820000 0x0000000000000002 rw !x
lock             0x0000000000830000 0x0000000000000400 rw !x
signature        0x0000000000840000 0x0000000000000400 rw !x
user_signatures  0x0000000000850000 0x0000000000000400 rw !x
*default*        0x0000000000000000 0xffffffffffffffff

Linker script and memory map

LOAD C:/Program Files/Microchip/MPLABX/v6.10/packs/Microchip/ATmega_DFP/3.0.158/xc8/avr/lib/avr5/memx-const/crtatmega32.o
                0x0000000000000001                __MPLAB_BUILD = 0x1
LOAD build/default/production/FreeRTOS/croutine.o
LOAD build/default/production/FreeRTOS/event_groups.o
LOAD build/default/production/FreeRTOS/heap_1.o
LOAD build/default/production/FreeRTOS/list.o
LOAD build/default/production/FreeRTOS/mpu_wrappers.o
LOAD build/default/production/FreeRTOS/port.o
LOAD build/default/production/FreeRTOS/queue.o
LOAD build/default/production/FreeRTOS/regtest.o
LOAD build/default/production/FreeRTOS/stream_buffer.o
LOAD build/default/production/FreeRTOS/tasks.o
LOAD build/default/production/FreeRTOS/timers.o
LOAD build/default/production/HAL_Layer/7_Segment/hal_seven_segment.o
LOAD build/default/production/HAL_Layer/button/hal_button.o
LOAD build/default/production/HAL_Layer/keypad/hal_keypad.o
LOAD build/default/production/HAL_Layer/LCD/hal_lcd.o
LOAD build/default/production/HAL_Layer/LED/hal_led.o
LOAD build/default/production/MCAL_Layer/ADC/hal_adc.o
LOAD build/default/production/MCAL_Layer/DIO/mcal_dio.o
LOAD build/default/production/MCAL_Layer/I2C/mcal_i2c.o
LOAD build/default/production/MCAL_Layer/Interrupt/mcal_external_interrupt.o
LOAD build/default/production/MCAL_Layer/SPI/mcal_spi.o
LOAD build/default/production/MCAL_Layer/Timers/mcal_timer0.o
LOAD build/default/production/MCAL_Layer/Timers/mcal_timer1.o
LOAD build/default/production/MCAL_Layer/USART/uart_prog.o
LOAD build/default/production/MCAL_Layer/USART/hal_usart.o
LOAD build/default/production/application.o
START GROUP
LOAD c:/program files/microchip/xc8/v2.36/avr/bin/../lib/gcc/avr/5.4.0/../../../../avr/lib/avr5/memx-const\libm.a
END GROUP
START GROUP
LOAD c:/program files/microchip/xc8/v2.36/avr/bin/../lib/gcc/avr/5.4.0/avr5/memx-const\libgcc.a
LOAD c:/program files/microchip/xc8/v2.36/avr/bin/../lib/gcc/avr/5.4.0/../../../../avr/lib/avr5/memx-const\libm.a
LOAD c:/program files/microchip/xc8/v2.36/avr/bin/../lib/gcc/avr/5.4.0/../../../../avr/lib/avr5/memx-const\libc.a
LOAD C:/Program Files/Microchip/MPLABX/v6.10/packs/Microchip/ATmega_DFP/3.0.158/xc8/avr/lib/avr5/memx-const\libatmega32.a
END GROUP
                0x0000000000000000                __TEXT_REGION_ORIGIN__ = DEFINED (__TEXT_REGION_ORIGIN__)?__TEXT_REGION_ORIGIN__:0x0
                [0x0000000000800060]                __DATA_REGION_ORIGIN__ = DEFINED (__DATA_REGION_ORIGIN__)?__DATA_REGION_ORIGIN__:0x800060
                [0x0000000000008000]                __TEXT_REGION_LENGTH__ = DEFINED (__TEXT_REGION_LENGTH__)?__TEXT_REGION_LENGTH__:0x20000
                [0x0000000000000800]                __DATA_REGION_LENGTH__ = DEFINED (__DATA_REGION_LENGTH__)?__DATA_REGION_LENGTH__:0xffa0
                [0x0000000000000400]                __EEPROM_REGION_LENGTH__ = DEFINED (__EEPROM_REGION_LENGTH__)?__EEPROM_REGION_LENGTH__:0x10000
                [0x0000000000000002]                __FUSE_REGION_LENGTH__ = DEFINED (__FUSE_REGION_LENGTH__)?__FUSE_REGION_LENGTH__:0x400
                0x0000000000000400                __LOCK_REGION_LENGTH__ = DEFINED (__LOCK_REGION_LENGTH__)?__LOCK_REGION_LENGTH__:0x400
                0x0000000000000400                __SIGNATURE_REGION_LENGTH__ = DEFINED (__SIGNATURE_REGION_LENGTH__)?__SIGNATURE_REGION_LENGTH__:0x400
                0x0000000000000400                __USER_SIGNATURE_REGION_LENGTH__ = DEFINED (__USER_SIGNATURE_REGION_LENGTH__)?__USER_SIGNATURE_REGION_LENGTH__:0x400

.hash
 *(.hash)

.dynsym
 *(.dynsym)

.dynstr
 *(.dynstr)

.gnu.version
 *(.gnu.version)

.gnu.version_d
 *(.gnu.version_d)

.gnu.version_r
 *(.gnu.version_r)

.rel.init
 *(.rel.init)

.rela.init
 *(.rela.init)

.rel.text
 *(.rel.text)
 *(.rel.text.*)
 *(.rel.gnu.linkonce.t*)

.rela.text
 *(.rela.text)
 *(.rela.text.*)
 *(.rela.gnu.linkonce.t*)

.rel.fini
 *(.rel.fini)

.rela.fini
 *(.rela.fini)

.rel.rodata
 *(.rel.rodata)
 *(.rel.rodata.*)
 *(.rel.gnu.linkonce.r*)

.rela.rodata
 *(.rela.rodata)
 *(.rela.rodata.*)
 *(.rela.gnu.linkonce.r*)

.rel.data
 *(.rel.data)
 *(.rel.data.*)
 *(.rel.gnu.linkonce.d*)

.rela.data
 *(.rela.data)
 *(.rela.data.*)
 *(.rela.gnu.linkonce.d*)

.rel.ctors
 *(.rel.ctors)

.rela.ctors
 *(.rela.ctors)

.rel.dtors
 *(.rel.dtors)

.rela.dtors
 *(.rela.dtors)

.rel.got
 *(.rel.got)

.rela.got
 *(.rela.got)

.rel.bss
 *(.rel.bss)

.rela.bss
 *(.rela.bss)

.rel.plt
 *(.rel.plt)

.rela.plt
 *(.rela.plt)

.text           0x0000000000000000      0x120
 *(.vectors)
 .vectors       0x0000000000000000       0x54 C:/Program Files/Microchip/MPLABX/v6.10/packs/Microchip/ATmega_DFP/3.0.158/xc8/avr/lib/avr5/memx-const/crtatmega32.o
                0x0000000000000000                __vector_default
                0x0000000000000000                __vectors
 *(.vectors)
 *(.progmem.gcc*)
 .progmem.gcc_sw_table.Timer1_Init
                0x0000000000000054       0x60 build/default/production/MCAL_Layer/Timers/mcal_timer1.o
 *(.dinit)
 .dinit         0x00000000000000b4       0x18 data_init
                0x00000000000000cc                . = ALIGN (0x2)
 *fill*         0x00000000000000cc        0x0 
                0x00000000000000cc                __trampolines_start = .
 *(.trampolines)
 .trampolines   0x00000000000000cc        0x0 linker stubs
 *(.trampolines*)
                0x00000000000000cc                __trampolines_end = .
 *libprintf_flt.a:*(.progmem.data)
 *libc.a:*(.progmem.data)
                0x00000000000000cc                . = ALIGN (0x2)
 *(.jumptables)
 *(.jumptables*)
 *(.lowtext)
 *(.lowtext*)
                0x00000000000000cc                __ctors_start = .
 *(.ctors)
                0x00000000000000cc                __ctors_end = .
                0x00000000000000cc                __dtors_start = .
 *(.dtors)
                0x00000000000000cc                __dtors_end = .
 SORT(*)(.ctors)
 SORT(*)(.dtors)
 *(.init0)
 .init0         0x00000000000000cc        0x0 C:/Program Files/Microchip/MPLABX/v6.10/packs/Microchip/ATmega_DFP/3.0.158/xc8/avr/lib/avr5/memx-const/crtatmega32.o
                0x00000000000000cc                __init
 *(.init0)
 *(.init1)
 *(.init1)
 *(.init2)
 .init2         0x00000000000000cc        0xc C:/Program Files/Microchip/MPLABX/v6.10/packs/Microchip/ATmega_DFP/3.0.158/xc8/avr/lib/avr5/memx-const/crtatmega32.o
 *(.init2)
 *(.init3)
 *(.init3)
 *(.init4)
 .init4         0x00000000000000d8       0x3c c:/program files/microchip/xc8/v2.36/avr/bin/../lib/gcc/avr/5.4.0/avr5/memx-const\libgcc.a(_copy_data.o)
                0x00000000000000d8                __do_copy_data
                0x0000000000000106                __do_clear_bss
 *(.init4)
 *(.init5)
 *(.init5)
 *(.init6)
 *(.init6)
 *(.init7)
 *(.init7)
 *(.init8)
 *(.init8)
 *(.init9)
 .init9         0x0000000000000114        0x8 C:/Program Files/Microchip/MPLABX/v6.10/packs/Microchip/ATmega_DFP/3.0.158/xc8/avr/lib/avr5/memx-const/crtatmega32.o
 *(.init9)
                0x000000000000011c                . = ALIGN (0x2)
 *(.fini9)
 .fini9         0x000000000000011c        0x0 c:/program files/microchip/xc8/v2.36/avr/bin/../lib/gcc/avr/5.4.0/avr5/memx-const\libgcc.a(_exit.o)
                0x000000000000011c                _exit
 *(.fini9)
 *(.fini8)
 *(.fini8)
 *(.fini7)
 *(.fini7)
 *(.fini6)
 *(.fini6)
 *(.fini5)
 *(.fini5)
 *(.fini4)
 *(.fini4)
 *(.fini3)
 *(.fini3)
 *(.fini2)
 *(.fini2)
 *(.fini1)
 *(.fini1)
 *(.fini0)
 .fini0         0x000000000000011c        0x4 c:/program files/microchip/xc8/v2.36/avr/bin/../lib/gcc/avr/5.4.0/avr5/memx-const\libgcc.a(_exit.o)
 *(.fini0)
                0x0000000000000120                _etext = .

.data           0x0000000000800060        0x0 load address 0x0000000000000120
                [!provide]                        PROVIDE (__data_start, .)
 *(.gnu.linkonce.d*)
 *(.gnu.linkonce.r*)
                0x0000000000800060                . = ALIGN (0x2)
                0x0000000000800060                _edata = .
                [!provide]                        PROVIDE (__data_end, .)

.bss            0x0000000000800060        0x0
                [!provide]                        PROVIDE (__bss_start, .)
 *(COMMON)
                [!provide]                        PROVIDE (__bss_end, .)
                0x0000000000000120                __data_load_start = LOADADDR (.data)
                0x0000000000000120                __data_load_end = (__data_load_start + SIZEOF (.data))

.noinit         0x0000000000800060        0x0
                [!provide]                        PROVIDE (__noinit_start, .)
 *(.noinit*)
                [!provide]                        PROVIDE (__noinit_end, .)
                0x0000000000800060                _end = .

.eeprom         0x0000000000810000        0x0
 *(.eeprom*)
                0x0000000000810000                __eeprom_end = .

.fuse
 *(.fuse)
 *(.lfuse)
 *(.hfuse)
 *(.efuse)

.lock
 *(.lock*)

.signature
 *(.signature*)

.user_signatures
 *(.user_signatures*)

.stab
 *(.stab)

.stabstr
 *(.stabstr)

.stab.excl
 *(.stab.excl)

.stab.exclstr
 *(.stab.exclstr)

.stab.index
 *(.stab.index)

.stab.indexstr
 *(.stab.indexstr)

.comment        0x0000000000000000       0x2f
 *(.comment)
 .comment       0x0000000000000000       0x2f build/default/production/FreeRTOS/port.o
                                         0x30 (size before relaxing)
 .comment       0x000000000000002f       0x30 build/default/production/FreeRTOS/tasks.o
 .comment       0x000000000000002f       0x30 build/default/production/HAL_Layer/keypad/hal_keypad.o
 .comment       0x000000000000002f       0x30 build/default/production/HAL_Layer/LCD/hal_lcd.o
 .comment       0x000000000000002f       0x30 build/default/production/HAL_Layer/LED/hal_led.o
 .comment       0x000000000000002f       0x30 build/default/production/MCAL_Layer/ADC/hal_adc.o
 .comment       0x000000000000002f       0x30 build/default/production/MCAL_Layer/DIO/mcal_dio.o
 .comment       0x000000000000002f       0x30 build/default/production/MCAL_Layer/Interrupt/mcal_external_interrupt.o
 .comment       0x000000000000002f       0x30 build/default/production/MCAL_Layer/SPI/mcal_spi.o
 .comment       0x000000000000002f       0x30 build/default/production/MCAL_Layer/Timers/mcal_timer0.o
 .comment       0x000000000000002f       0x30 build/default/production/MCAL_Layer/Timers/mcal_timer1.o
 .comment       0x000000000000002f       0x30 build/default/production/application.o
 .comment       0x000000000000002f       0x30 c:/program files/microchip/xc8/v2.36/avr/bin/../lib/gcc/avr/5.4.0/../../../../avr/lib/avr5/memx-const\libc.a(exit.o)
 .comment       0x000000000000002f       0x30 c:/program files/microchip/xc8/v2.36/avr/bin/../lib/gcc/avr/5.4.0/../../../../avr/lib/avr5/memx-const\libc.a(_Exit.o)

.stack.descriptors.hdr
                0x0000000000000000       0x46
 .stack.descriptors.hdr
                0x0000000000000000        0xe c:/program files/microchip/xc8/v2.36/avr/bin/../lib/gcc/avr/5.4.0/avr5/memx-const\libgcc.a(_udivmodsi4.o)
 .stack.descriptors.hdr
                0x000000000000000e        0xe c:/program files/microchip/xc8/v2.36/avr/bin/../lib/gcc/avr/5.4.0/avr5/memx-const\libgcc.a(_tablejump2.o)
 .stack.descriptors.hdr
                0x000000000000001c        0xe c:/program files/microchip/xc8/v2.36/avr/bin/../lib/gcc/avr/5.4.0/avr5/memx-const\libgcc.a(_umulhisi3.o)
 .stack.descriptors.hdr
                0x000000000000002a        0xe c:/program files/microchip/xc8/v2.36/avr/bin/../lib/gcc/avr/5.4.0/avr5/memx-const\libgcc.a(_xload_2.o)
 .stack.descriptors.hdr
                0x0000000000000038        0xe c:/program files/microchip/xc8/v2.36/avr/bin/../lib/gcc/avr/5.4.0/avr5/memx-const\libgcc.a(_exit.o)

.note.GNU-stack
                0x0000000000000000        0x0
 .note.GNU-stack
                0x0000000000000000        0x0 c:/program files/microchip/xc8/v2.36/avr/bin/../lib/gcc/avr/5.4.0/../../../../avr/lib/avr5/memx-const\libc.a(exit.o)
 .note.GNU-stack
                0x0000000000000000        0x0 c:/program files/microchip/xc8/v2.36/avr/bin/../lib/gcc/avr/5.4.0/../../../../avr/lib/avr5/memx-const\libc.a(_Exit.o)

.note.gnu.build-id
 *(.note.gnu.build-id)

.debug
 *(.debug)

.line
 *(.line)

.debug_srcinfo
 *(.debug_srcinfo)

.debug_sfnames
 *(.debug_sfnames)

.debug_aranges  0x0000000000000000      0x4f0
 *(.debug_aranges)
 .debug_aranges
                0x0000000000000000       0x48 build/default/production/FreeRTOS/port.o
 .debug_aranges
                0x0000000000000048      0x158 build/default/production/FreeRTOS/tasks.o
 .debug_aranges
                0x00000000000001a0       0x28 build/default/production/HAL_Layer/keypad/hal_keypad.o
 .debug_aranges
                0x00000000000001c8       0x90 build/default/production/HAL_Layer/LCD/hal_lcd.o
 .debug_aranges
                0x0000000000000258       0x38 build/default/production/HAL_Layer/LED/hal_led.o
 .debug_aranges
                0x0000000000000290       0x58 build/default/production/MCAL_Layer/ADC/hal_adc.o
 .debug_aranges
                0x00000000000002e8       0x80 build/default/production/MCAL_Layer/DIO/mcal_dio.o
 .debug_aranges
                0x0000000000000368       0x40 build/default/production/MCAL_Layer/Interrupt/mcal_external_interrupt.o
 .debug_aranges
                0x00000000000003a8       0x50 build/default/production/MCAL_Layer/SPI/mcal_spi.o
 .debug_aranges
                0x00000000000003f8       0x48 build/default/production/MCAL_Layer/Timers/mcal_timer0.o
 .debug_aranges
                0x0000000000000440       0x60 build/default/production/MCAL_Layer/Timers/mcal_timer1.o
 .debug_aranges
                0x00000000000004a0       0x50 build/default/production/application.o

.debug_pubnames
 *(.debug_pubnames)

.debug_info     0x0000000000000000     0xc615
 *(.debug_info .gnu.linkonce.wi.*)
 .debug_info    0x0000000000000000      0x4e6 C:/Program Files/Microchip/MPLABX/v6.10/packs/Microchip/ATmega_DFP/3.0.158/xc8/avr/lib/avr5/memx-const/crtatmega32.o
 .debug_info    0x00000000000004e6      0x50a build/default/production/FreeRTOS/port.o
 .debug_info    0x00000000000009f0     0x24ff build/default/production/FreeRTOS/tasks.o
 .debug_info    0x0000000000002eef      0x5c6 build/default/production/HAL_Layer/keypad/hal_keypad.o
 .debug_info    0x00000000000034b5     0x11c0 build/default/production/HAL_Layer/LCD/hal_lcd.o
 .debug_info    0x0000000000004675      0x5e4 build/default/production/HAL_Layer/LED/hal_led.o
 .debug_info    0x0000000000004c59     0x11af build/default/production/MCAL_Layer/ADC/hal_adc.o
 .debug_info    0x0000000000005e08      0x995 build/default/production/MCAL_Layer/DIO/mcal_dio.o
 .debug_info    0x000000000000679d      0xb17 build/default/production/MCAL_Layer/Interrupt/mcal_external_interrupt.o
 .debug_info    0x00000000000072b4      0xca7 build/default/production/MCAL_Layer/SPI/mcal_spi.o
 .debug_info    0x0000000000007f5b      0xb49 build/default/production/MCAL_Layer/Timers/mcal_timer0.o
 .debug_info    0x0000000000008aa4     0x11d0 build/default/production/MCAL_Layer/Timers/mcal_timer1.o
 .debug_info    0x0000000000009c74     0x29a1 build/default/production/application.o

.debug_abbrev   0x0000000000000000     0x1a50
 *(.debug_abbrev)
 .debug_abbrev  0x0000000000000000      0x4a3 C:/Program Files/Microchip/MPLABX/v6.10/packs/Microchip/ATmega_DFP/3.0.158/xc8/avr/lib/avr5/memx-const/crtatmega32.o
 .debug_abbrev  0x00000000000004a3      0x157 build/default/production/FreeRTOS/port.o
 .debug_abbrev  0x00000000000005fa      0x35f build/default/production/FreeRTOS/tasks.o
 .debug_abbrev  0x0000000000000959      0x146 build/default/production/HAL_Layer/keypad/hal_keypad.o
 .debug_abbrev  0x0000000000000a9f      0x253 build/default/production/HAL_Layer/LCD/hal_lcd.o
 .debug_abbrev  0x0000000000000cf2      0x100 build/default/production/HAL_Layer/LED/hal_led.o
 .debug_abbrev  0x0000000000000df2      0x1e6 build/default/production/MCAL_Layer/ADC/hal_adc.o
 .debug_abbrev  0x0000000000000fd8      0x169 build/default/production/MCAL_Layer/DIO/mcal_dio.o
 .debug_abbrev  0x0000000000001141      0x189 build/default/production/MCAL_Layer/Interrupt/mcal_external_interrupt.o
 .debug_abbrev  0x00000000000012ca      0x195 build/default/production/MCAL_Layer/SPI/mcal_spi.o
 .debug_abbrev  0x000000000000145f      0x195 build/default/production/MCAL_Layer/Timers/mcal_timer0.o
 .debug_abbrev  0x00000000000015f4      0x1af build/default/production/MCAL_Layer/Timers/mcal_timer1.o
 .debug_abbrev  0x00000000000017a3      0x2ad build/default/production/application.o

.debug_line     0x0000000000000000     0x3c89
 *(.debug_line .debug_line.* .debug_line_end)
 .debug_line    0x0000000000000000      0x119 C:/Program Files/Microchip/MPLABX/v6.10/packs/Microchip/ATmega_DFP/3.0.158/xc8/avr/lib/avr5/memx-const/crtatmega32.o
 .debug_line    0x0000000000000119      0x272 build/default/production/FreeRTOS/port.o
 .debug_line    0x000000000000038b      0xff8 build/default/production/FreeRTOS/tasks.o
 .debug_line    0x0000000000001383      0x19c build/default/production/HAL_Layer/keypad/hal_keypad.o
 .debug_line    0x000000000000151f      0x58d build/default/production/HAL_Layer/LCD/hal_lcd.o
 .debug_line    0x0000000000001aac      0x1ba build/default/production/HAL_Layer/LED/hal_led.o
 .debug_line    0x0000000000001c66      0x4f9 build/default/production/MCAL_Layer/ADC/hal_adc.o
 .debug_line    0x000000000000215f      0x42a build/default/production/MCAL_Layer/DIO/mcal_dio.o
 .debug_line    0x0000000000002589      0x2ac build/default/production/MCAL_Layer/Interrupt/mcal_external_interrupt.o
 .debug_line    0x0000000000002835      0x361 build/default/production/MCAL_Layer/SPI/mcal_spi.o
 .debug_line    0x0000000000002b96      0x2b9 build/default/production/MCAL_Layer/Timers/mcal_timer0.o
 .debug_line    0x0000000000002e4f      0x64e build/default/production/MCAL_Layer/Timers/mcal_timer1.o
 .debug_line    0x000000000000349d      0x7ec build/default/production/application.o

.debug_frame    0x0000000000000000     0x11a0
 *(.debug_frame)
 .debug_frame   0x0000000000000000       0x74 build/default/production/FreeRTOS/port.o
 .debug_frame   0x0000000000000074      0x528 build/default/production/FreeRTOS/tasks.o
 .debug_frame   0x000000000000059c       0xc4 build/default/production/HAL_Layer/keypad/hal_keypad.o
 .debug_frame   0x0000000000000660      0x32c build/default/production/HAL_Layer/LCD/hal_lcd.o
 .debug_frame   0x000000000000098c       0x94 build/default/production/HAL_Layer/LED/hal_led.o
 .debug_frame   0x0000000000000a20       0xf8 build/default/production/MCAL_Layer/ADC/hal_adc.o
 .debug_frame   0x0000000000000b18      0x104 build/default/production/MCAL_Layer/DIO/mcal_dio.o
 .debug_frame   0x0000000000000c1c       0xbc build/default/production/MCAL_Layer/Interrupt/mcal_external_interrupt.o
 .debug_frame   0x0000000000000cd8       0xdc build/default/production/MCAL_Layer/SPI/mcal_spi.o
 .debug_frame   0x0000000000000db4      0x104 build/default/production/MCAL_Layer/Timers/mcal_timer0.o
 .debug_frame   0x0000000000000eb8      0x17c build/default/production/MCAL_Layer/Timers/mcal_timer1.o
 .debug_frame   0x0000000000001034      0x16c build/default/production/application.o

.debug_str      0x0000000000000000      0x843
 *(.debug_str)
 .debug_str     0x0000000000000000      0x196 C:/Program Files/Microchip/MPLABX/v6.10/packs/Microchip/ATmega_DFP/3.0.158/xc8/avr/lib/avr5/memx-const/crtatmega32.o
 .debug_str     0x0000000000000196       0x26 build/default/production/FreeRTOS/port.o
 .debug_str     0x00000000000001bc      0x23a build/default/production/FreeRTOS/tasks.o
 .debug_str     0x00000000000003f6       0x7e build/default/production/HAL_Layer/keypad/hal_keypad.o
 .debug_str     0x0000000000000474       0x53 build/default/production/HAL_Layer/LCD/hal_lcd.o
 .debug_str     0x00000000000004c7       0x43 build/default/production/HAL_Layer/LED/hal_led.o
 .debug_str     0x000000000000050a       0x2c build/default/production/MCAL_Layer/ADC/hal_adc.o
 .debug_str     0x0000000000000536       0x31 build/default/production/MCAL_Layer/DIO/mcal_dio.o
 .debug_str     0x0000000000000567       0x1a build/default/production/MCAL_Layer/Interrupt/mcal_external_interrupt.o
 .debug_str     0x0000000000000581       0x34 build/default/production/MCAL_Layer/SPI/mcal_spi.o
 .debug_str     0x00000000000005b5       0x4a build/default/production/MCAL_Layer/Timers/mcal_timer0.o
 .debug_str     0x00000000000005ff       0xa7 build/default/production/MCAL_Layer/Timers/mcal_timer1.o
 .debug_str     0x00000000000006a6      0x19d build/default/production/application.o

.debug_loc      0x0000000000000000     0x4510
 *(.debug_loc)
 .debug_loc     0x0000000000000000      0x2a0 build/default/production/FreeRTOS/port.o
 .debug_loc     0x00000000000002a0     0x1973 build/default/production/FreeRTOS/tasks.o
 .debug_loc     0x0000000000001c13      0x30f build/default/production/HAL_Layer/keypad/hal_keypad.o
 .debug_loc     0x0000000000001f22     0x10c1 build/default/production/HAL_Layer/LCD/hal_lcd.o
 .debug_loc     0x0000000000002fe3      0x1f0 build/default/production/HAL_Layer/LED/hal_led.o
 .debug_loc     0x00000000000031d3      0x322 build/default/production/MCAL_Layer/ADC/hal_adc.o
 .debug_loc     0x00000000000034f5      0x3fa build/default/production/MCAL_Layer/DIO/mcal_dio.o
 .debug_loc     0x00000000000038ef      0x1bc build/default/production/MCAL_Layer/Interrupt/mcal_external_interrupt.o
 .debug_loc     0x0000000000003aab      0x1f9 build/default/production/MCAL_Layer/SPI/mcal_spi.o
 .debug_loc     0x0000000000003ca4      0x1a8 build/default/production/MCAL_Layer/Timers/mcal_timer0.o
 .debug_loc     0x0000000000003e4c      0x318 build/default/production/MCAL_Layer/Timers/mcal_timer1.o
 .debug_loc     0x0000000000004164      0x3ac build/default/production/application.o

.debug_macinfo
 *(.debug_macinfo)

.debug_weaknames
 *(.debug_weaknames)

.debug_funcnames
 *(.debug_funcnames)

.debug_typenames
 *(.debug_typenames)

.debug_varnames
 *(.debug_varnames)

.debug_pubtypes
 *(.debug_pubtypes)

.debug_ranges   0x0000000000000000      0x4c0
 *(.debug_ranges)
 .debug_ranges  0x0000000000000000       0x38 build/default/production/FreeRTOS/port.o
 .debug_ranges  0x0000000000000038      0x190 build/default/production/FreeRTOS/tasks.o
 .debug_ranges  0x00000000000001c8       0x18 build/default/production/HAL_Layer/keypad/hal_keypad.o
 .debug_ranges  0x00000000000001e0       0x80 build/default/production/HAL_Layer/LCD/hal_lcd.o
 .debug_ranges  0x0000000000000260       0x28 build/default/production/HAL_Layer/LED/hal_led.o
 .debug_ranges  0x0000000000000288       0x48 build/default/production/MCAL_Layer/ADC/hal_adc.o
 .debug_ranges  0x00000000000002d0       0x70 build/default/production/MCAL_Layer/DIO/mcal_dio.o
 .debug_ranges  0x0000000000000340       0x30 build/default/production/MCAL_Layer/Interrupt/mcal_external_interrupt.o
 .debug_ranges  0x0000000000000370       0x40 build/default/production/MCAL_Layer/SPI/mcal_spi.o
 .debug_ranges  0x00000000000003b0       0x38 build/default/production/MCAL_Layer/Timers/mcal_timer0.o
 .debug_ranges  0x00000000000003e8       0x50 build/default/production/MCAL_Layer/Timers/mcal_timer1.o
 .debug_ranges  0x0000000000000438       0x88 build/default/production/application.o

.debug_macro
 *(.debug_macro)
OUTPUT(dist/default/production/NTI_AVR_COTS.production.elf elf32-avr)
LOAD linker stubs
LOAD data_init

.note.gnu.avr.deviceinfo
                0x0000000000000000       0x3c
 .note.gnu.avr.deviceinfo
                0x0000000000000000       0x3c C:/Program Files/Microchip/MPLABX/v6.10/packs/Microchip/ATmega_DFP/3.0.158/xc8/avr/lib/avr5/memx-const/crtatmega32.o

.bss.uxSchedulerSuspended
                0x0000000000800115        0x1
 .bss.uxSchedulerSuspended
                0x0000000000800115        0x1 build/default/production/FreeRTOS/tasks.o

.bss.xNextTaskUnblockTime
                0x00000000008000ed        0x2
 .bss.xNextTaskUnblockTime
                0x00000000008000ed        0x2 build/default/production/FreeRTOS/tasks.o

.bss.xNumOfOverflows
                0x0000000000800116        0x1
 .bss.xNumOfOverflows
                0x0000000000800116        0x1 build/default/production/FreeRTOS/tasks.o

.bss.xYieldPending
                0x0000000000800117        0x1
 .bss.xYieldPending
                0x0000000000800117        0x1 build/default/production/FreeRTOS/tasks.o

.bss.xPendedTicks
                0x00000000008000ef        0x2
 .bss.xPendedTicks
                0x00000000008000ef        0x2 build/default/production/FreeRTOS/tasks.o

.bss.uxTopReadyPriority
                0x0000000000800118        0x1
 .bss.uxTopReadyPriority
                0x0000000000800118        0x1 build/default/production/FreeRTOS/tasks.o

.bss.xTickCount
                0x00000000008000f1        0x2
 .bss.xTickCount
                0x00000000008000f1        0x2 build/default/production/FreeRTOS/tasks.o

.bss.pxOverflowDelayedTaskList
                0x00000000008000f3        0x2
 .bss.pxOverflowDelayedTaskList
                0x00000000008000f3        0x2 build/default/production/FreeRTOS/tasks.o

.bss.pxDelayedTaskList
                0x00000000008000f5        0x2
 .bss.pxDelayedTaskList
                0x00000000008000f5        0x2 build/default/production/FreeRTOS/tasks.o

.bss.pxReadyTasksLists
                0x0000000000800060       0x5a
 .bss.pxReadyTasksLists
                0x0000000000800060       0x5a build/default/production/FreeRTOS/tasks.o

.bss.pxCurrentTCB
                0x00000000008000f7        0x2
 .bss.pxCurrentTCB
                0x00000000008000f7        0x2 build/default/production/FreeRTOS/tasks.o
                0x00000000008000f7                pxCurrentTCB

.bss.ADC_InterruptHandler
                0x00000000008000f9        0x2
 .bss.ADC_InterruptHandler
                0x00000000008000f9        0x2 build/default/production/MCAL_Layer/ADC/hal_adc.o

.bss.INT1_InterruptHandler
                0x00000000008000fb        0x2
 .bss.INT1_InterruptHandler
                0x00000000008000fb        0x2 build/default/production/MCAL_Layer/Interrupt/mcal_external_interrupt.o

.bss.SPI_InterruptHandler
                0x00000000008000fd        0x2
 .bss.SPI_InterruptHandler
                0x00000000008000fd        0x2 build/default/production/MCAL_Layer/SPI/mcal_spi.o

.bss.counter    0x00000000008000ff        0x2
 .bss.counter   0x00000000008000ff        0x2 build/default/production/MCAL_Layer/Timers/mcal_timer0.o
                0x00000000008000ff                counter

.bss.timer0_preload
                0x0000000000800119        0x1
 .bss.timer0_preload
                0x0000000000800119        0x1 build/default/production/MCAL_Layer/Timers/mcal_timer0.o

.bss.TMR0_Compare_Match_InterruptHandler
                0x0000000000800101        0x2
 .bss.TMR0_Compare_Match_InterruptHandler
                0x0000000000800101        0x2 build/default/production/MCAL_Layer/Timers/mcal_timer0.o

.bss.TMR0_Over_FlowInterruptHandler
                0x0000000000800103        0x2
 .bss.TMR0_Over_FlowInterruptHandler
                0x0000000000800103        0x2 build/default/production/MCAL_Layer/Timers/mcal_timer0.o

.bss.timer1_preload
                0x0000000000800105        0x2
 .bss.timer1_preload
                0x0000000000800105        0x2 build/default/production/MCAL_Layer/Timers/mcal_timer1.o

.bss.TMR1_Input_Capture_InterruptHandler
                0x0000000000800107        0x2
 .bss.TMR1_Input_Capture_InterruptHandler
                0x0000000000800107        0x2 build/default/production/MCAL_Layer/Timers/mcal_timer1.o

.bss.TMR1_Compare_Match_Unit_B_InterruptHandler
                0x0000000000800109        0x2
 .bss.TMR1_Compare_Match_Unit_B_InterruptHandler
                0x0000000000800109        0x2 build/default/production/MCAL_Layer/Timers/mcal_timer1.o

.bss.TMR1_Over_FlowInterruptHandler
                0x000000000080010b        0x2
 .bss.TMR1_Over_FlowInterruptHandler
                0x000000000080010b        0x2 build/default/production/MCAL_Layer/Timers/mcal_timer1.o

.bss.end_time.3886
                0x000000000080010d        0x2
 .bss.end_time.3886
                0x000000000080010d        0x2 build/default/production/application.o

.bss.start_time.3885
                0x000000000080010f        0x2
 .bss.start_time.3885
                0x000000000080010f        0x2 build/default/production/application.o

.bss.mode.3884  0x000000000080011a        0x1
 .bss.mode.3884
                0x000000000080011a        0x1 build/default/production/application.o

.bss.distance   0x0000000000800111        0x2
 .bss.distance  0x0000000000800111        0x2 build/default/production/application.o
                0x0000000000800111                distance

.bss._time      0x0000000000800113        0x2
 .bss._time     0x0000000000800113        0x2 build/default/production/application.o
                0x0000000000800113                _time

.text.Timer1_Init
                0x0000000000000120      0x836
 .text.Timer1_Init
                0x0000000000000120      0x836 build/default/production/MCAL_Layer/Timers/mcal_timer1.o
                0x0000000000000120                Timer1_Init

.text.xTaskIncrementTick
                0x0000000000000956      0x23e
 .text.xTaskIncrementTick
                0x0000000000000956      0x23e build/default/production/FreeRTOS/tasks.o
                0x0000000000000956                xTaskIncrementTick

.text.lcd_4bit_intialize
                0x0000000000000b94       0xf4
 .text.lcd_4bit_intialize
                0x0000000000000b94       0xf4 build/default/production/HAL_Layer/LCD/hal_lcd.o
                0x0000000000000b94                lcd_4bit_intialize

.text.Timer1_APP_ISR
                0x0000000000000c88       0xf2
 .text.Timer1_APP_ISR
                0x0000000000000c88       0xf2 build/default/production/application.o
                0x0000000000000c88                Timer1_APP_ISR

.text.lcd_4bit_send_uint32
                0x0000000000000d7a       0xd4
 .text.lcd_4bit_send_uint32
                0x0000000000000d7a       0xd4 build/default/production/HAL_Layer/LCD/hal_lcd.o
                0x0000000000000d7a                lcd_4bit_send_uint32

.text.vTaskSwitchContext
                0x0000000000000e4e       0xcc
 .text.vTaskSwitchContext
                0x0000000000000e4e       0xcc build/default/production/FreeRTOS/tasks.o
                0x0000000000000e4e                vTaskSwitchContext

.text.vPortYieldFromTick
                0x0000000000000f1a       0xb8
 .text.vPortYieldFromTick
                0x0000000000000f1a       0xb8 build/default/production/FreeRTOS/port.o
                0x0000000000000f1a                vPortYieldFromTick

.text.dio_pin_direction_intialize
                0x0000000000000fd2       0xae
 .text.dio_pin_direction_intialize
                0x0000000000000fd2       0xae build/default/production/MCAL_Layer/DIO/mcal_dio.o
                0x0000000000000fd2                dio_pin_direction_intialize

.text.dio_set_pin_pull_up
                0x0000000000001080       0xac
 .text.dio_set_pin_pull_up
                0x0000000000001080       0xac build/default/production/MCAL_Layer/DIO/mcal_dio.o
                0x0000000000001080                dio_set_pin_pull_up

.text.Timer1_Input_capture_Change_Sense_Edge
                0x000000000000112c       0xa4
 .text.Timer1_Input_capture_Change_Sense_Edge
                0x000000000000112c       0xa4 build/default/production/MCAL_Layer/Timers/mcal_timer1.o
                0x000000000000112c                Timer1_Input_capture_Change_Sense_Edge

.text.main      0x00000000000011d0       0x96
 .text.main     0x00000000000011d0       0x96 build/default/production/application.o
                0x00000000000011d0                main

.text.dio_pin_write_logic
                0x0000000000001266       0x94
 .text.dio_pin_write_logic
                0x0000000000001266       0x94 build/default/production/MCAL_Layer/DIO/mcal_dio.o
                0x0000000000001266                dio_pin_write_logic

.text.__vector_11
                0x00000000000012fa       0x86
 .text.__vector_11
                0x00000000000012fa       0x86 build/default/production/MCAL_Layer/Timers/mcal_timer0.o
                0x00000000000012fa                __vector_11

.text.keypad_initialize
                0x0000000000001380       0x82
 .text.keypad_initialize
                0x0000000000001380       0x82 build/default/production/HAL_Layer/keypad/hal_keypad.o
                0x0000000000001380                keypad_initialize

.text.__vector_10
                0x0000000000001402       0x80
 .text.__vector_10
                0x0000000000001402       0x80 build/default/production/MCAL_Layer/Timers/mcal_timer0.o
                0x0000000000001402                __vector_10

.text.hal_led_initialize
                0x0000000000001482       0x6a
 .text.hal_led_initialize
                0x0000000000001482       0x6a build/default/production/HAL_Layer/LED/hal_led.o
                0x0000000000001482                hal_led_initialize

.text.lcd_send_4bits
                0x00000000000014ec       0x60
 .text.lcd_send_4bits
                0x00000000000014ec       0x60 build/default/production/HAL_Layer/LCD/hal_lcd.o

.text.__vector_2
                0x000000000000154c       0x58
 .text.__vector_2
                0x000000000000154c       0x58 build/default/production/MCAL_Layer/Interrupt/mcal_external_interrupt.o
                0x000000000000154c                __vector_2

.text.__vector_6
                0x00000000000015a4       0x58
 .text.__vector_6
                0x00000000000015a4       0x58 build/default/production/MCAL_Layer/Timers/mcal_timer1.o
                0x00000000000015a4                __vector_6

.text.__vector_8
                0x00000000000015fc       0x58
 .text.__vector_8
                0x00000000000015fc       0x58 build/default/production/MCAL_Layer/Timers/mcal_timer1.o
                0x00000000000015fc                __vector_8

.text.__vector_9
                0x0000000000001654       0x58
 .text.__vector_9
                0x0000000000001654       0x58 build/default/production/MCAL_Layer/Timers/mcal_timer1.o
                0x0000000000001654                __vector_9

.text.lcd_4bit_send_uint32_pos
                0x00000000000016ac       0x56
 .text.lcd_4bit_send_uint32_pos
                0x00000000000016ac       0x56 build/default/production/HAL_Layer/LCD/hal_lcd.o
                0x00000000000016ac                lcd_4bit_send_uint32_pos

.text.__vector_16
                0x0000000000001702       0x54
 .text.__vector_16
                0x0000000000001702       0x54 build/default/production/MCAL_Layer/ADC/hal_adc.o
                0x0000000000001702                __vector_16

.text.lcd_4bit_send_command
                0x0000000000001756       0x52
 .text.lcd_4bit_send_command
                0x0000000000001756       0x52 build/default/production/HAL_Layer/LCD/hal_lcd.o
                0x0000000000001756                lcd_4bit_send_command

.text.lcd_4bit_send_char_data
                0x00000000000017a8       0x52
 .text.lcd_4bit_send_char_data
                0x00000000000017a8       0x52 build/default/production/HAL_Layer/LCD/hal_lcd.o
                0x00000000000017a8                lcd_4bit_send_char_data

.text.__vector_12
                0x00000000000017fa       0x52
 .text.__vector_12
                0x00000000000017fa       0x52 build/default/production/MCAL_Layer/SPI/mcal_spi.o
                0x00000000000017fa                __vector_12

.text.application_initialize
                0x000000000000184c       0x52
 .text.application_initialize
                0x000000000000184c       0x52 build/default/production/application.o
                0x000000000000184c                application_initialize

.text.libgcc.div
                0x000000000000189e       0x44
 .text.libgcc.div
                0x000000000000189e       0x44 c:/program files/microchip/xc8/v2.36/avr/bin/../lib/gcc/avr/5.4.0/avr5/memx-const\libgcc.a(_udivmodsi4.o)
                0x000000000000189e                __udivmodsi4

.text.lcd_4bit_set_cursor
                0x00000000000018e2       0x42
 .text.lcd_4bit_set_cursor
                0x00000000000018e2       0x42 build/default/production/HAL_Layer/LCD/hal_lcd.o

.text.dio_pin_intialize
                0x0000000000001924       0x40
 .text.dio_pin_intialize
                0x0000000000001924       0x40 build/default/production/MCAL_Layer/DIO/mcal_dio.o
                0x0000000000001924                dio_pin_intialize

.text.prvResetNextTaskUnblockTime
                0x0000000000001964       0x38
 .text.prvResetNextTaskUnblockTime
                0x0000000000001964       0x38 build/default/production/FreeRTOS/tasks.o

.text.lcd_4bit_send_enable_signal
                0x000000000000199c       0x36
 .text.lcd_4bit_send_enable_signal
                0x000000000000199c       0x36 build/default/production/HAL_Layer/LCD/hal_lcd.o

.text.Timer1_Read_Input_Capture_Unit_Value
                0x00000000000019d2       0x22
 .text.Timer1_Read_Input_Capture_Unit_Value
                0x00000000000019d2       0x22 build/default/production/MCAL_Layer/Timers/mcal_timer1.o
                0x00000000000019d2                Timer1_Read_Input_Capture_Unit_Value

.text.libgcc.mul
                0x00000000000019f4       0x1e
 .text.libgcc.mul
                0x00000000000019f4       0x1e c:/program files/microchip/xc8/v2.36/avr/bin/../lib/gcc/avr/5.4.0/avr5/memx-const\libgcc.a(_umulhisi3.o)
                0x00000000000019f4                __umulhisi3

.text.exit      0x0000000000001a12       0x16
 .text.exit     0x0000000000001a12       0x16 c:/program files/microchip/xc8/v2.36/avr/bin/../lib/gcc/avr/5.4.0/../../../../avr/lib/avr5/memx-const\libc.a(exit.o)
                0x0000000000001a12                exit

.text.Timer1_Write_Value
                0x0000000000001a28       0x12
 .text.Timer1_Write_Value
                0x0000000000001a28       0x12 build/default/production/MCAL_Layer/Timers/mcal_timer1.o
                0x0000000000001a28                Timer1_Write_Value

.text.libgcc    0x0000000000001a3a       0x10
 .text.libgcc   0x0000000000001a3a       0x10 c:/program files/microchip/xc8/v2.36/avr/bin/../lib/gcc/avr/5.4.0/avr5/memx-const\libgcc.a(_xload_2.o)
                0x0000000000001a3a                __xload_2

.text.libgcc    0x0000000000001a4a        0xc
 .text.libgcc   0x0000000000001a4a        0xc c:/program files/microchip/xc8/v2.36/avr/bin/../lib/gcc/avr/5.4.0/avr5/memx-const\libgcc.a(_tablejump2.o)
                0x0000000000001a4a                __tablejump2__

.text.__vector_7
                0x0000000000001a56        0x6
 .text.__vector_7
                0x0000000000001a56        0x6 build/default/production/FreeRTOS/port.o
                0x0000000000001a56                __vector_7

.text           0x0000000000001a5c        0x4
 .text          0x0000000000001a5c        0x4 C:/Program Files/Microchip/MPLABX/v6.10/packs/Microchip/ATmega_DFP/3.0.158/xc8/avr/lib/avr5/memx-const/crtatmega32.o
                0x0000000000001a5c                __vector_1
                0x0000000000001a5c                __bad_interrupt
                0x0000000000001a5c                __vector_3
                0x0000000000001a5c                __vector_13
                0x0000000000001a5c                __vector_17
                0x0000000000001a5c                __vector_19
                0x0000000000001a5c                __vector_5
                0x0000000000001a5c                __vector_4
                0x0000000000001a5c                __vector_15
                0x0000000000001a5c                __vector_14
                0x0000000000001a5c                __vector_18
                0x0000000000001a5c                __vector_20

.text._Exit     0x0000000000001a60        0x4
 .text._Exit    0x0000000000001a60        0x4 c:/program files/microchip/xc8/v2.36/avr/bin/../lib/gcc/avr/5.4.0/../../../../avr/lib/avr5/memx-const\libc.a(_Exit.o)
                0x0000000000001a60                _Exit

.text.__dummy_fini
                0x0000000000001a64        0x2
 .text.__dummy_fini
                0x0000000000001a64        0x2 c:/program files/microchip/xc8/v2.36/avr/bin/../lib/gcc/avr/5.4.0/../../../../avr/lib/avr5/memx-const\libc.a(exit.o)
                0x0000000000001a64                _fini

.text.__dummy_funcs_on_exit
                0x0000000000001a66        0x2
 .text.__dummy_funcs_on_exit
                0x0000000000001a66        0x2 c:/program files/microchip/xc8/v2.36/avr/bin/../lib/gcc/avr/5.4.0/../../../../avr/lib/avr5/memx-const\libc.a(exit.o)
                0x0000000000001a66                __funcs_on_exit

.text.__dummy_simulator_exit
                0x0000000000001a68        0x2
 .text.__dummy_simulator_exit
                0x0000000000001a68        0x2 c:/program files/microchip/xc8/v2.36/avr/bin/../lib/gcc/avr/5.4.0/../../../../avr/lib/avr5/memx-const\libc.a(exit.o)
                0x0000000000001a68                __simulator_exit

.data.Timer1    0x00000000008000ba       0x15 load address 0x0000000000001a6a
 .data.Timer1   0x00000000008000ba       0x15 build/default/production/application.o
                0x00000000008000ba                Timer1

.data.port_registers
                0x00000000008000cf        0x8 load address 0x0000000000001a7f
 .data.port_registers
                0x00000000008000cf        0x8 build/default/production/MCAL_Layer/DIO/mcal_dio.o
                0x00000000008000cf                port_registers

.data.ddr_registers
                0x00000000008000d7        0x8 load address 0x0000000000001a87
 .data.ddr_registers
                0x00000000008000d7        0x8 build/default/production/MCAL_Layer/DIO/mcal_dio.o
                0x00000000008000d7                ddr_registers

.data.keypad    0x00000000008000df        0x8 load address 0x0000000000001a8f
 .data.keypad   0x00000000008000df        0x8 build/default/production/application.o
                0x00000000008000df                keypad

.data.lcd       0x00000000008000e7        0x6 load address 0x0000000000001a97
 .data.lcd      0x00000000008000e7        0x6 build/default/production/application.o
                0x00000000008000e7                lcd

.data.Pin_D5    0x000000000080011b        0x1 load address 0x0000000000001a9d
 .data.Pin_D5   0x000000000080011b        0x1 build/default/production/application.o
                0x000000000080011b                Pin_D5

.data.ICP1      0x000000000080011c        0x1 load address 0x0000000000001a9e
 .data.ICP1     0x000000000080011c        0x1 build/default/production/application.o
                0x000000000080011c                ICP1

.data.led1      0x000000000080011d        0x1 load address 0x0000000000001a9f
 .data.led1     0x000000000080011d        0x1 build/default/production/application.o
                0x000000000080011d                led1
